../Core/Src/bms.c:18:24:bq25792_addr8_to_hal	16	static
../Core/Src/bms.c:25:6:BMS_init	16	static
../Core/Src/bms.c:31:6:BMS_read_u8	48	static
../Core/Src/bms.c:43:6:BMS_write_u8	40	static
../Core/Src/bms.c:55:6:BMS_read_u16	56	static
../Core/Src/bms.c:76:6:BMS_write_u16	48	static
../Core/Src/bms.c:93:6:BMS_getBatteryVoltage	16	static
../Core/Src/bms.c:100:6:BMS_getBatteryTemperature	16	static
../Core/Src/bms.c:110:6:BMS_getDieTemperature	16	static
../Core/Src/bms.c:118:6:BMS_getBusCurrent	16	static
../Core/Src/bms.c:125:6:BMS_getBatteryCurrent	16	static
../Core/Src/bms.c:132:6:BMS_getBusVoltage	16	static
../Core/Src/bms.c:139:6:BMS_getSysVoltage	16	static
../Core/Src/bms.c:147:6:BMS_resetWatchdog	16	static
../Core/Src/bms.c:153:6:BMS_readBMS	8	static
../Core/Src/bms.c:172:6:BMS_configureADCs	16	static
../Core/Src/bms.c:195:7:BMS_convertBatteryTemp	40	static
../Core/Src/bms.c:208:7:BMS_convertDieTemp	24	static
../Core/Src/bms.c:214:7:BMS_convertBusCurrent	24	static
../Core/Src/bms.c:220:7:BMS_convertBatteryCurrent	16	static
../Core/Src/bms.c:224:7:BMS_convertBusVoltage	16	static
../Core/Src/bms.c:228:7:BMS_convertSysVoltage	16	static
