../Core/Src/telemetry.c:22:6:TELEMETRY_Init	56	static
../Core/Src/telemetry.c:55:6:uartCMDHandler	24	static
../Core/Src/telemetry.c:79:6:TELEMETRY_CANCMDHandler	24	static
../Core/Src/telemetry.c:114:6:TELEMETRY_sendStartupMessage	88	static
../Core/Src/telemetry.c:133:6:TELEMETRY_sendCANMessage	48	static
../Core/Src/telemetry.c:148:6:TELEMETRY_testCANLoopback	32	static
../Core/Src/telemetry.c:172:6:TELEMETRY_send3V3Telem	16	static
../Core/Src/telemetry.c:183:6:TELEMETRY_send5VTelem	16	static
../Core/Src/telemetry.c:196:6:TELEMETRY_send6VTelem	16	static
../Core/Src/telemetry.c:208:6:TELEMETRY_send12VTelem	16	static
../Core/Src/telemetry.c:219:6:TELEMETRY_sendBattTelem	16	static
../Core/Src/telemetry.c:233:6:TELEMETRY_sendSysTelem	16	static
../Core/Src/telemetry.c:243:6:HAL_UART_RxCpltCallback	16	static
../Core/Src/telemetry.c:277:6:HAL_CAN_RxFifo0MsgPendingCallback	56	static,ignoring_inline_asm
../Core/Src/telemetry.c:296:6:TELEMETRY_printf	144	static
../Core/Src/telemetry.c:317:6:TELEMETRY_updateWatchdog	16	static
