Archive member included to satisfy reference by file (symbol)

C:/ST/STM32CubeIDE_1.19.0/STM32CubeIDE/plugins/com.st.stm32cube.ide.mcu.externaltools.gnu-tools-for-stm32.14.3.rel1.win32_1.0.100.202602081740/tools/bin/../lib/gcc/arm-none-eabi/14.3.1/../../../../arm-none-eabi/lib/thumb/v7e-m+fp/hard\libc_nano.a(libc_a-exit.o)
                              C:/ST/STM32CubeIDE_1.19.0/STM32CubeIDE/plugins/com.st.stm32cube.ide.mcu.externaltools.gnu-tools-for-stm32.14.3.rel1.win32_1.0.100.202602081740/tools/bin/../lib/gcc/arm-none-eabi/14.3.1/../../../../arm-none-eabi/lib/thumb/v7e-m+fp/hard/crt0.o (exit)
C:/ST/STM32CubeIDE_1.19.0/STM32CubeIDE/plugins/com.st.stm32cube.ide.mcu.externaltools.gnu-tools-for-stm32.14.3.rel1.win32_1.0.100.202602081740/tools/bin/../lib/gcc/arm-none-eabi/14.3.1/../../../../arm-none-eabi/lib/thumb/v7e-m+fp/hard\libc_nano.a(libc_a-findfp.o)
                              C:/ST/STM32CubeIDE_1.19.0/STM32CubeIDE/plugins/com.st.stm32cube.ide.mcu.externaltools.gnu-tools-for-stm32.14.3.rel1.win32_1.0.100.202602081740/tools/bin/../lib/gcc/arm-none-eabi/14.3.1/../../../../arm-none-eabi/lib/thumb/v7e-m+fp/hard\libc_nano.a(libc_a-exit.o) (__stdio_exit_handler)
C:/ST/STM32CubeIDE_1.19.0/STM32CubeIDE/plugins/com.st.stm32cube.ide.mcu.externaltools.gnu-tools-for-stm32.14.3.rel1.win32_1.0.100.202602081740/tools/bin/../lib/gcc/arm-none-eabi/14.3.1/../../../../arm-none-eabi/lib/thumb/v7e-m+fp/hard\libc_nano.a(libc_a-fwalk.o)
                              C:/ST/STM32CubeIDE_1.19.0/STM32CubeIDE/plugins/com.st.stm32cube.ide.mcu.externaltools.gnu-tools-for-stm32.14.3.rel1.win32_1.0.100.202602081740/tools/bin/../lib/gcc/arm-none-eabi/14.3.1/../../../../arm-none-eabi/lib/thumb/v7e-m+fp/hard\libc_nano.a(libc_a-findfp.o) (_fwalk_sglue)
C:/ST/STM32CubeIDE_1.19.0/STM32CubeIDE/plugins/com.st.stm32cube.ide.mcu.externaltools.gnu-tools-for-stm32.14.3.rel1.win32_1.0.100.202602081740/tools/bin/../lib/gcc/arm-none-eabi/14.3.1/../../../../arm-none-eabi/lib/thumb/v7e-m+fp/hard\libc_nano.a(libc_a-snprintf.o)
                              ./Core/Src/telemetry.o (snprintf)
C:/ST/STM32CubeIDE_1.19.0/STM32CubeIDE/plugins/com.st.stm32cube.ide.mcu.externaltools.gnu-tools-for-stm32.14.3.rel1.win32_1.0.100.202602081740/tools/bin/../lib/gcc/arm-none-eabi/14.3.1/../../../../arm-none-eabi/lib/thumb/v7e-m+fp/hard\libc_nano.a(libc_a-stdio.o)
                              C:/ST/STM32CubeIDE_1.19.0/STM32CubeIDE/plugins/com.st.stm32cube.ide.mcu.externaltools.gnu-tools-for-stm32.14.3.rel1.win32_1.0.100.202602081740/tools/bin/../lib/gcc/arm-none-eabi/14.3.1/../../../../arm-none-eabi/lib/thumb/v7e-m+fp/hard\libc_nano.a(libc_a-findfp.o) (__sread)
C:/ST/STM32CubeIDE_1.19.0/STM32CubeIDE/plugins/com.st.stm32cube.ide.mcu.externaltools.gnu-tools-for-stm32.14.3.rel1.win32_1.0.100.202602081740/tools/bin/../lib/gcc/arm-none-eabi/14.3.1/../../../../arm-none-eabi/lib/thumb/v7e-m+fp/hard\libc_nano.a(libc_a-vsnprintf.o)
                              ./Core/Src/telemetry.o (vsnprintf)
C:/ST/STM32CubeIDE_1.19.0/STM32CubeIDE/plugins/com.st.stm32cube.ide.mcu.externaltools.gnu-tools-for-stm32.14.3.rel1.win32_1.0.100.202602081740/tools/bin/../lib/gcc/arm-none-eabi/14.3.1/../../../../arm-none-eabi/lib/thumb/v7e-m+fp/hard\libc_nano.a(libc_a-memset.o)
                              C:/ST/STM32CubeIDE_1.19.0/STM32CubeIDE/plugins/com.st.stm32cube.ide.mcu.externaltools.gnu-tools-for-stm32.14.3.rel1.win32_1.0.100.202602081740/tools/bin/../lib/gcc/arm-none-eabi/14.3.1/../../../../arm-none-eabi/lib/thumb/v7e-m+fp/hard/crt0.o (memset)
C:/ST/STM32CubeIDE_1.19.0/STM32CubeIDE/plugins/com.st.stm32cube.ide.mcu.externaltools.gnu-tools-for-stm32.14.3.rel1.win32_1.0.100.202602081740/tools/bin/../lib/gcc/arm-none-eabi/14.3.1/../../../../arm-none-eabi/lib/thumb/v7e-m+fp/hard\libc_nano.a(libc_a-closer.o)
                              C:/ST/STM32CubeIDE_1.19.0/STM32CubeIDE/plugins/com.st.stm32cube.ide.mcu.externaltools.gnu-tools-for-stm32.14.3.rel1.win32_1.0.100.202602081740/tools/bin/../lib/gcc/arm-none-eabi/14.3.1/../../../../arm-none-eabi/lib/thumb/v7e-m+fp/hard\libc_nano.a(libc_a-stdio.o) (_close_r)
C:/ST/STM32CubeIDE_1.19.0/STM32CubeIDE/plugins/com.st.stm32cube.ide.mcu.externaltools.gnu-tools-for-stm32.14.3.rel1.win32_1.0.100.202602081740/tools/bin/../lib/gcc/arm-none-eabi/14.3.1/../../../../arm-none-eabi/lib/thumb/v7e-m+fp/hard\libc_nano.a(libc_a-reent.o)
                              C:/ST/STM32CubeIDE_1.19.0/STM32CubeIDE/plugins/com.st.stm32cube.ide.mcu.externaltools.gnu-tools-for-stm32.14.3.rel1.win32_1.0.100.202602081740/tools/bin/../lib/gcc/arm-none-eabi/14.3.1/../../../../arm-none-eabi/lib/thumb/v7e-m+fp/hard\libc_nano.a(libc_a-closer.o) (errno)
C:/ST/STM32CubeIDE_1.19.0/STM32CubeIDE/plugins/com.st.stm32cube.ide.mcu.externaltools.gnu-tools-for-stm32.14.3.rel1.win32_1.0.100.202602081740/tools/bin/../lib/gcc/arm-none-eabi/14.3.1/../../../../arm-none-eabi/lib/thumb/v7e-m+fp/hard\libc_nano.a(libc_a-impure.o)
[...]
Memory Configuration

Name             Origin             Length             Attributes
CCMRAM           0x10000000         0x00010000         xrw
RAM              0x20000000         0x00030000         xrw
FLASH            0x08000000         0x00100000         xr
*default*        0x00000000         0xffffffff

Linker script and memory map

LOAD C:/ST/STM32CubeIDE_1.19.0/STM32CubeIDE/plugins/com.st.stm32cube.ide.mcu.externaltools.gnu-tools-for-stm32.14.3.rel1.win32_1.0.100.202602081740/tools/bin/../lib/gcc/arm-none-eabi/14.3.1/thumb/v7e-m+fp/hard/crti.o
LOAD C:/ST/STM32CubeIDE_1.19.0/STM32CubeIDE/plugins/com.st.stm32cube.ide.mcu.externaltools.gnu-tools-for-stm32.14.3.rel1.win32_1.0.100.202602081740/tools/bin/../lib/gcc/arm-none-eabi/14.3.1/thumb/v7e-m+fp/hard/crtbegin.o
LOAD C:/ST/STM32CubeIDE_1.19.0/STM32CubeIDE/plugins/com.st.stm32cube.ide.mcu.externaltools.gnu-tools-for-stm32.14.3.rel1.win32_1.0.100.202602081740/tools/bin/../lib/gcc/arm-none-eabi/14.3.1/../../../../arm-none-eabi/lib/thumb/v7e-m+fp/hard/crt0.o
LOAD ./Core/Src/adc.o
LOAD ./Core/Src/analog.o
LOAD ./Core/Src/bms.o
LOAD ./Core/Src/can.o
LOAD ./Core/Src/dma.o
LOAD ./Core/Src/freertos.o
LOAD ./Core/Src/gpio.o
LOAD ./Core/Src/i2c.o
LOAD ./Core/Src/main.o
LOAD ./Core/Src/powerDistribution.o
LOAD ./Core/Src/stm32f4xx_hal_msp.o
LOAD ./Core/Src/stm32f4xx_it.o
LOAD ./Core/Src/syscalls.o
LOAD ./Core/Src/sysmem.o
LOAD ./Core/Src/system_stm32f4xx.o
LOAD ./Core/Src/telemetry.o
LOAD ./Core/Src/tim.o
LOAD ./Core/Src/usart.o
LOAD ./Core/Startup/startup_stm32f427vgtx.o
LOAD ./Drivers/STM32F4xx_HAL_Driver/Src/stm32f4xx_hal.o
LOAD ./Drivers/STM32F4xx_HAL_Driver/Src/stm32f4xx_hal_adc.o
LOAD ./Drivers/STM32F4xx_HAL_Driver/Src/stm32f4xx_hal_adc_ex.o
LOAD ./Drivers/STM32F4xx_HAL_Driver/Src/stm32f4xx_hal_can.o
LOAD ./Drivers/STM32F4xx_HAL_Driver/Src/stm32f4xx_hal_cortex.o
LOAD ./Drivers/STM32F4xx_HAL_Driver/Src/stm32f4xx_hal_dma.o
LOAD ./Drivers/STM32F4xx_HAL_Driver/Src/stm32f4xx_hal_dma_ex.o
LOAD ./Drivers/STM32F4xx_HAL_Driver/Src/stm32f4xx_hal_exti.o
LOAD ./Drivers/STM32F4xx_HAL_Driver/Src/stm32f4xx_hal_flash.o
LOAD ./Drivers/STM32F4xx_HAL_Driver/Src/stm32f4xx_hal_flash_ex.o
LOAD ./Drivers/STM32F4xx_HAL_Driver/Src/stm32f4xx_hal_flash_ramfunc.o
LOAD ./Drivers/STM32F4xx_HAL_Driver/Src/stm32f4xx_hal_gpio.o
LOAD ./Drivers/STM32F4xx_HAL_Driver/Src/stm32f4xx_hal_i2c.o
LOAD ./Drivers/STM32F4xx_HAL_Driver/Src/stm32f4xx_hal_i2c_ex.o
LOAD ./Drivers/STM32F4xx_HAL_Driver/Src/stm32f4xx_hal_pwr.o
LOAD ./Drivers/STM32F4xx_HAL_Driver/Src/stm32f4xx_hal_pwr_ex.o
LOAD ./Drivers/STM32F4xx_HAL_Driver/Src/stm32f4xx_hal_rcc.o
LOAD ./Drivers/STM32F4xx_HAL_Driver/Src/stm32f4xx_hal_rcc_ex.o
LOAD ./Drivers/STM32F4xx_HAL_Driver/Src/stm32f4xx_hal_tim.o
LOAD ./Drivers/STM32F4xx_HAL_Driver/Src/stm32f4xx_hal_tim_ex.o
LOAD ./Drivers/STM32F4xx_HAL_Driver/Src/stm32f4xx_hal_uart.o
LOAD ./Drivers/STM32F4xx_HAL_Driver/Src/stm32f4xx_ll_adc.o
LOAD ./Middlewares/Third_Party/FreeRTOS/Source/CMSIS_RTOS_V2/cmsis_os2.o
LOAD ./Middlewares/Third_Party/FreeRTOS/Source/croutine.o
LOAD ./Middlewares/Third_Party/FreeRTOS/Source/event_groups.o
LOAD ./Middlewares/Third_Party/FreeRTOS/Source/list.o
LOAD ./Middlewares/Third_Party/FreeRTOS/Source/queue.o
LOAD ./Middlewares/Third_Party/FreeRTOS/Source/stream_buffer.o
LOAD ./Middlewares/Third_Party/FreeRTOS/Source/tasks.o
LOAD ./Middlewares/Third_Party/FreeRTOS/Source/timers.o
LOAD ./Middlewares/Third_Party/FreeRTOS/Source/portable/GCC/ARM_CM4F/port.o
LOAD ./Middlewares/Third_Party/FreeRTOS/Source/portable/MemMang/heap_4.o
START GROUP
LOAD C:/ST/STM32CubeIDE_1.19.0/STM32CubeIDE/plugins/com.st.stm32cube.ide.mcu.externaltools.gnu-tools-for-stm32.14.3.rel1.win32_1.0.100.202602081740/tools/bin/../lib/gcc/arm-none-eabi/14.3.1/../../../../arm-none-eabi/lib/thumb/v7e-m+fp/hard\libc_nano.a
LOAD C:/ST/STM32CubeIDE_1.19.0/STM32CubeIDE/plugins/com.st.stm32cube.ide.mcu.externaltools.gnu-tools-for-stm32.14.3.rel1.win32_1.0.100.202602081740/tools/bin/../lib/gcc/arm-none-eabi/14.3.1/../../../../arm-none-eabi/lib/thumb/v7e-m+fp/hard\libm.a
END GROUP
START GROUP
LOAD C:/ST/STM32CubeIDE_1.19.0/STM32CubeIDE/plugins/com.st.stm32cube.ide.mcu.externaltools.gnu-tools-for-stm32.14.3.rel1.win32_1.0.100.202602081740/tools/bin/../lib/gcc/arm-none-eabi/14.3.1/thumb/v7e-m+fp/hard\libgcc.a
LOAD C:/ST/STM32CubeIDE_1.19.0/STM32CubeIDE/plugins/com.st.stm32cube.ide.mcu.externaltools.gnu-tools-for-stm32.14.3.rel1.win32_1.0.100.202602081740/tools/bin/../lib/gcc/arm-none-eabi/14.3.1/../../../../arm-none-eabi/lib/thumb/v7e-m+fp/hard\libc_nano.a
END GROUP
START GROUP
LOAD C:/ST/STM32CubeIDE_1.19.0/STM32CubeIDE/plugins/com.st.stm32cube.ide.mcu.externaltools.gnu-tools-for-stm32.14.3.rel1.win32_1.0.100.202602081740/tools/bin/../lib/gcc/arm-none-eabi/14.3.1/thumb/v7e-m+fp/hard\libgcc.a
LOAD C:/ST/STM32CubeIDE_1.19.0/STM32CubeIDE/plugins/com.st.stm32cube.ide.mcu.externaltools.gnu-tools-for-stm32.14.3.rel1.win32_1.0.100.202602081740/tools/bin/../lib/gcc/arm-none-eabi/14.3.1/../../../../arm-none-eabi/lib/thumb/v7e-m+fp/hard\libc_nano.a
LOAD C:/ST/STM32CubeIDE_1.19.0/STM32CubeIDE/plugins/com.st.stm32cube.ide.mcu.externaltools.gnu-tools-for-stm32.14.3.rel1.win32_1.0.100.202602081740/tools/bin/../lib/gcc/arm-none-eabi/14.3.1/../../../../arm-none-eabi/lib/thumb/v7e-m+fp/hard\libnosys.a
END GROUP
START GROUP
LOAD C:/ST/STM32CubeIDE_1.19.0/STM32CubeIDE/plugins/com.st.stm32cube.ide.mcu.externaltools.gnu-tools-for-stm32.14.3.rel1.win32_1.0.100.202602081740/tools/bin/../lib/gcc/arm-none-eabi/14.3.1/thumb/v7e-m+fp/hard\libgcc.a
LOAD C:/ST/STM32CubeIDE_1.19.0/STM32CubeIDE/plugins/com.st.stm32cube.ide.mcu.externaltools.gnu-tools-for-stm32.14.3.rel1.win32_1.0.100.202602081740/tools/bin/../lib/gcc/arm-none-eabi/14.3.1/../../../../arm-none-eabi/lib/thumb/v7e-m+fp/hard\libc_nano.a
LOAD C:/ST/STM32CubeIDE_1.19.0/STM32CubeIDE/plugins/com.st.stm32cube.ide.mcu.externaltools.gnu-tools-for-stm32.14.3.rel1.win32_1.0.100.202602081740/tools/bin/../lib/gcc/arm-none-eabi/14.3.1/../../../../arm-none-eabi/lib/thumb/v7e-m+fp/hard\libnosys.a
END GROUP
LOAD C:/ST/STM32CubeIDE_1.19.0/STM32CubeIDE/plugins/com.st.stm32cube.ide.mcu.externaltools.gnu-tools-for-stm32.14.3.rel1.win32_1.0.100.202602081740/tools/bin/../lib/gcc/arm-none-eabi/14.3.1/thumb/v7e-m+fp/hard/crtend.o
LOAD C:/ST/STM32CubeIDE_1.19.0/STM32CubeIDE/plugins/com.st.stm32cube.ide.mcu.externaltools.gnu-tools-for-stm32.14.3.rel1.win32_1.0.100.202602081740/tools/bin/../lib/gcc/arm-none-eabi/14.3.1/thumb/v7e-m+fp/hard/crtn.o
                0x20030000                        _estack = (ORIGIN (RAM) + LENGTH (RAM))
                0x00000200                        _Min_Heap_Size = 0x200
                0x00000400                        _Min_Stack_Size = 0x400

.isr_vector     0x08000000      0x1ac
                0x08000000                        . = ALIGN (0x4)
 *(.isr_vector)
 .isr_vector    0x08000000      0x1ac ./Core/Startup/startup_stm32f427vgtx.o
                0x08000000                g_pfnVectors
                0x080001ac                        . = ALIGN (0x4)

.text           0x080001b0     0xb37c
                0x080001b0                        . = ALIGN (0x4)
 *(.text)
 .text          0x080001b0       0x40 C:/ST/STM32CubeIDE_1.19.0/STM32CubeIDE/plugins/com.st.stm32cube.ide.mcu.externaltools.gnu-tools-for-stm32.14.3.rel1.win32_1.0.100.202602081740/tools/bin/../lib/gcc/arm-none-eabi/14.3.1/thumb/v7e-m+fp/hard/crtbegin.o
 .text          0x080001f0       0xa0 C:/ST/STM32CubeIDE_1.19.0/STM32CubeIDE/plugins/com.st.stm32cube.ide.mcu.externaltools.gnu-tools-for-stm32.14.3.rel1.win32_1.0.100.202602081740/tools/bin/../lib/gcc/arm-none-eabi/14.3.1/../../../../arm-none-eabi/lib/thumb/v7e-m+fp/hard\libc_nano.a(libc_a-memchr.o)
                0x080001f0                memchr
 .text          0x08000290       0x30 C:/ST/STM32CubeIDE_1.19.0/STM32CubeIDE/plugins/com.st.stm32cube.ide.mcu.externaltools.gnu-tools-for-stm32.14.3.rel1.win32_1.0.100.202602081740/tools/bin/../lib/gcc/arm-none-eabi/14.3.1/thumb/v7e-m+fp/hard\libgcc.a(_aeabi_uldivmod.o)
                0x08000290                __aeabi_uldivmod
 .text          0x080002c0      0x2f8 C:/ST/STM32CubeIDE_1.19.0/STM32CubeIDE/plugins/com.st.stm32cube.ide.mcu.externaltools.gnu-tools-for-stm32.14.3.rel1.win32_1.0.100.202602081740/tools/bin/../lib/gcc/arm-none-eabi/14.3.1/thumb/v7e-m+fp/hard\libgcc.a(_udivmoddi4.o)
                0x080002c0                __udivmoddi4
 .text          0x080005b8        0x4 C:/ST/STM32CubeIDE_1.19.0/STM32CubeIDE/plugins/com.st.stm32cube.ide.mcu.externaltools.gnu-tools-for-stm32.14.3.rel1.win32_1.0.100.202602081740/tools/bin/../lib/gcc/arm-none-eabi/14.3.1/thumb/v7e-m+fp/hard\libgcc.a(_dvmd_tls.o)
                0x080005b8                __aeabi_idiv0
                0x080005b8                __aeabi_ldiv0
 *(.text*)
 .text.MX_ADC1_Init
                0x080005bc      0x21c ./Core/Src/adc.o
                0x080005bc                MX_ADC1_Init
 .text.HAL_ADC_MspInit
                0x080007d8      0x160 ./Core/Src/adc.o
                0x080007d8                HAL_ADC_MspInit
 .text.ANALOG_Init
                0x08000938       0x38 ./Core/Src/analog.o
                0x08000938                ANALOG_Init
 .text.ANALOG_startScan
                0x08000970       0x30 ./Core/Src/analog.o
                0x08000970                ANALOG_startScan
 .text.ANALOG_process
                0x080009a0       0x9c ./Core/Src/analog.o
                0x080009a0                ANALOG_process
 .text.ANALOG_convertTemp
                0x08000a3c       0xc8 ./Core/Src/analog.o
                0x08000a3c                ANALOG_convertTemp
 .text.BMS_addr8_to_hal
                0x08000b04       0x1e ./Core/Src/bms.o
 *fill*         0x08000b22        0x2 
 .text.BMS_init
                0x08000b24       0x20 ./Core/Src/bms.o
                0x08000b24                BMS_init
 .text.BMS_read_u16
                0x08000b44       0x66 ./Core/Src/bms.o
                0x08000b44                BMS_read_u16
 *fill*         0x08000baa        0x2 
 .text.BMS_readBMS
                0x08000bac       0x98 ./Core/Src/bms.o
                0x08000bac                BMS_readBMS
 .text.BMS_UnpackmVbit
                0x08000c44       0x22 ./Core/Src/bms.o
                0x08000c44                BMS_UnpackmVbit
 .text.BMS_UnpackmAbit
                0x08000c66       0x22 ./Core/Src/bms.o
                0x08000c66                BMS_UnpackmAbit
 .text.BMS_UnpackSignedmAbit
                0x08000c88       0x22 ./Core/Src/bms.o
                0x08000c88                BMS_UnpackSignedmAbit
 .text.BMS_UnpackCelsiusbit
                0x08000caa       0x22 ./Core/Src/bms.o
                0x08000caa                BMS_UnpackCelsiusbit
 .text.MX_CAN2_Init
                0x08000ccc       0x6c ./Core/Src/can.o
                0x08000ccc                MX_CAN2_Init
 .text.HAL_CAN_MspInit
                0x08000d38       0xe0 ./Core/Src/can.o
                0x08000d38                HAL_CAN_MspInit
 .text.MX_DMA_Init
                0x08000e18       0x40 ./Core/Src/dma.o
                0x08000e18                MX_DMA_Init
 .text.MX_FREERTOS_Init
                0x08000e58       0xcc ./Core/Src/freertos.o
                0x08000e58                MX_FREERTOS_Init
 .text.StartDefaultTask
                0x08000f24       0x54 ./Core/Src/freertos.o
                0x08000f24                StartDefaultTask
 .text.distributionTask
                0x08000f78      0x120 ./Core/Src/freertos.o
                0x08000f78                distributionTask
 .text.telemetryTask
                0x08001098       0x3c ./Core/Src/freertos.o
                0x08001098                telemetryTask
 .text.heaterTask
                0x080010d4       0x10 ./Core/Src/freertos.o
                0x080010d4                heaterTask
 .text.BMSTask  0x080010e4       0x18 ./Core/Src/freertos.o
                0x080010e4                BMSTask
 .text.commandTask
                0x080010fc       0x34 ./Core/Src/freertos.o
                0x080010fc                commandTask
 .text.analogTask
                0x08001130       0x26 ./Core/Src/freertos.o
                0x08001130                analogTask
 *fill*         0x08001156        0x2 
 .text.HAL_ADC_ConvCpltCallback
                0x08001158       0x30 ./Core/Src/freertos.o
                0x08001158                HAL_ADC_ConvCpltCallback
 .text.MX_GPIO_Init
                0x08001188      0x268 ./Core/Src/gpio.o
                0x08001188                MX_GPIO_Init
 .text.MX_I2C1_Init
                0x080013f0       0x80 ./Core/Src/i2c.o
                0x080013f0                MX_I2C1_Init
 .text.HAL_I2C_MspInit
                0x08001470       0x90 ./Core/Src/i2c.o
                0x08001470                HAL_I2C_MspInit
 .text.main     0x08001500       0x78 ./Core/Src/main.o
                0x08001500                main
 .text.SystemClock_Config
                0x08001578       0xc0 ./Core/Src/main.o
                0x08001578                SystemClock_Config
 .text.Error_Handler
                0x08001638        0xc ./Core/Src/main.o
                0x08001638                Error_Handler
 .text.DISTRIBUTION_Init
                0x08001644       0x30 ./Core/Src/powerDistribution.o
                0x08001644                DISTRIBUTION_Init
 .text.DISTRIBUTION_DisableAlleFuses
                0x08001674       0x58 ./Core/Src/powerDistribution.o
                0x08001674                DISTRIBUTION_DisableAlleFuses
 .text.DISTRIBUTION_DisableConverters
                0x080016cc       0x34 ./Core/Src/powerDistribution.o
                0x080016cc                DISTRIBUTION_DisableConverters
 .text.DISTRIBUTION_UpdateState
                0x08001700       0x48 ./Core/Src/powerDistribution.o
                0x08001700                DISTRIBUTION_UpdateState
 .text.DISTRIBUTION_ApplyeFuseCommands
                0x08001748       0xc0 ./Core/Src/powerDistribution.o
                0x08001748                DISTRIBUTION_ApplyeFuseCommands
 .text.HAL_MspInit
                0x08001808       0x58 ./Core/Src/stm32f4xx_hal_msp.o
                0x08001808                HAL_MspInit
 .text.NMI_Handler
                0x08001860        0x8 ./Core/Src/stm32f4xx_it.o
                0x08001860                NMI_Handler
 .text.HardFault_Handler
                0x08001868        0x8 ./Core/Src/stm32f4xx_it.o
                0x08001868                HardFault_Handler
 .text.MemManage_Handler
                0x08001870        0x8 ./Core/Src/stm32f4xx_it.o
                0x08001870                MemManage_Handler
 .text.BusFault_Handler
                0x08001878        0x8 ./Core/Src/stm32f4xx_it.o
                0x08001878                BusFault_Handler
 .text.UsageFault_Handler
                0x08001880        0x8 ./Core/Src/stm32f4xx_it.o
                0x08001880                UsageFault_Handler
 .text.DebugMon_Handler
                0x08001888        0xe ./Core/Src/stm32f4xx_it.o
                0x08001888                DebugMon_Handler
 .text.SysTick_Handler
                0x08001896       0x1a ./Core/Src/stm32f4xx_it.o
                0x08001896                SysTick_Handler
 .text.UART4_IRQHandler
                0x080018b0       0x14 ./Core/Src/stm32f4xx_it.o
                0x080018b0                UART4_IRQHandler
 .text.DMA2_Stream0_IRQHandler
                0x080018c4       0x14 ./Core/Src/stm32f4xx_it.o
                0x080018c4                DMA2_Stream0_IRQHandler
 .text.CAN2_RX0_IRQHandler
                0x080018d8       0x14 ./Core/Src/stm32f4xx_it.o
                0x080018d8                CAN2_RX0_IRQHandler
 .text._sbrk    0x080018ec       0x6c ./Core/Src/sysmem.o
                0x080018ec                _sbrk
 .text.SystemInit
                0x08001958       0x24 ./Core/Src/system_stm32f4xx.o
                0x08001958                SystemInit
 .text.TELEMETRY_Init
                0x0800197c       0xa0 ./Core/Src/telemetry.o
                0x0800197c                TELEMETRY_Init
 .text.TELEMETRY_CANCMDHandler
                0x08001a1c       0x78 ./Core/Src/telemetry.o
                0x08001a1c                TELEMETRY_CANCMDHandler
 .text.TELEMETRY_sendStartupMessage
                0x08001a94       0x40 ./Core/Src/telemetry.o
                0x08001a94                TELEMETRY_sendStartupMessage
 .text.TELEMETRY_sendCANMessage
                0x08001ad4       0x60 ./Core/Src/telemetry.o
                0x08001ad4                TELEMETRY_sendCANMessage
 .text.TELEMETRY_send3V3Telem
                0x08001b34       0x64 ./Core/Src/telemetry.o
                0x08001b34                TELEMETRY_send3V3Telem
 .text.TELEMETRY_send5VTelem
                0x08001b98       0x64 ./Core/Src/telemetry.o
                0x08001b98                TELEMETRY_send5VTelem
 .text.TELEMETRY_send6VTelem
                0x08001bfc       0x58 ./Core/Src/telemetry.o
                0x08001bfc                TELEMETRY_send6VTelem
 .text.TELEMETRY_send12VTelem
                0x08001c54       0x64 ./Core/Src/telemetry.o
                0x08001c54                TELEMETRY_send12VTelem
 .text.TELEMETRY_sendBattTelem
                0x08001cb8       0x7c ./Core/Src/telemetry.o
                0x08001cb8                TELEMETRY_sendBattTelem
 .text.TELEMETRY_sendMPPTTelem
                0x08001d34       0x78 ./Core/Src/telemetry.o
                0x08001d34                TELEMETRY_sendMPPTTelem
 .text.TELEMETRY_sendSysTelem
                0x08001dac       0x40 ./Core/Src/telemetry.o
                0x08001dac                TELEMETRY_sendSysTelem
 .text.HAL_UART_RxCpltCallback
                0x08001dec       0xa8 ./Core/Src/telemetry.o
                0x08001dec                HAL_UART_RxCpltCallback
 .text.HAL_CAN_RxFifo0MsgPendingCallback
                0x08001e94       0x60 ./Core/Src/telemetry.o
                0x08001e94                HAL_CAN_RxFifo0MsgPendingCallback
 .text.TELEMETRY_printf
                0x08001ef4       0x5c ./Core/Src/telemetry.o
                0x08001ef4                TELEMETRY_printf
 .text.TELEMETRY_updateWatchdog
                0x08001f50       0x4c ./Core/Src/telemetry.o
                0x08001f50                TELEMETRY_updateWatchdog
 .text.MX_TIM2_Init
                0x08001f9c       0xe4 ./Core/Src/tim.o
                0x08001f9c                MX_TIM2_Init
 .text.HAL_TIM_Base_MspInit
                0x08002080       0x40 ./Core/Src/tim.o
                0x08002080                HAL_TIM_Base_MspInit
 .text.MX_UART4_Init
                0x080020c0       0x54 ./Core/Src/usart.o
                0x080020c0                MX_UART4_Init
 .text.MX_UART7_Init
                0x08002114       0x54 ./Core/Src/usart.o
                0x08002114                MX_UART7_Init
 .text.HAL_UART_MspInit
                0x08002168      0x110 ./Core/Src/usart.o
                0x08002168                HAL_UART_MspInit
 .text.Reset_Handler
                0x08002278       0x50 ./Core/Startup/startup_stm32f427vgtx.o
                0x08002278                Reset_Handler
 .text.Default_Handler
                0x080022c8        0x2 ./Core/Startup/startup_stm32f427vgtx.o
                0x080022c8                RTC_Alarm_IRQHandler
                0x080022c8                HASH_RNG_IRQHandler
                0x080022c8                EXTI2_IRQHandler
                0x080022c8                TIM8_CC_IRQHandler
                0x080022c8                UART8_IRQHandler
                0x080022c8                SPI4_IRQHandler
                0x080022c8                TIM1_CC_IRQHandler
                0x080022c8                DMA2_Stream5_IRQHandler
                0x080022c8                DMA1_Stream5_IRQHandler
                0x080022c8                PVD_IRQHandler
                0x080022c8                SDIO_IRQHandler
                0x080022c8                TAMP_STAMP_IRQHandler
                0x080022c8                CAN2_RX1_IRQHandler
                0x080022c8                EXTI3_IRQHandler
                0x080022c8                TIM8_TRG_COM_TIM14_IRQHandler
                0x080022c8                TIM1_UP_TIM10_IRQHandler
                0x080022c8                TIM8_UP_TIM13_IRQHandler
                0x080022c8                I2C3_ER_IRQHandler
                0x080022c8                EXTI0_IRQHandler
                0x080022c8                I2C2_EV_IRQHandler
                0x080022c8                DMA1_Stream2_IRQHandler
                0x080022c8                CAN1_RX0_IRQHandler
                0x080022c8                FPU_IRQHandler
                0x080022c8                OTG_HS_WKUP_IRQHandler
                0x080022c8                CAN2_SCE_IRQHandler
                0x080022c8                DMA2_Stream2_IRQHandler
                0x080022c8                SPI1_IRQHandler
                0x080022c8                TIM6_DAC_IRQHandler
                0x080022c8                TIM1_BRK_TIM9_IRQHandler
                0x080022c8                DCMI_IRQHandler
                0x080022c8                DMA2_Stream3_IRQHandler
                0x080022c8                USART6_IRQHandler
                0x080022c8                USART3_IRQHandler
                0x080022c8                CAN1_RX1_IRQHandler
                0x080022c8                UART5_IRQHandler
                0x080022c8                TIM4_IRQHandler
                0x080022c8                I2C1_EV_IRQHandler
                0x080022c8                DMA1_Stream6_IRQHandler
                0x080022c8                DMA1_Stream1_IRQHandler
                0x080022c8                TIM3_IRQHandler
                0x080022c8                RCC_IRQHandler
                0x080022c8                TIM8_BRK_TIM12_IRQHandler
                0x080022c8                Default_Handler
                0x080022c8                EXTI15_10_IRQHandler
                0x080022c8                ADC_IRQHandler
                0x080022c8                DMA1_Stream7_IRQHandler
                0x080022c8                SPI5_IRQHandler
                0x080022c8                TIM7_IRQHandler
                0x080022c8                CAN2_TX_IRQHandler
                0x080022c8                TIM5_IRQHandler
                0x080022c8                DMA2_Stream7_IRQHandler
                0x080022c8                I2C3_EV_IRQHandler
                0x080022c8                EXTI9_5_IRQHandler
                0x080022c8                RTC_WKUP_IRQHandler
                0x080022c8                ETH_WKUP_IRQHandler
                0x080022c8                SPI2_IRQHandler
                0x080022c8                OTG_HS_EP1_IN_IRQHandler
                0x080022c8                DMA1_Stream0_IRQHandler
                0x080022c8                CAN1_TX_IRQHandler
                0x080022c8                EXTI4_IRQHandler
                0x080022c8                ETH_IRQHandler
                0x080022c8                OTG_HS_EP1_OUT_IRQHandler
                0x080022c8                WWDG_IRQHandler
                0x080022c8                SPI6_IRQHandler
                0x080022c8                TIM2_IRQHandler
                0x080022c8                OTG_FS_WKUP_IRQHandler
                0x080022c8                TIM1_TRG_COM_TIM11_IRQHandler
                0x080022c8                OTG_HS_IRQHandler
                0x080022c8                DMA2D_IRQHandler
                0x080022c8                EXTI1_IRQHandler
                0x080022c8                UART7_IRQHandler
                0x080022c8                USART2_IRQHandler
                0x080022c8                I2C2_ER_IRQHandler
                0x080022c8                DMA2_Stream1_IRQHandler
                0x080022c8                CAN1_SCE_IRQHandler
                0x080022c8                FLASH_IRQHandler
                0x080022c8                DMA2_Stream4_IRQHandler
                0x080022c8                USART1_IRQHandler
                0x080022c8                OTG_FS_IRQHandler
                0x080022c8                SPI3_IRQHandler
                0x080022c8                DMA1_Stream4_IRQHandler
                0x080022c8                I2C1_ER_IRQHandler
                0x080022c8                FMC_IRQHandler
                0x080022c8                DMA2_Stream6_IRQHandler
                0x080022c8                SAI1_IRQHandler
                0x080022c8                DMA1_Stream3_IRQHandler
 *fill*         0x080022ca        0x2 
 .text.HAL_Init
                0x080022cc       0x44 ./Drivers/STM32F4xx_HAL_Driver/Src/stm32f4xx_hal.o
                0x080022cc                HAL_Init
 .text.HAL_InitTick
                0x08002310       0x60 ./Drivers/STM32F4xx_HAL_Driver/Src/stm32f4xx_hal.o
                0x08002310                HAL_InitTick
 .text.HAL_IncTick
                0x08002370       0x28 ./Drivers/STM32F4xx_HAL_Driver/Src/stm32f4xx_hal.o
                0x08002370                HAL_IncTick
 .text.HAL_GetTick
                0x08002398       0x18 ./Drivers/STM32F4xx_HAL_Driver/Src/stm32f4xx_hal.o
                0x08002398                HAL_GetTick
 .text.HAL_Delay
                0x080023b0       0x48 ./Drivers/STM32F4xx_HAL_Driver/Src/stm32f4xx_hal.o
                0x080023b0                HAL_Delay
 .text.HAL_ADC_Init
                0x080023f8       0x86 ./Drivers/STM32F4xx_HAL_Driver/Src/stm32f4xx_hal_adc.o
                0x080023f8                HAL_ADC_Init
 *fill*         0x0800247e        0x2 
 .text.HAL_ADC_Start_DMA
                0x08002480      0x228 ./Drivers/STM32F4xx_HAL_Driver/Src/stm32f4xx_hal_adc.o
                0x08002480                HAL_ADC_Start_DMA
 .text.HAL_ADC_ConvHalfCpltCallback
                0x080026a8       0x14 ./Drivers/STM32F4xx_HAL_Driver/Src/stm32f4xx_hal_adc.o
                0x080026a8                HAL_ADC_ConvHalfCpltCallback
 .text.HAL_ADC_ErrorCallback
                0x080026bc       0x14 ./Drivers/STM32F4xx_HAL_Driver/Src/stm32f4xx_hal_adc.o
                0x080026bc                HAL_ADC_ErrorCallback
 .text.HAL_ADC_ConfigChannel
                0x080026d0      0x264 ./Drivers/STM32F4xx_HAL_Driver/Src/stm32f4xx_hal_adc.o
                0x080026d0                HAL_ADC_ConfigChannel
 .text.ADC_Init
                0x08002934      0x1f8 ./Drivers/STM32F4xx_HAL_Driver/Src/stm32f4xx_hal_adc.o
 .text.ADC_DMAConvCplt
                0x08002b2c       0xba ./Drivers/STM32F4xx_HAL_Driver/Src/stm32f4xx_hal_adc.o
 .text.ADC_DMAHalfConvCplt
                0x08002be6       0x1c ./Drivers/STM32F4xx_HAL_Driver/Src/stm32f4xx_hal_adc.o
 .text.ADC_DMAError
                0x08002c02       0x2e ./Drivers/STM32F4xx_HAL_Driver/Src/stm32f4xx_hal_adc.o
 .text.HAL_CAN_Init
                0x08002c30      0x1f6 ./Drivers/STM32F4xx_HAL_Driver/Src/stm32f4xx_hal_can.o
                0x08002c30                HAL_CAN_Init
 *fill*         0x08002e26        0x2 
 .text.HAL_CAN_ConfigFilter
                0x08002e28      0x1bc ./Drivers/STM32F4xx_HAL_Driver/Src/stm32f4xx_hal_can.o
                0x08002e28                HAL_CAN_ConfigFilter
 .text.HAL_CAN_Start
                0x08002fe4       0x88 ./Drivers/STM32F4xx_HAL_Driver/Src/stm32f4xx_hal_can.o
                0x08002fe4                HAL_CAN_Start
 .text.HAL_CAN_AddTxMessage
                0x0800306c      0x1a0 ./Drivers/STM32F4xx_HAL_Driver/Src/stm32f4xx_hal_can.o
                0x0800306c                HAL_CAN_AddTxMessage
 .text.HAL_CAN_GetTxMailboxesFreeLevel
                0x0800320c       0x6a ./Drivers/STM32F4xx_HAL_Driver/Src/stm32f4xx_hal_can.o
                0x0800320c                HAL_CAN_GetTxMailboxesFreeLevel
 .text.HAL_CAN_GetRxMessage
                0x08003276      0x244 ./Drivers/STM32F4xx_HAL_Driver/Src/stm32f4xx_hal_can.o
                0x08003276                HAL_CAN_GetRxMessage
 .text.HAL_CAN_ActivateNotification
                0x080034ba       0x4c ./Drivers/STM32F4xx_HAL_Driver/Src/stm32f4xx_hal_can.o
                0x080034ba                HAL_CAN_ActivateNotification
 .text.HAL_CAN_IRQHandler
                0x08003506      0x36e ./Drivers/STM32F4xx_HAL_Driver/Src/stm32f4xx_hal_can.o
                0x08003506                HAL_CAN_IRQHandler
 .text.HAL_CAN_TxMailbox0CompleteCallback
                0x08003874       0x14 ./Drivers/STM32F4xx_HAL_Driver/Src/stm32f4xx_hal_can.o
                0x08003874                HAL_CAN_TxMailbox0CompleteCallback
 .text.HAL_CAN_TxMailbox1CompleteCallback
                0x08003888       0x14 ./Drivers/STM32F4xx_HAL_Driver/Src/stm32f4xx_hal_can.o
                0x08003888                HAL_CAN_TxMailbox1CompleteCallback
 .text.HAL_CAN_TxMailbox2CompleteCallback
                0x0800389c       0x14 ./Drivers/STM32F4xx_HAL_Driver/Src/stm32f4xx_hal_can.o
                0x0800389c                HAL_CAN_TxMailbox2CompleteCallback
 .text.HAL_CAN_TxMailbox0AbortCallback
                0x080038b0       0x14 ./Drivers/STM32F4xx_HAL_Driver/Src/stm32f4xx_hal_can.o
                0x080038b0                HAL_CAN_TxMailbox0AbortCallback
 .text.HAL_CAN_TxMailbox1AbortCallback
                0x080038c4       0x14 ./Drivers/STM32F4xx_HAL_Driver/Src/stm32f4xx_hal_can.o
                0x080038c4                HAL_CAN_TxMailbox1AbortCallback
 .text.HAL_CAN_TxMailbox2AbortCallback
                0x080038d8       0x14 ./Drivers/STM32F4xx_HAL_Driver/Src/stm32f4xx_hal_can.o
                0x080038d8                HAL_CAN_TxMailbox2AbortCallback
 .text.HAL_CAN_RxFifo0FullCallback
                0x080038ec       0x14 ./Drivers/STM32F4xx_HAL_Driver/Src/stm32f4xx_hal_can.o
                0x080038ec                HAL_CAN_RxFifo0FullCallback
 .text.HAL_CAN_RxFifo1MsgPendingCallback
                0x08003900       0x14 ./Drivers/STM32F4xx_HAL_Driver/Src/stm32f4xx_hal_can.o
                0x08003900                HAL_CAN_RxFifo1MsgPendingCallback
 .text.HAL_CAN_RxFifo1FullCallback
                0x08003914       0x14 ./Drivers/STM32F4xx_HAL_Driver/Src/stm32f4xx_hal_can.o
                0x08003914                HAL_CAN_RxFifo1FullCallback
 .text.HAL_CAN_SleepCallback
                0x08003928       0x14 ./Drivers/STM32F4xx_HAL_Driver/Src/stm32f4xx_hal_can.o
                0x08003928                HAL_CAN_SleepCallback
 .text.HAL_CAN_WakeUpFromRxMsgCallback
                0x0800393c       0x14 ./Drivers/STM32F4xx_HAL_Driver/Src/stm32f4xx_hal_can.o
                0x0800393c                HAL_CAN_WakeUpFromRxMsgCallback
 .text.HAL_CAN_ErrorCallback
                0x08003950       0x14 ./Drivers/STM32F4xx_HAL_Driver/Src/stm32f4xx_hal_can.o
                0x08003950                HAL_CAN_ErrorCallback
 .text.__NVIC_SetPriorityGrouping
                0x08003964       0x48 ./Drivers/STM32F4xx_HAL_Driver/Src/stm32f4xx_hal_cortex.o
 .text.__NVIC_GetPriorityGrouping
                0x080039ac       0x1c ./Drivers/STM32F4xx_HAL_Driver/Src/stm32f4xx_hal_cortex.o
 .text.__NVIC_EnableIRQ
                0x080039c8       0x3c ./Drivers/STM32F4xx_HAL_Driver/Src/stm32f4xx_hal_cortex.o
 .text.__NVIC_SetPriority
                0x08003a04       0x54 ./Drivers/STM32F4xx_HAL_Driver/Src/stm32f4xx_hal_cortex.o
 .text.NVIC_EncodePriority
                0x08003a58       0x66 ./Drivers/STM32F4xx_HAL_Driver/Src/stm32f4xx_hal_cortex.o
 *fill*         0x08003abe        0x2 
 .text.SysTick_Config
                0x08003ac0       0x44 ./Drivers/STM32F4xx_HAL_Driver/Src/stm32f4xx_hal_cortex.o
 .text.HAL_NVIC_SetPriorityGrouping
                0x08003b04       0x16 ./Drivers/STM32F4xx_HAL_Driver/Src/stm32f4xx_hal_cortex.o
                0x08003b04                HAL_NVIC_SetPriorityGrouping
 .text.HAL_NVIC_SetPriority
                0x08003b1a       0x38 ./Drivers/STM32F4xx_HAL_Driver/Src/stm32f4xx_hal_cortex.o
                0x08003b1a                HAL_NVIC_SetPriority
 .text.HAL_NVIC_EnableIRQ
                0x08003b52       0x1c ./Drivers/STM32F4xx_HAL_Driver/Src/stm32f4xx_hal_cortex.o
                0x08003b52                HAL_NVIC_EnableIRQ
 .text.HAL_SYSTICK_Config
                0x08003b6e       0x18 ./Drivers/STM32F4xx_HAL_Driver/Src/stm32f4xx_hal_cortex.o
                0x08003b6e                HAL_SYSTICK_Config
 *fill*         0x08003b86        0x2 
 .text.HAL_DMA_Init
                0x08003b88      0x15c ./Drivers/STM32F4xx_HAL_Driver/Src/stm32f4xx_hal_dma.o
                0x08003b88                HAL_DMA_Init
 .text.HAL_DMA_Start_IT
                0x08003ce4       0xb0 ./Drivers/STM32F4xx_HAL_Driver/Src/stm32f4xx_hal_dma.o
                0x08003ce4                HAL_DMA_Start_IT
 .text.HAL_DMA_Abort
                0x08003d94       0xe0 ./Drivers/STM32F4xx_HAL_Driver/Src/stm32f4xx_hal_dma.o
                0x08003d94                HAL_DMA_Abort
 .text.HAL_DMA_Abort_IT
                0x08003e74       0x44 ./Drivers/STM32F4xx_HAL_Driver/Src/stm32f4xx_hal_dma.o
                0x08003e74                HAL_DMA_Abort_IT
 .text.HAL_DMA_IRQHandler
                0x08003eb8      0x314 ./Drivers/STM32F4xx_HAL_Driver/Src/stm32f4xx_hal_dma.o
                0x08003eb8                HAL_DMA_IRQHandler
 .text.DMA_SetConfig
                0x080041cc       0x5c ./Drivers/STM32F4xx_HAL_Driver/Src/stm32f4xx_hal_dma.o
 .text.DMA_CalcBaseAndBitshift
                0x08004228       0x6c ./Drivers/STM32F4xx_HAL_Driver/Src/stm32f4xx_hal_dma.o
 .text.DMA_CheckFifoParam
                0x08004294       0xf8 ./Drivers/STM32F4xx_HAL_Driver/Src/stm32f4xx_hal_dma.o
 .text.HAL_GPIO_Init
                0x0800438c      0x358 ./Drivers/STM32F4xx_HAL_Driver/Src/stm32f4xx_hal_gpio.o
                0x0800438c                HAL_GPIO_Init
 .text.HAL_GPIO_WritePin
                0x080046e4       0x32 ./Drivers/STM32F4xx_HAL_Driver/Src/stm32f4xx_hal_gpio.o
                0x080046e4                HAL_GPIO_WritePin
 *fill*         0x08004716        0x2 
 .text.HAL_I2C_Init
                0x08004718      0x288 ./Drivers/STM32F4xx_HAL_Driver/Src/stm32f4xx_hal_i2c.o
                0x08004718                HAL_I2C_Init
 .text.HAL_I2C_Mem_Read
                0x080049a0      0x464 ./Drivers/STM32F4xx_HAL_Driver/Src/stm32f4xx_hal_i2c.o
                0x080049a0                HAL_I2C_Mem_Read
 .text.I2C_RequestMemoryRead
                0x08004e04      0x1d0 ./Drivers/STM32F4xx_HAL_Driver/Src/stm32f4xx_hal_i2c.o
 .text.I2C_WaitOnFlagUntilTimeout
                0x08004fd4       0xf4 ./Drivers/STM32F4xx_HAL_Driver/Src/stm32f4xx_hal_i2c.o
 .text.I2C_WaitOnMasterAddressFlagUntilTimeout
                0x080050c8      0x140 ./Drivers/STM32F4xx_HAL_Driver/Src/stm32f4xx_hal_i2c.o
 .text.I2C_WaitOnTXEFlagUntilTimeout
                0x08005208       0x90 ./Drivers/STM32F4xx_HAL_Driver/Src/stm32f4xx_hal_i2c.o
 .text.I2C_WaitOnRXNEFlagUntilTimeout
                0x08005298       0xba ./Drivers/STM32F4xx_HAL_Driver/Src/stm32f4xx_hal_i2c.o
 .text.I2C_IsAcknowledgeFailed
                0x08005352       0x5e ./Drivers/STM32F4xx_HAL_Driver/Src/stm32f4xx_hal_i2c.o
 .text.HAL_I2CEx_ConfigAnalogFilter
                0x080053b0       0x78 ./Drivers/STM32F4xx_HAL_Driver/Src/stm32f4xx_hal_i2c_ex.o
                0x080053b0                HAL_I2CEx_ConfigAnalogFilter
 .text.HAL_I2CEx_ConfigDigitalFilter
                0x08005428       0x7e ./Drivers/STM32F4xx_HAL_Driver/Src/stm32f4xx_hal_i2c_ex.o
                0x08005428                HAL_I2CEx_ConfigDigitalFilter
 *fill*         0x080054a6        0x2 
 .text.HAL_RCC_OscConfig
                0x080054a8      0x4f0 ./Drivers/STM32F4xx_HAL_Driver/Src/stm32f4xx_hal_rcc.o
                0x080054a8                HAL_RCC_OscConfig
 .text.HAL_RCC_ClockConfig
                0x08005998      0x1cc ./Drivers/STM32F4xx_HAL_Driver/Src/stm32f4xx_hal_rcc.o
                0x08005998                HAL_RCC_ClockConfig
 .text.HAL_RCC_GetSysClockFreq
                0x08005b64      0x188 ./Drivers/STM32F4xx_HAL_Driver/Src/stm32f4xx_hal_rcc.o
                0x08005b64                HAL_RCC_GetSysClockFreq
 .text.HAL_RCC_GetHCLKFreq
                0x08005cec       0x18 ./Drivers/STM32F4xx_HAL_Driver/Src/stm32f4xx_hal_rcc.o
                0x08005cec                HAL_RCC_GetHCLKFreq
 .text.HAL_RCC_GetPCLK1Freq
                0x08005d04       0x28 ./Drivers/STM32F4xx_HAL_Driver/Src/stm32f4xx_hal_rcc.o
                0x08005d04                HAL_RCC_GetPCLK1Freq
 .text.HAL_RCC_GetPCLK2Freq
                0x08005d2c       0x28 ./Drivers/STM32F4xx_HAL_Driver/Src/stm32f4xx_hal_rcc.o
                0x08005d2c                HAL_RCC_GetPCLK2Freq
 .text.HAL_TIM_Base_Init
                0x08005d54       0x9e ./Drivers/STM32F4xx_HAL_Driver/Src/stm32f4xx_hal_tim.o
                0x08005d54                HAL_TIM_Base_Init
 *fill*         0x08005df2        0x2 
 .text.HAL_TIM_Base_Start
                0x08005df4       0xd0 ./Drivers/STM32F4xx_HAL_Driver/Src/stm32f4xx_hal_tim.o
                0x08005df4                HAL_TIM_Base_Start
 .text.HAL_TIM_OC_Init
                0x08005ec4       0x9e ./Drivers/STM32F4xx_HAL_Driver/Src/stm32f4xx_hal_tim.o
                0x08005ec4                HAL_TIM_OC_Init
 .text.HAL_TIM_OC_MspInit
                0x08005f62       0x14 ./Drivers/STM32F4xx_HAL_Driver/Src/stm32f4xx_hal_tim.o
                0x08005f62                HAL_TIM_OC_MspInit
 *fill*         0x08005f76        0x2 
 .text.HAL_TIM_OC_ConfigChannel
                0x08005f78       0xb8 ./Drivers/STM32F4xx_HAL_Driver/Src/stm32f4xx_hal_tim.o
                0x08005f78                HAL_TIM_OC_ConfigChannel
 .text.HAL_TIM_ConfigClockSource
                0x08006030      0x18e ./Drivers/STM32F4xx_HAL_Driver/Src/stm32f4xx_hal_tim.o
                0x08006030                HAL_TIM_ConfigClockSource
 *fill*         0x080061be        0x2 
 .text.TIM_Base_SetConfig
                0x080061c0      0x14c ./Drivers/STM32F4xx_HAL_Driver/Src/stm32f4xx_hal_tim.o
                0x080061c0                TIM_Base_SetConfig
 .text.TIM_OC1_SetConfig
                0x0800630c       0xe0 ./Drivers/STM32F4xx_HAL_Driver/Src/stm32f4xx_hal_tim.o
 .text.TIM_OC2_SetConfig
                0x080063ec       0xec ./Drivers/STM32F4xx_HAL_Driver/Src/stm32f4xx_hal_tim.o
                0x080063ec                TIM_OC2_SetConfig
 .text.TIM_OC3_SetConfig
                0x080064d8       0xe8 ./Drivers/STM32F4xx_HAL_Driver/Src/stm32f4xx_hal_tim.o
 .text.TIM_OC4_SetConfig
                0x080065c0       0xac ./Drivers/STM32F4xx_HAL_Driver/Src/stm32f4xx_hal_tim.o
 .text.TIM_TI1_ConfigInputStage
                0x0800666c       0x5e ./Drivers/STM32F4xx_HAL_Driver/Src/stm32f4xx_hal_tim.o
 .text.TIM_TI2_ConfigInputStage
                0x080066ca       0x60 ./Drivers/STM32F4xx_HAL_Driver/Src/stm32f4xx_hal_tim.o
 .text.TIM_ITRx_SetConfig
                0x0800672a       0x36 ./Drivers/STM32F4xx_HAL_Driver/Src/stm32f4xx_hal_tim.o
 .text.TIM_ETR_SetConfig
                0x08006760       0x40 ./Drivers/STM32F4xx_HAL_Driver/Src/stm32f4xx_hal_tim.o
                0x08006760                TIM_ETR_SetConfig
 .text.HAL_TIMEx_MasterConfigSynchronization
                0x080067a0       0xf8 ./Drivers/STM32F4xx_HAL_Driver/Src/stm32f4xx_hal_tim_ex.o
                0x080067a0                HAL_TIMEx_MasterConfigSynchronization
 .text.HAL_UART_Init
                0x08006898       0xa0 ./Drivers/STM32F4xx_HAL_Driver/Src/stm32f4xx_hal_uart.o
                0x08006898                HAL_UART_Init
 .text.HAL_UART_Transmit
                0x08006938      0x116 ./Drivers/STM32F4xx_HAL_Driver/Src/stm32f4xx_hal_uart.o
                0x08006938                HAL_UART_Transmit
 .text.HAL_UART_Receive_IT
                0x08006a4e       0x4a ./Drivers/STM32F4xx_HAL_Driver/Src/stm32f4xx_hal_uart.o
                0x08006a4e                HAL_UART_Receive_IT
 .text.HAL_UART_IRQHandler
                0x08006a98      0x554 ./Drivers/STM32F4xx_HAL_Driver/Src/stm32f4xx_hal_uart.o
                0x08006a98                HAL_UART_IRQHandler
 .text.HAL_UART_TxCpltCallback
                0x08006fec       0x14 ./Drivers/STM32F4xx_HAL_Driver/Src/stm32f4xx_hal_uart.o
                0x08006fec                HAL_UART_TxCpltCallback
 .text.HAL_UART_ErrorCallback
                0x08007000       0x14 ./Drivers/STM32F4xx_HAL_Driver/Src/stm32f4xx_hal_uart.o
                0x08007000                HAL_UART_ErrorCallback
 .text.HAL_UARTEx_RxEventCallback
                0x08007014       0x18 ./Drivers/STM32F4xx_HAL_Driver/Src/stm32f4xx_hal_uart.o
                0x08007014                HAL_UARTEx_RxEventCallback
 .text.UART_WaitOnFlagUntilTimeout
                0x0800702c       0xb2 ./Drivers/STM32F4xx_HAL_Driver/Src/stm32f4xx_hal_uart.o
 .text.UART_Start_Receive_IT
                0x080070de       0x74 ./Drivers/STM32F4xx_HAL_Driver/Src/stm32f4xx_hal_uart.o
                0x080070de                UART_Start_Receive_IT
 .text.UART_EndRxTransfer
                0x08007152       0xc6 ./Drivers/STM32F4xx_HAL_Driver/Src/stm32f4xx_hal_uart.o
 .text.UART_DMAAbortOnError
                0x08007218       0x22 ./Drivers/STM32F4xx_HAL_Driver/Src/stm32f4xx_hal_uart.o
 .text.UART_Transmit_IT
                0x0800723a       0xa0 ./Drivers/STM32F4xx_HAL_Driver/Src/stm32f4xx_hal_uart.o
 .text.UART_EndTransmit_IT
                0x080072da       0x30 ./Drivers/STM32F4xx_HAL_Driver/Src/stm32f4xx_hal_uart.o
 .text.UART_Receive_IT
                0x0800730a      0x17c ./Drivers/STM32F4xx_HAL_Driver/Src/stm32f4xx_hal_uart.o
 *fill*         0x08007486        0x2 
 .text.UART_SetConfig
                0x08007488      0x4e8 ./Drivers/STM32F4xx_HAL_Driver/Src/stm32f4xx_hal_uart.o
 .text.__NVIC_SetPriority
                0x08007970       0x54 ./Middlewares/Third_Party/FreeRTOS/Source/CMSIS_RTOS_V2/cmsis_os2.o
 .text.SVC_Setup
                0x080079c4       0x12 ./Middlewares/Third_Party/FreeRTOS/Source/CMSIS_RTOS_V2/cmsis_os2.o
 *fill*         0x080079d6        0x2 
 .text.osKernelInitialize
                0x080079d8       0x48 ./Middlewares/Third_Party/FreeRTOS/Source/CMSIS_RTOS_V2/cmsis_os2.o
                0x080079d8                osKernelInitialize
 .text.osKernelStart
                0x08007a20       0x4c ./Middlewares/Third_Party/FreeRTOS/Source/CMSIS_RTOS_V2/cmsis_os2.o
                0x08007a20                osKernelStart
 .text.osThreadNew
                0x08007a6c      0x124 ./Middlewares/Third_Party/FreeRTOS/Source/CMSIS_RTOS_V2/cmsis_os2.o
                0x08007a6c                osThreadNew
 .text.osThreadFlagsSet
                0x08007b90       0x9c ./Middlewares/Third_Party/FreeRTOS/Source/CMSIS_RTOS_V2/cmsis_os2.o
                0x08007b90                osThreadFlagsSet
 .text.osThreadFlagsWait
                0x08007c2c      0x102 ./Middlewares/Third_Party/FreeRTOS/Source/CMSIS_RTOS_V2/cmsis_os2.o
                0x08007c2c                osThreadFlagsWait
 .text.osDelay  0x08007d2e       0x36 ./Middlewares/Third_Party/FreeRTOS/Source/CMSIS_RTOS_V2/cmsis_os2.o
                0x08007d2e                osDelay
 .text.vApplicationGetIdleTaskMemory
                0x08007d64       0x34 ./Middlewares/Third_Party/FreeRTOS/Source/CMSIS_RTOS_V2/cmsis_os2.o
                0x08007d64                vApplicationGetIdleTaskMemory
 .text.vApplicationGetTimerTaskMemory
                0x08007d98       0x34 ./Middlewares/Third_Party/FreeRTOS/Source/CMSIS_RTOS_V2/cmsis_os2.o
                0x08007d98                vApplicationGetTimerTaskMemory
 .text.vListInitialise
                0x08007dcc       0x40 ./Middlewares/Third_Party/FreeRTOS/Source/list.o
                0x08007dcc                vListInitialise
 .text.vListInitialiseItem
                0x08007e0c       0x1a ./Middlewares/Third_Party/FreeRTOS/Source/list.o
                0x08007e0c                vListInitialiseItem
 .text.vListInsertEnd
                0x08007e26       0x48 ./Middlewares/Third_Party/FreeRTOS/Source/list.o
                0x08007e26                vListInsertEnd
 .text.vListInsert
                0x08007e6e       0x72 ./Middlewares/Third_Party/FreeRTOS/Source/list.o
                0x08007e6e                vListInsert
 .text.uxListRemove
                0x08007ee0       0x54 ./Middlewares/Third_Party/FreeRTOS/Source/list.o
                0x08007ee0                uxListRemove
 .text.xQueueGenericReset
                0x08007f34       0xd4 ./Middlewares/Third_Party/FreeRTOS/Source/queue.o
                0x08007f34                xQueueGenericReset
 .text.xQueueGenericCreateStatic
                0x08008008       0xfa ./Middlewares/Third_Party/FreeRTOS/Source/queue.o
                0x08008008                xQueueGenericCreateStatic
 .text.xQueueGenericCreate
                0x08008102       0x76 ./Middlewares/Third_Party/FreeRTOS/Source/queue.o
                0x08008102                xQueueGenericCreate
 .text.prvInitialiseNewQueue
                0x08008178       0x46 ./Middlewares/Third_Party/FreeRTOS/Source/queue.o
 *fill*         0x080081be        0x2 
 .text.xQueueGenericSend
                0x080081c0      0x204 ./Middlewares/Third_Party/FreeRTOS/Source/queue.o
                0x080081c0                xQueueGenericSend
 .text.xQueueGenericSendFromISR
                0x080083c4      0x13c ./Middlewares/Third_Party/FreeRTOS/Source/queue.o
                0x080083c4                xQueueGenericSendFromISR
 .text.xQueueReceive
                0x08008500      0x1c4 ./Middlewares/Third_Party/FreeRTOS/Source/queue.o
                0x08008500                xQueueReceive
 .text.prvCopyDataToQueue
                0x080086c4       0xd4 ./Middlewares/Third_Party/FreeRTOS/Source/queue.o
 .text.prvCopyDataFromQueue
                0x08008798       0x4c ./Middlewares/Third_Party/FreeRTOS/Source/queue.o
 .text.prvUnlockQueue
                0x080087e4       0xa4 ./Middlewares/Third_Party/FreeRTOS/Source/queue.o
 .text.prvIsQueueEmpty
                0x08008888       0x2c ./Middlewares/Third_Party/FreeRTOS/Source/queue.o
 .text.prvIsQueueFull
                0x080088b4       0x30 ./Middlewares/Third_Party/FreeRTOS/Source/queue.o
 .text.vQueueAddToRegistry
                0x080088e4       0x54 ./Middlewares/Third_Party/FreeRTOS/Source/queue.o
                0x080088e4                vQueueAddToRegistry
 .text.vQueueWaitForMessageRestricted
                0x08008938       0x68 ./Middlewares/Third_Party/FreeRTOS/Source/queue.o
                0x08008938                vQueueWaitForMessageRestricted
 .text.xTaskCreateStatic
                0x080089a0       0xc0 ./Middlewares/Third_Party/FreeRTOS/Source/tasks.o
                0x080089a0                xTaskCreateStatic
 .text.xTaskCreate
                0x08008a60       0x8a ./Middlewares/Third_Party/FreeRTOS/Source/tasks.o
                0x08008a60                xTaskCreate
 .text.prvInitialiseNewTask
                0x08008aea      0x120 ./Middlewares/Third_Party/FreeRTOS/Source/tasks.o
 *fill*         0x08008c0a        0x2 
 .text.prvAddNewTaskToReadyList
                0x08008c0c       0xe0 ./Middlewares/Third_Party/FreeRTOS/Source/tasks.o
 .text.vTaskDelay
                0x08008cec       0x6c ./Middlewares/Third_Party/FreeRTOS/Source/tasks.o
                0x08008cec                vTaskDelay
 .text.vTaskStartScheduler
                0x08008d58       0xd0 ./Middlewares/Third_Party/FreeRTOS/Source/tasks.o
                0x08008d58                vTaskStartScheduler
 .text.vTaskSuspendAll
                0x08008e28       0x1c ./Middlewares/Third_Party/FreeRTOS/Source/tasks.o
                0x08008e28                vTaskSuspendAll
 .text.xTaskResumeAll
                0x08008e44      0x13c ./Middlewares/Third_Party/FreeRTOS/Source/tasks.o
                0x08008e44                xTaskResumeAll
 .text.xTaskGetTickCount
                0x08008f80       0x20 ./Middlewares/Third_Party/FreeRTOS/Source/tasks.o
                0x08008f80                xTaskGetTickCount
 .text.xTaskIncrementTick
                0x08008fa0      0x174 ./Middlewares/Third_Party/FreeRTOS/Source/tasks.o
                0x08008fa0                xTaskIncrementTick
 .text.vTaskSwitchContext
                0x08009114       0xbc ./Middlewares/Third_Party/FreeRTOS/Source/tasks.o
                0x08009114                vTaskSwitchContext
 .text.vTaskPlaceOnEventList
                0x080091d0       0x4c ./Middlewares/Third_Party/FreeRTOS/Source/tasks.o
                0x080091d0                vTaskPlaceOnEventList
 .text.vTaskPlaceOnEventListRestricted
                0x0800921c       0x58 ./Middlewares/Third_Party/FreeRTOS/Source/tasks.o
                0x0800921c                vTaskPlaceOnEventListRestricted
 .text.xTaskRemoveFromEventList
                0x08009274       0xc8 ./Middlewares/Third_Party/FreeRTOS/Source/tasks.o
                0x08009274                xTaskRemoveFromEventList
 .text.vTaskInternalSetTimeOutState
                0x0800933c       0x2c ./Middlewares/Third_Party/FreeRTOS/Source/tasks.o
                0x0800933c                vTaskInternalSetTimeOutState
 .text.xTaskCheckForTimeOut
                0x08009368       0xc8 ./Middlewares/Third_Party/FreeRTOS/Source/tasks.o
                0x08009368                xTaskCheckForTimeOut
 .text.vTaskMissedYield
                0x08009430       0x18 ./Middlewares/Third_Party/FreeRTOS/Source/tasks.o
                0x08009430                vTaskMissedYield
 .text.prvIdleTask
                0x08009448       0x30 ./Middlewares/Third_Party/FreeRTOS/Source/tasks.o
 .text.prvInitialiseTaskLists
                0x08009478       0x80 ./Middlewares/Third_Party/FreeRTOS/Source/tasks.o
 .text.prvCheckTasksWaitingTermination
                0x080094f8       0x5c ./Middlewares/Third_Party/FreeRTOS/Source/tasks.o
 .text.prvDeleteTCB
                0x08009554       0x60 ./Middlewares/Third_Party/FreeRTOS/Source/tasks.o
 .text.prvResetNextTaskUnblockTime
                0x080095b4       0x40 ./Middlewares/Third_Party/FreeRTOS/Source/tasks.o
 .text.xTaskGetSchedulerState
                0x080095f4       0x3c ./Middlewares/Third_Party/FreeRTOS/Source/tasks.o
                0x080095f4                xTaskGetSchedulerState
 .text.xTaskPriorityDisinherit
                0x08009630       0xe0 ./Middlewares/Third_Party/FreeRTOS/Source/tasks.o
                0x08009630                xTaskPriorityDisinherit
 .text.xTaskNotifyWait
                0x08009710       0xb4 ./Middlewares/Third_Party/FreeRTOS/Source/tasks.o
                0x08009710                xTaskNotifyWait
 .text.xTaskGenericNotify
                0x080097c4      0x174 ./Middlewares/Third_Party/FreeRTOS/Source/tasks.o
                0x080097c4                xTaskGenericNotify
 .text.xTaskGenericNotifyFromISR
                0x08009938      0x1c0 ./Middlewares/Third_Party/FreeRTOS/Source/tasks.o
                0x08009938                xTaskGenericNotifyFromISR
 .text.prvAddCurrentTaskToDelayedList
                0x08009af8       0xa8 ./Middlewares/Third_Party/FreeRTOS/Source/tasks.o
 .text.xTimerCreateTimerTask
                0x08009ba0       0x94 ./Middlewares/Third_Party/FreeRTOS/Source/timers.o
                0x08009ba0                xTimerCreateTimerTask
 .text.xTimerGenericCommand
                0x08009c34       0x9c ./Middlewares/Third_Party/FreeRTOS/Source/timers.o
                0x08009c34                xTimerGenericCommand
 .text.prvProcessExpiredTimer
                0x08009cd0       0x9c ./Middlewares/Third_Party/FreeRTOS/Source/timers.o
 .text.prvTimerTask
                0x08009d6c       0x26 ./Middlewares/Third_Party/FreeRTOS/Source/timers.o
 *fill*         0x08009d92        0x2 
 .text.prvProcessTimerOrBlockTask
                0x08009d94       0x9c ./Middlewares/Third_Party/FreeRTOS/Source/timers.o
 .text.prvGetNextExpireTime
                0x08009e30       0x48 ./Middlewares/Third_Party/FreeRTOS/Source/timers.o
 .text.prvSampleTimeNow
                0x08009e78       0x40 ./Middlewares/Third_Party/FreeRTOS/Source/timers.o
 .text.prvInsertTimerInActiveList
                0x08009eb8       0x84 ./Middlewares/Third_Party/FreeRTOS/Source/timers.o
 .text.prvProcessReceivedCommands
                0x08009f3c      0x1cc ./Middlewares/Third_Party/FreeRTOS/Source/timers.o
 .text.prvSwitchTimerLists
                0x0800a108       0xcc ./Middlewares/Third_Party/FreeRTOS/Source/timers.o
 .text.prvCheckForValidListAndQueue
                0x0800a1d4       0x80 ./Middlewares/Third_Party/FreeRTOS/Source/timers.o
 .text.pxPortInitialiseStack
                0x0800a254       0x68 ./Middlewares/Third_Party/FreeRTOS/Source/portable/GCC/ARM_CM4F/port.o
                0x0800a254                pxPortInitialiseStack
 .text.prvTaskExitError
                0x0800a2bc       0x5c ./Middlewares/Third_Party/FreeRTOS/Source/portable/GCC/ARM_CM4F/port.o
 *fill*         0x0800a318        0x8 
 .text.SVC_Handler
                0x0800a320       0x28 ./Middlewares/Third_Party/FreeRTOS/Source/portable/GCC/ARM_CM4F/port.o
                0x0800a320                SVC_Handler
 .text.prvPortStartFirstTask
                0x0800a348       0x28 ./Middlewares/Third_Party/FreeRTOS/Source/portable/GCC/ARM_CM4F/port.o
 .text.xPortStartScheduler
                0x0800a370      0x148 ./Middlewares/Third_Party/FreeRTOS/Source/portable/GCC/ARM_CM4F/port.o
                0x0800a370                xPortStartScheduler
 .text.vPortEnterCritical
                0x0800a4b8       0x64 ./Middlewares/Third_Party/FreeRTOS/Source/portable/GCC/ARM_CM4F/port.o
                0x0800a4b8                vPortEnterCritical
 .text.vPortExitCritical
                0x0800a51c       0x54 ./Middlewares/Third_Party/FreeRTOS/Source/portable/GCC/ARM_CM4F/port.o
                0x0800a51c                vPortExitCritical
 .text.PendSV_Handler
                0x0800a570       0x68 ./Middlewares/Third_Party/FreeRTOS/Source/portable/GCC/ARM_CM4F/port.o
                0x0800a570                PendSV_Handler
 .text.xPortSysTickHandler
                0x0800a5d8       0x44 ./Middlewares/Third_Party/FreeRTOS/Source/portable/GCC/ARM_CM4F/port.o
                0x0800a5d8                xPortSysTickHandler
 .text.vPortSetupTimerInterrupt
                0x0800a61c       0x48 ./Middlewares/Third_Party/FreeRTOS/Source/portable/GCC/ARM_CM4F/port.o
                0x0800a61c                vPortSetupTimerInterrupt
 .text.vPortEnableVFP
                0x0800a664       0x14 ./Middlewares/Third_Party/FreeRTOS/Source/portable/GCC/ARM_CM4F/port.o
 .text.vPortValidateInterruptPriority
                0x0800a678       0x84 ./Middlewares/Third_Party/FreeRTOS/Source/portable/GCC/ARM_CM4F/port.o
                0x0800a678                vPortValidateInterruptPriority
 .text.pvPortMalloc
                0x0800a6fc      0x19c ./Middlewares/Third_Party/FreeRTOS/Source/portable/MemMang/heap_4.o
                0x0800a6fc                pvPortMalloc
 .text.vPortFree
                0x0800a898       0xc8 ./Middlewares/Third_Party/FreeRTOS/Source/portable/MemMang/heap_4.o
                0x0800a898                vPortFree
 .text.prvHeapInit
                0x0800a960       0xc4 ./Middlewares/Third_Party/FreeRTOS/Source/portable/MemMang/heap_4.o
 .text.prvInsertBlockIntoFreeList
                0x0800aa24       0xb4 ./Middlewares/Third_Party/FreeRTOS/Source/portable/MemMang/heap_4.o
 .text.snprintf
                0x0800aad8       0x6c C:/ST/STM32CubeIDE_1.19.0/STM32CubeIDE/plugins/com.st.stm32cube.ide.mcu.externaltools.gnu-tools-for-stm32.14.3.rel1.win32_1.0.100.202602081740/tools/bin/../lib/gcc/arm-none-eabi/14.3.1/../../../../arm-none-eabi/lib/thumb/v7e-m+fp/hard\libc_nano.a(libc_a-snprintf.o)
                0x0800aad8                sniprintf
                0x0800aad8                snprintf
 .text._vsnprintf_r
                0x0800ab44       0x5c C:/ST/STM32CubeIDE_1.19.0/STM32CubeIDE/plugins/com.st.stm32cube.ide.mcu.externaltools.gnu-tools-for-stm32.14.3.rel1.win32_1.0.100.202602081740/tools/bin/../lib/gcc/arm-none-eabi/14.3.1/../../../../arm-none-eabi/lib/thumb/v7e-m+fp/hard\libc_nano.a(libc_a-vsnprintf.o)
                0x0800ab44                _vsniprintf_r
                0x0800ab44                _vsnprintf_r
 .text.vsnprintf
                0x0800aba0       0x1c C:/ST/STM32CubeIDE_1.19.0/STM32CubeIDE/plugins/com.st.stm32cube.ide.mcu.externaltools.gnu-tools-for-stm32.14.3.rel1.win32_1.0.100.202602081740/tools/bin/../lib/gcc/arm-none-eabi/14.3.1/../../../../arm-none-eabi/lib/thumb/v7e-m+fp/hard\libc_nano.a(libc_a-vsnprintf.o)
                0x0800aba0                vsniprintf
                0x0800aba0                vsnprintf
 .text.memset   0x0800abbc       0x10 C:/ST/STM32CubeIDE_1.19.0/STM32CubeIDE/plugins/com.st.stm32cube.ide.mcu.externaltools.gnu-tools-for-stm32.14.3.rel1.win32_1.0.100.202602081740/tools/bin/../lib/gcc/arm-none-eabi/14.3.1/../../../../arm-none-eabi/lib/thumb/v7e-m+fp/hard\libc_nano.a(libc_a-memset.o)
                0x0800abbc                memset
 .text.__errno  0x0800abcc        0xc C:/ST/STM32CubeIDE_1.19.0/STM32CubeIDE/plugins/com.st.stm32cube.ide.mcu.externaltools.gnu-tools-for-stm32.14.3.rel1.win32_1.0.100.202602081740/tools/bin/../lib/gcc/arm-none-eabi/14.3.1/../../../../arm-none-eabi/lib/thumb/v7e-m+fp/hard\libc_nano.a(libc_a-errno.o)
                0x0800abcc                __errno
 .text.__libc_init_array
                0x0800abd8       0x48 C:/ST/STM32CubeIDE_1.19.0/STM32CubeIDE/plugins/com.st.stm32cube.ide.mcu.externaltools.gnu-tools-for-stm32.14.3.rel1.win32_1.0.100.202602081740/tools/bin/../lib/gcc/arm-none-eabi/14.3.1/../../../../arm-none-eabi/lib/thumb/v7e-m+fp/hard\libc_nano.a(libc_a-init.o)
                0x0800abd8                __libc_init_array
 .text.__retarget_lock_acquire_recursive
                0x0800ac20        0x2 C:/ST/STM32CubeIDE_1.19.0/STM32CubeIDE/plugins/com.st.stm32cube.ide.mcu.externaltools.gnu-tools-for-stm32.14.3.rel1.win32_1.0.100.202602081740/tools/bin/../lib/gcc/arm-none-eabi/14.3.1/../../../../arm-none-eabi/lib/thumb/v7e-m+fp/hard\libc_nano.a(libc_a-lock.o)
                0x0800ac20                __retarget_lock_acquire_recursive
 .text.__retarget_lock_release_recursive
                0x0800ac22        0x2 C:/ST/STM32CubeIDE_1.19.0/STM32CubeIDE/plugins/com.st.stm32cube.ide.mcu.externaltools.gnu-tools-for-stm32.14.3.rel1.win32_1.0.100.202602081740/tools/bin/../lib/gcc/arm-none-eabi/14.3.1/../../../../arm-none-eabi/lib/thumb/v7e-m+fp/hard\libc_nano.a(libc_a-lock.o)
                0x0800ac22                __retarget_lock_release_recursive
 .text.memcpy   0x0800ac24       0x1c C:/ST/STM32CubeIDE_1.19.0/STM32CubeIDE/plugins/com.st.stm32cube.ide.mcu.externaltools.gnu-tools-for-stm32.14.3.rel1.win32_1.0.100.202602081740/tools/bin/../lib/gcc/arm-none-eabi/14.3.1/../../../../arm-none-eabi/lib/thumb/v7e-m+fp/hard\libc_nano.a(libc_a-memcpy-stub.o)
                0x0800ac24                memcpy
 .text._free_r  0x0800ac40       0x94 C:/ST/STM32CubeIDE_1.19.0/STM32CubeIDE/plugins/com.st.stm32cube.ide.mcu.externaltools.gnu-tools-for-stm32.14.3.rel1.win32_1.0.100.202602081740/tools/bin/../lib/gcc/arm-none-eabi/14.3.1/../../../../arm-none-eabi/lib/thumb/v7e-m+fp/hard\libc_nano.a(libc_a-freer.o)
                0x0800ac40                _free_r
 .text.sbrk_aligned
                0x0800acd4       0x44 C:/ST/STM32CubeIDE_1.19.0/STM32CubeIDE/plugins/com.st.stm32cube.ide.mcu.externaltools.gnu-tools-for-stm32.14.3.rel1.win32_1.0.100.202602081740/tools/bin/../lib/gcc/arm-none-eabi/14.3.1/../../../../arm-none-eabi/lib/thumb/v7e-m+fp/hard\libc_nano.a(libc_a-mallocr.o)
 .text._malloc_r
                0x0800ad18      0x100 C:/ST/STM32CubeIDE_1.19.0/STM32CubeIDE/plugins/com.st.stm32cube.ide.mcu.externaltools.gnu-tools-for-stm32.14.3.rel1.win32_1.0.100.202602081740/tools/bin/../lib/gcc/arm-none-eabi/14.3.1/../../../../arm-none-eabi/lib/thumb/v7e-m+fp/hard\libc_nano.a(libc_a-mallocr.o)
                0x0800ad18                _malloc_r
 .text.__malloc_lock
                0x0800ae18        0xc C:/ST/STM32CubeIDE_1.19.0/STM32CubeIDE/plugins/com.st.stm32cube.ide.mcu.externaltools.gnu-tools-for-stm32.14.3.rel1.win32_1.0.100.202602081740/tools/bin/../lib/gcc/arm-none-eabi/14.3.1/../../../../arm-none-eabi/lib/thumb/v7e-m+fp/hard\libc_nano.a(libc_a-mlock.o)
                0x0800ae18                __malloc_lock
 .text.__malloc_unlock
                0x0800ae24        0xc C:/ST/STM32CubeIDE_1.19.0/STM32CubeIDE/plugins/com.st.stm32cube.ide.mcu.externaltools.gnu-tools-for-stm32.14.3.rel1.win32_1.0.100.202602081740/tools/bin/../lib/gcc/arm-none-eabi/14.3.1/../../../../arm-none-eabi/lib/thumb/v7e-m+fp/hard\libc_nano.a(libc_a-mlock.o)
                0x0800ae24                __malloc_unlock
 .text.__ssputs_r
                0x0800ae30       0xc0 C:/ST/STM32CubeIDE_1.19.0/STM32CubeIDE/plugins/com.st.stm32cube.ide.mcu.externaltools.gnu-tools-for-stm32.14.3.rel1.win32_1.0.100.202602081740/tools/bin/../lib/gcc/arm-none-eabi/14.3.1/../../../../arm-none-eabi/lib/thumb/v7e-m+fp/hard\libc_nano.a(libc_a-nano-svfprintf.o)
                0x0800ae30                __ssputs_r
 .text._svfprintf_r
                0x0800aef0      0x1f0 C:/ST/STM32CubeIDE_1.19.0/STM32CubeIDE/plugins/com.st.stm32cube.ide.mcu.externaltools.gnu-tools-for-stm32.14.3.rel1.win32_1.0.100.202602081740/tools/bin/../lib/gcc/arm-none-eabi/14.3.1/../../../../arm-none-eabi/lib/thumb/v7e-m+fp/hard\libc_nano.a(libc_a-nano-svfprintf.o)
                0x0800aef0                _svfiprintf_r
                0x0800aef0                _svfprintf_r
 .text._printf_common
                0x0800b0e0       0xda C:/ST/STM32CubeIDE_1.19.0/STM32CubeIDE/plugins/com.st.stm32cube.ide.mcu.externaltools.gnu-tools-for-stm32.14.3.rel1.win32_1.0.100.202602081740/tools/bin/../lib/gcc/arm-none-eabi/14.3.1/../../../../arm-none-eabi/lib/thumb/v7e-m+fp/hard\libc_nano.a(libc_a-nano-vfprintf_i.o)
                0x0800b0e0                _printf_common
 *fill*         0x0800b1ba        0x2 
 .text._printf_i
                0x0800b1bc      0x24c C:/ST/STM32CubeIDE_1.19.0/STM32CubeIDE/plugins/com.st.stm32cube.ide.mcu.externaltools.gnu-tools-for-stm32.14.3.rel1.win32_1.0.100.202602081740/tools/bin/../lib/gcc/arm-none-eabi/14.3.1/../../../../arm-none-eabi/lib/thumb/v7e-m+fp/hard\libc_nano.a(libc_a-nano-vfprintf_i.o)
                0x0800b1bc                _printf_i
 .text.memmove  0x0800b408       0x32 C:/ST/STM32CubeIDE_1.19.0/STM32CubeIDE/plugins/com.st.stm32cube.ide.mcu.externaltools.gnu-tools-for-stm32.14.3.rel1.win32_1.0.100.202602081740/tools/bin/../lib/gcc/arm-none-eabi/14.3.1/../../../../arm-none-eabi/lib/thumb/v7e-m+fp/hard\libc_nano.a(libc_a-memmove.o)
                0x0800b408                memmove
 *fill*         0x0800b43a        0x2 
 .text._sbrk_r  0x0800b43c       0x20 C:/ST/STM32CubeIDE_1.19.0/STM32CubeIDE/plugins/com.st.stm32cube.ide.mcu.externaltools.gnu-tools-for-stm32.14.3.rel1.win32_1.0.100.202602081740/tools/bin/../lib/gcc/arm-none-eabi/14.3.1/../../../../arm-none-eabi/lib/thumb/v7e-m+fp/hard\libc_nano.a(libc_a-sbrkr.o)
                0x0800b43c                _sbrk_r
 .text._realloc_r
                0x0800b45c       0x5c C:/ST/STM32CubeIDE_1.19.0/STM32CubeIDE/plugins/com.st.stm32cube.ide.mcu.externaltools.gnu-tools-for-stm32.14.3.rel1.win32_1.0.100.202602081740/tools/bin/../lib/gcc/arm-none-eabi/14.3.1/../../../../arm-none-eabi/lib/thumb/v7e-m+fp/hard\libc_nano.a(libc_a-reallocr.o)
                0x0800b45c                _realloc_r
 .text._malloc_usable_size_r
                0x0800b4b8       0x10 C:/ST/STM32CubeIDE_1.19.0/STM32CubeIDE/plugins/com.st.stm32cube.ide.mcu.externaltools.gnu-tools-for-stm32.14.3.rel1.win32_1.0.100.202602081740/tools/bin/../lib/gcc/arm-none-eabi/14.3.1/../../../../arm-none-eabi/lib/thumb/v7e-m+fp/hard\libc_nano.a(libc_a-msizer.o)
                0x0800b4b8                _malloc_usable_size_r
 .text.roundf   0x0800b4c8       0x4c C:/ST/STM32CubeIDE_1.19.0/STM32CubeIDE/plugins/com.st.stm32cube.ide.mcu.externaltools.gnu-tools-for-stm32.14.3.rel1.win32_1.0.100.202602081740/tools/bin/../lib/gcc/arm-none-eabi/14.3.1/../../../../arm-none-eabi/lib/thumb/v7e-m+fp/hard\libm.a(libm_a-sf_round.o)
                0x0800b4c8                roundf
 *(.glue_7)
 .glue_7        0x0800b514        0x0 linker stubs
 *(.glue_7t)
 .glue_7t       0x0800b514        0x0 linker stubs
 *(.eh_frame)
 .eh_frame      0x0800b514        0x0 C:/ST/STM32CubeIDE_1.19.0/STM32CubeIDE/plugins/com.st.stm32cube.ide.mcu.externaltools.gnu-tools-for-stm32.14.3.rel1.win32_1.0.100.202602081740/tools/bin/../lib/gcc/arm-none-eabi/14.3.1/thumb/v7e-m+fp/hard/crtbegin.o
 *(.init)
 .init          0x0800b514        0x4 C:/ST/STM32CubeIDE_1.19.0/STM32CubeIDE/plugins/com.st.stm32cube.ide.mcu.externaltools.gnu-tools-for-stm32.14.3.rel1.win32_1.0.100.202602081740/tools/bin/../lib/gcc/arm-none-eabi/14.3.1/thumb/v7e-m+fp/hard/crti.o
                0x0800b514                _init
 .init          0x0800b518        0x8 C:/ST/STM32CubeIDE_1.19.0/STM32CubeIDE/plugins/com.st.stm32cube.ide.mcu.externaltools.gnu-tools-for-stm32.14.3.rel1.win32_1.0.100.202602081740/tools/bin/../lib/gcc/arm-none-eabi/14.3.1/thumb/v7e-m+fp/hard/crtn.o
 *(.fini)
 .fini          0x0800b520        0x4 C:/ST/STM32CubeIDE_1.19.0/STM32CubeIDE/plugins/com.st.stm32cube.ide.mcu.externaltools.gnu-tools-for-stm32.14.3.rel1.win32_1.0.100.202602081740/tools/bin/../lib/gcc/arm-none-eabi/14.3.1/thumb/v7e-m+fp/hard/crti.o
                0x0800b520                _fini
 .fini          0x0800b524        0x8 C:/ST/STM32CubeIDE_1.19.0/STM32CubeIDE/plugins/com.st.stm32cube.ide.mcu.externaltools.gnu-tools-for-stm32.14.3.rel1.win32_1.0.100.202602081740/tools/bin/../lib/gcc/arm-none-eabi/14.3.1/thumb/v7e-m+fp/hard/crtn.o
                0x0800b52c                        . = ALIGN (0x4)
                0x0800b52c                        _etext = .

.vfp11_veneer   0x0800b52c        0x0
 .vfp11_veneer  0x0800b52c        0x0 linker stubs

.v4_bx          0x0800b52c        0x0
 .v4_bx         0x0800b52c        0x0 linker stubs

.iplt           0x0800b52c        0x0
 .iplt          0x0800b52c        0x0 C:/ST/STM32CubeIDE_1.19.0/STM32CubeIDE/plugins/com.st.stm32cube.ide.mcu.externaltools.gnu-tools-for-stm32.14.3.rel1.win32_1.0.100.202602081740/tools/bin/../lib/gcc/arm-none-eabi/14.3.1/thumb/v7e-m+fp/hard/crtbegin.o

.rodata         0x0800b52c      0x2ec
                0x0800b52c                        . = ALIGN (0x4)
 *(.rodata)
 .rodata        0x0800b52c      0x145 ./Core/Src/freertos.o
 *fill*         0x0800b671        0x3 
 .rodata        0x0800b674       0x19 ./Core/Src/powerDistribution.o
 *fill*         0x0800b68d        0x3 
 .rodata        0x0800b690       0x1f ./Core/Src/telemetry.o
 *fill*         0x0800b6af        0x1 
 .rodata        0x0800b6b0        0x5 ./Middlewares/Third_Party/FreeRTOS/Source/tasks.o
 *fill*         0x0800b6b5        0x3 
 .rodata        0x0800b6b8        0xd ./Middlewares/Third_Party/FreeRTOS/Source/timers.o
 *(.rodata*)
 *fill*         0x0800b6c5        0x3 
 .rodata.defaultTask_attributes
                0x0800b6c8       0x24 ./Core/Src/freertos.o
                0x0800b6c8                defaultTask_attributes
 .rodata.distrHandle_attributes
                0x0800b6ec       0x24 ./Core/Src/freertos.o
                0x0800b6ec                distrHandle_attributes
 .rodata.telemetryHandle_attributes
                0x0800b710       0x24 ./Core/Src/freertos.o
                0x0800b710                telemetryHandle_attributes
 .rodata.heaterHandle_attributes
                0x0800b734       0x24 ./Core/Src/freertos.o
                0x0800b734                heaterHandle_attributes
 .rodata.BMSHandle_attributes
                0x0800b758       0x24 ./Core/Src/freertos.o
                0x0800b758                BMSHandle_attributes
 .rodata.commandHandle_attributes
                0x0800b77c       0x24 ./Core/Src/freertos.o
                0x0800b77c                commandHandle_attributes
 .rodata.analogHandle_attributes
                0x0800b7a0       0x24 ./Core/Src/freertos.o
                0x0800b7a0                analogHandle_attributes
 .rodata.AHBPrescTable
                0x0800b7c4       0x10 ./Core/Src/system_stm32f4xx.o
                0x0800b7c4                AHBPrescTable
 .rodata.APBPrescTable
                0x0800b7d4        0x8 ./Core/Src/system_stm32f4xx.o
                0x0800b7d4                APBPrescTable
 .rodata.flagBitshiftOffset.0
                0x0800b7dc        0x8 ./Drivers/STM32F4xx_HAL_Driver/Src/stm32f4xx_hal_dma.o
 .rodata._svfprintf_r.str1.1
                0x0800b7e4       0x33 C:/ST/STM32CubeIDE_1.19.0/STM32CubeIDE/plugins/com.st.stm32cube.ide.mcu.externaltools.gnu-tools-for-stm32.14.3.rel1.win32_1.0.100.202602081740/tools/bin/../lib/gcc/arm-none-eabi/14.3.1/../../../../arm-none-eabi/lib/thumb/v7e-m+fp/hard\libc_nano.a(libc_a-nano-svfprintf.o)
                                 0x11 (size before relaxing)
 .rodata._printf_i.str1.1
                0x0800b817       0x22 C:/ST/STM32CubeIDE_1.19.0/STM32CubeIDE/plugins/com.st.stm32cube.ide.mcu.externaltools.gnu-tools-for-stm32.14.3.rel1.win32_1.0.100.202602081740/tools/bin/../lib/gcc/arm-none-eabi/14.3.1/../../../../arm-none-eabi/lib/thumb/v7e-m+fp/hard\libc_nano.a(libc_a-nano-vfprintf_i.o)
                0x0800b83c                        . = ALIGN (0x4)
 *fill*         0x0800b817        0x1 

.ARM.extab      0x0800b818        0x0
                0x0800b818                        . = ALIGN (0x4)
 *(.ARM.extab* .gnu.linkonce.armextab.*)
                0x0800b818                        . = ALIGN (0x4)

.ARM            0x0800b818        0x8
                0x0800b818                        . = ALIGN (0x4)
                0x0800b818                        __exidx_start = .
 *(.ARM.exidx*)
 .ARM.exidx     0x0800b818        0x8 C:/ST/STM32CubeIDE_1.19.0/STM32CubeIDE/plugins/com.st.stm32cube.ide.mcu.externaltools.gnu-tools-for-stm32.14.3.rel1.win32_1.0.100.202602081740/tools/bin/../lib/gcc/arm-none-eabi/14.3.1/../../../../arm-none-eabi/lib/thumb/v7e-m+fp/hard\libc_nano.a(libc_a-memchr.o)
 .ARM.exidx     0x0800b820        0x0 C:/ST/STM32CubeIDE_1.19.0/STM32CubeIDE/plugins/com.st.stm32cube.ide.mcu.externaltools.gnu-tools-for-stm32.14.3.rel1.win32_1.0.100.202602081740/tools/bin/../lib/gcc/arm-none-eabi/14.3.1/thumb/v7e-m+fp/hard\libgcc.a(_udivmoddi4.o)
                                  0x8 (size before relaxing)
                0x0800b820                        __exidx_end = .
                0x0800b820                        . = ALIGN (0x4)

.preinit_array  0x0800b820        0x0
                0x0800b820                        . = ALIGN (0x4)
                0x0800b820                        PROVIDE (__preinit_array_start = .)
 *(.preinit_array*)
                0x0800b820                        PROVIDE (__preinit_array_end = .)
                0x0800b820                        . = ALIGN (0x4)

.init_array     0x0800b820        0x4
                0x0800b820                        . = ALIGN (0x4)
                0x0800b820                        PROVIDE (__init_array_start = .)
 *(SORT_BY_NAME(.init_array.*))
 *(.init_array*)
 .init_array    0x0800b820        0x4 C:/ST/STM32CubeIDE_1.19.0/STM32CubeIDE/plugins/com.st.stm32cube.ide.mcu.externaltools.gnu-tools-for-stm32.14.3.rel1.win32_1.0.100.202602081740/tools/bin/../lib/gcc/arm-none-eabi/14.3.1/thumb/v7e-m+fp/hard/crtbegin.o
                0x0800b824                        PROVIDE (__init_array_end = .)
                0x0800b824                        . = ALIGN (0x4)

.fini_array     0x0800b824        0x4
                0x0800b824                        . = ALIGN (0x4)
                [!provide]                        PROVIDE (__fini_array_start = .)
 *(SORT_BY_NAME(.fini_array.*))
 *(.fini_array*)
 .fini_array    0x0800b824        0x4 C:/ST/STM32CubeIDE_1.19.0/STM32CubeIDE/plugins/com.st.stm32cube.ide.mcu.externaltools.gnu-tools-for-stm32.14.3.rel1.win32_1.0.100.202602081740/tools/bin/../lib/gcc/arm-none-eabi/14.3.1/thumb/v7e-m+fp/hard/crtbegin.o
                [!provide]                        PROVIDE (__fini_array_end = .)
                0x0800b828                        . = ALIGN (0x4)
                0x0800b828                        _sidata = LOADADDR (.data)

.rel.dyn        0x0800b828        0x0
 .rel.iplt      0x0800b828        0x0 C:/ST/STM32CubeIDE_1.19.0/STM32CubeIDE/plugins/com.st.stm32cube.ide.mcu.externaltools.gnu-tools-for-stm32.14.3.rel1.win32_1.0.100.202602081740/tools/bin/../lib/gcc/arm-none-eabi/14.3.1/thumb/v7e-m+fp/hard/crtbegin.o

.data           0x20000000       0xd8 load address 0x0800b828
                0x20000000                        . = ALIGN (0x4)
                0x20000000                        _sdata = .
 *(.data)
 *(.data*)
 .data.bms_measurements
                0x20000000       0x78 ./Core/Src/bms.o
                0x20000000                bms_measurements
 .data.SystemCoreClock
                0x20000078        0x4 ./Core/Src/system_stm32f4xx.o
                0x20000078                SystemCoreClock
 .data.uwTickPrio
                0x2000007c        0x4 ./Drivers/STM32F4xx_HAL_Driver/Src/stm32f4xx_hal.o
                0x2000007c                uwTickPrio
 .data.uwTickFreq
                0x20000080        0x1 ./Drivers/STM32F4xx_HAL_Driver/Src/stm32f4xx_hal.o
                0x20000080                uwTickFreq
 *fill*         0x20000081        0x3 
 .data.uxCriticalNesting
                0x20000084        0x4 ./Middlewares/Third_Party/FreeRTOS/Source/portable/GCC/ARM_CM4F/port.o
 .data._impure_ptr
                0x20000088        0x4 C:/ST/STM32CubeIDE_1.19.0/STM32CubeIDE/plugins/com.st.stm32cube.ide.mcu.externaltools.gnu-tools-for-stm32.14.3.rel1.win32_1.0.100.202602081740/tools/bin/../lib/gcc/arm-none-eabi/14.3.1/../../../../arm-none-eabi/lib/thumb/v7e-m+fp/hard\libc_nano.a(libc_a-impure.o)
                0x20000088                _impure_ptr
 .data._impure_data
                0x2000008c       0x4c C:/ST/STM32CubeIDE_1.19.0/STM32CubeIDE/plugins/com.st.stm32cube.ide.mcu.externaltools.gnu-tools-for-stm32.14.3.rel1.win32_1.0.100.202602081740/tools/bin/../lib/gcc/arm-none-eabi/14.3.1/../../../../arm-none-eabi/lib/thumb/v7e-m+fp/hard\libc_nano.a(libc_a-impure.o)
                0x2000008c                _impure_data
 *(.RamFunc)
 *(.RamFunc*)
                0x200000d8                        . = ALIGN (0x4)
                0x200000d8                        _edata = .
                0x0800b900                        _siccmram = LOADADDR (.ccmram)

.igot.plt       0x200000d8        0x0 load address 0x0800b900
 .igot.plt      0x200000d8        0x0 C:/ST/STM32CubeIDE_1.19.0/STM32CubeIDE/plugins/com.st.stm32cube.ide.mcu.externaltools.gnu-tools-for-stm32.14.3.rel1.win32_1.0.100.202602081740/tools/bin/../lib/gcc/arm-none-eabi/14.3.1/thumb/v7e-m+fp/hard/crtbegin.o

.ccmram         0x10000000        0x0 load address 0x0800b900
                0x10000000                        . = ALIGN (0x4)
                0x10000000                        _sccmram = .
 *(.ccmram)
 *(.ccmram*)
                0x10000000                        . = ALIGN (0x4)
                0x10000000                        _eccmram = .
                0x10000000                        . = ALIGN (0x4)

.bss            0x200000d8     0x4de8
                0x200000d8                        _sbss = .
                0x200000d8                        __bss_start__ = _sbss
 *(.bss)
 .bss           0x200000d8       0x1c C:/ST/STM32CubeIDE_1.19.0/STM32CubeIDE/plugins/com.st.stm32cube.ide.mcu.externaltools.gnu-tools-for-stm32.14.3.rel1.win32_1.0.100.202602081740/tools/bin/../lib/gcc/arm-none-eabi/14.3.1/thumb/v7e-m+fp/hard/crtbegin.o
 *(.bss*)
 .bss.hadc1     0x200000f4       0x48 ./Core/Src/adc.o
                0x200000f4                hadc1
 .bss.hdma_adc1
                0x2000013c       0x60 ./Core/Src/adc.o
                0x2000013c                hdma_adc1
 .bss.hanalog   0x2000019c       0x7c ./Core/Src/analog.o
                0x2000019c                hanalog
 .bss.hbms      0x20000218        0x4 ./Core/Src/bms.o
                0x20000218                hbms
 .bss.hcan2     0x2000021c       0x28 ./Core/Src/can.o
                0x2000021c                hcan2
 .bss.defaultTaskHandle
                0x20000244        0x4 ./Core/Src/freertos.o
                0x20000244                defaultTaskHandle
 .bss.distrHandleHandle
                0x20000248        0x4 ./Core/Src/freertos.o
                0x20000248                distrHandleHandle
 .bss.telemetryHandleHandle
                0x2000024c        0x4 ./Core/Src/freertos.o
                0x2000024c                telemetryHandleHandle
 .bss.heaterHandleHandle
                0x20000250        0x4 ./Core/Src/freertos.o
                0x20000250                heaterHandleHandle
 .bss.BMSHandleHandle
                0x20000254        0x4 ./Core/Src/freertos.o
                0x20000254                BMSHandleHandle
 .bss.commandHandleHandle
                0x20000258        0x4 ./Core/Src/freertos.o
                0x20000258                commandHandleHandle
 .bss.analogHandleHandle
                0x2000025c        0x4 ./Core/Src/freertos.o
                0x2000025c                analogHandleHandle
 .bss.hi2c1     0x20000260       0x54 ./Core/Src/i2c.o
                0x20000260                hi2c1
 .bss.hdist     0x200002b4       0x12 ./Core/Src/powerDistribution.o
                0x200002b4                hdist
 *fill*         0x200002c6        0x2 
 .bss.distributionQueue
                0x200002c8        0x4 ./Core/Src/powerDistribution.o
                0x200002c8                distributionQueue
 .bss.__sbrk_heap_end
                0x200002cc        0x4 ./Core/Src/sysmem.o
 .bss.rx_byte   0x200002d0        0x1 ./Core/Src/telemetry.o
                0x200002d0                rx_byte
 *fill*         0x200002d1        0x3 
 .bss.rx_line   0x200002d4       0x40 ./Core/Src/telemetry.o
                0x200002d4                rx_line
 .bss.rx_index  0x20000314        0x2 ./Core/Src/telemetry.o
                0x20000314                rx_index
 .bss.rx_ready  0x20000316        0x1 ./Core/Src/telemetry.o
                0x20000316                rx_ready
 .bss.rx_msg_len
                0x20000317        0x1 ./Core/Src/telemetry.o
                0x20000317                rx_msg_len
 .bss.htelem    0x20000318       0x30 ./Core/Src/telemetry.o
                0x20000318                htelem
 .bss.canCommandQueue
                0x20000348        0x4 ./Core/Src/telemetry.o
                0x20000348                canCommandQueue
 .bss.htim2     0x2000034c       0x48 ./Core/Src/tim.o
                0x2000034c                htim2
 .bss.huart4    0x20000394       0x48 ./Core/Src/usart.o
                0x20000394                huart4
 .bss.huart7    0x200003dc       0x48 ./Core/Src/usart.o
                0x200003dc                huart7
 .bss.uwTick    0x20000424        0x4 ./Drivers/STM32F4xx_HAL_Driver/Src/stm32f4xx_hal.o
                0x20000424                uwTick
 .bss.KernelState
                0x20000428        0x4 ./Middlewares/Third_Party/FreeRTOS/Source/CMSIS_RTOS_V2/cmsis_os2.o
 .bss.Idle_TCB.3
                0x2000042c       0x5c ./Middlewares/Third_Party/FreeRTOS/Source/CMSIS_RTOS_V2/cmsis_os2.o
 .bss.Idle_Stack.2
                0x20000488      0x200 ./Middlewares/Third_Party/FreeRTOS/Source/CMSIS_RTOS_V2/cmsis_os2.o
 .bss.Timer_TCB.1
                0x20000688       0x5c ./Middlewares/Third_Party/FreeRTOS/Source/CMSIS_RTOS_V2/cmsis_os2.o
 .bss.Timer_Stack.0
                0x200006e4      0x400 ./Middlewares/Third_Party/FreeRTOS/Source/CMSIS_RTOS_V2/cmsis_os2.o
 .bss.xQueueRegistry
                0x20000ae4       0x40 ./Middlewares/Third_Party/FreeRTOS/Source/queue.o
                0x20000ae4                xQueueRegistry
 .bss.pxCurrentTCB
                0x20000b24        0x4 ./Middlewares/Third_Party/FreeRTOS/Source/tasks.o
                0x20000b24                pxCurrentTCB
 .bss.pxReadyTasksLists
                0x20000b28      0x460 ./Middlewares/Third_Party/FreeRTOS/Source/tasks.o
 .bss.xDelayedTaskList1
                0x20000f88       0x14 ./Middlewares/Third_Party/FreeRTOS/Source/tasks.o
 .bss.xDelayedTaskList2
                0x20000f9c       0x14 ./Middlewares/Third_Party/FreeRTOS/Source/tasks.o
 .bss.pxDelayedTaskList
                0x20000fb0        0x4 ./Middlewares/Third_Party/FreeRTOS/Source/tasks.o
 .bss.pxOverflowDelayedTaskList
                0x20000fb4        0x4 ./Middlewares/Third_Party/FreeRTOS/Source/tasks.o
 .bss.xPendingReadyList
                0x20000fb8       0x14 ./Middlewares/Third_Party/FreeRTOS/Source/tasks.o
 .bss.xTasksWaitingTermination
                0x20000fcc       0x14 ./Middlewares/Third_Party/FreeRTOS/Source/tasks.o
 .bss.uxDeletedTasksWaitingCleanUp
                0x20000fe0        0x4 ./Middlewares/Third_Party/FreeRTOS/Source/tasks.o
 .bss.xSuspendedTaskList
                0x20000fe4       0x14 ./Middlewares/Third_Party/FreeRTOS/Source/tasks.o
 .bss.uxCurrentNumberOfTasks
                0x20000ff8        0x4 ./Middlewares/Third_Party/FreeRTOS/Source/tasks.o
 .bss.xTickCount
                0x20000ffc        0x4 ./Middlewares/Third_Party/FreeRTOS/Source/tasks.o
 .bss.uxTopReadyPriority
                0x20001000        0x4 ./Middlewares/Third_Party/FreeRTOS/Source/tasks.o
 .bss.xSchedulerRunning
                0x20001004        0x4 ./Middlewares/Third_Party/FreeRTOS/Source/tasks.o
 .bss.xPendedTicks
                0x20001008        0x4 ./Middlewares/Third_Party/FreeRTOS/Source/tasks.o
 .bss.xYieldPending
                0x2000100c        0x4 ./Middlewares/Third_Party/FreeRTOS/Source/tasks.o
 .bss.xNumOfOverflows
                0x20001010        0x4 ./Middlewares/Third_Party/FreeRTOS/Source/tasks.o
 .bss.uxTaskNumber
                0x20001014        0x4 ./Middlewares/Third_Party/FreeRTOS/Source/tasks.o
 .bss.xNextTaskUnblockTime
                0x20001018        0x4 ./Middlewares/Third_Party/FreeRTOS/Source/tasks.o
 .bss.xIdleTaskHandle
                0x2000101c        0x4 ./Middlewares/Third_Party/FreeRTOS/Source/tasks.o
 .bss.uxSchedulerSuspended
                0x20001020        0x4 ./Middlewares/Third_Party/FreeRTOS/Source/tasks.o
 .bss.xActiveTimerList1
                0x20001024       0x14 ./Middlewares/Third_Party/FreeRTOS/Source/timers.o
 .bss.xActiveTimerList2
                0x20001038       0x14 ./Middlewares/Third_Party/FreeRTOS/Source/timers.o
 .bss.pxCurrentTimerList
                0x2000104c        0x4 ./Middlewares/Third_Party/FreeRTOS/Source/timers.o
 .bss.pxOverflowTimerList
                0x20001050        0x4 ./Middlewares/Third_Party/FreeRTOS/Source/timers.o
 .bss.xTimerQueue
                0x20001054        0x4 ./Middlewares/Third_Party/FreeRTOS/Source/timers.o
 .bss.xTimerTaskHandle
                0x20001058        0x4 ./Middlewares/Third_Party/FreeRTOS/Source/timers.o
 .bss.xLastTime.2
                0x2000105c        0x4 ./Middlewares/Third_Party/FreeRTOS/Source/timers.o
 .bss.ucStaticTimerQueueStorage.1
                0x20001060       0xa0 ./Middlewares/Third_Party/FreeRTOS/Source/timers.o
 .bss.xStaticTimerQueue.0
                0x20001100       0x50 ./Middlewares/Third_Party/FreeRTOS/Source/timers.o
 .bss.ucMaxSysCallPriority
                0x20001150        0x1 ./Middlewares/Third_Party/FreeRTOS/Source/portable/GCC/ARM_CM4F/port.o
 *fill*         0x20001151        0x3 
 .bss.ulMaxPRIGROUPValue
                0x20001154        0x4 ./Middlewares/Third_Party/FreeRTOS/Source/portable/GCC/ARM_CM4F/port.o
 .bss.ucHeap    0x20001158     0x3c00 ./Middlewares/Third_Party/FreeRTOS/Source/portable/MemMang/heap_4.o
 .bss.xStart    0x20004d58        0x8 ./Middlewares/Third_Party/FreeRTOS/Source/portable/MemMang/heap_4.o
 .bss.pxEnd     0x20004d60        0x4 ./Middlewares/Third_Party/FreeRTOS/Source/portable/MemMang/heap_4.o
 .bss.xFreeBytesRemaining
                0x20004d64        0x4 ./Middlewares/Third_Party/FreeRTOS/Source/portable/MemMang/heap_4.o
 .bss.xMinimumEverFreeBytesRemaining
                0x20004d68        0x4 ./Middlewares/Third_Party/FreeRTOS/Source/portable/MemMang/heap_4.o
 .bss.xNumberOfSuccessfulAllocations
                0x20004d6c        0x4 ./Middlewares/Third_Party/FreeRTOS/Source/portable/MemMang/heap_4.o
 .bss.xNumberOfSuccessfulFrees
                0x20004d70        0x4 ./Middlewares/Third_Party/FreeRTOS/Source/portable/MemMang/heap_4.o
 .bss.xBlockAllocatedBit
                0x20004d74        0x4 ./Middlewares/Third_Party/FreeRTOS/Source/portable/MemMang/heap_4.o
 .bss.__sf      0x20004d78      0x138 C:/ST/STM32CubeIDE_1.19.0/STM32CubeIDE/plugins/com.st.stm32cube.ide.mcu.externaltools.gnu-tools-for-stm32.14.3.rel1.win32_1.0.100.202602081740/tools/bin/../lib/gcc/arm-none-eabi/14.3.1/../../../../arm-none-eabi/lib/thumb/v7e-m+fp/hard\libc_nano.a(libc_a-findfp.o)
                0x20004d78                __sf
 .bss.errno     0x20004eb0        0x4 C:/ST/STM32CubeIDE_1.19.0/STM32CubeIDE/plugins/com.st.stm32cube.ide.mcu.externaltools.gnu-tools-for-stm32.14.3.rel1.win32_1.0.100.202602081740/tools/bin/../lib/gcc/arm-none-eabi/14.3.1/../../../../arm-none-eabi/lib/thumb/v7e-m+fp/hard\libc_nano.a(libc_a-reent.o)
                0x20004eb0                errno
 .bss.__lock___malloc_recursive_mutex
                0x20004eb4        0x1 C:/ST/STM32CubeIDE_1.19.0/STM32CubeIDE/plugins/com.st.stm32cube.ide.mcu.externaltools.gnu-tools-for-stm32.14.3.rel1.win32_1.0.100.202602081740/tools/bin/../lib/gcc/arm-none-eabi/14.3.1/../../../../arm-none-eabi/lib/thumb/v7e-m+fp/hard\libc_nano.a(libc_a-lock.o)
                0x20004eb4                __lock___malloc_recursive_mutex
 *fill*         0x20004eb5        0x3 
 .bss.__malloc_sbrk_start
                0x20004eb8        0x4 C:/ST/STM32CubeIDE_1.19.0/STM32CubeIDE/plugins/com.st.stm32cube.ide.mcu.externaltools.gnu-tools-for-stm32.14.3.rel1.win32_1.0.100.202602081740/tools/bin/../lib/gcc/arm-none-eabi/14.3.1/../../../../arm-none-eabi/lib/thumb/v7e-m+fp/hard\libc_nano.a(libc_a-mallocr.o)
                0x20004eb8                __malloc_sbrk_start
 .bss.__malloc_free_list
                0x20004ebc        0x4 C:/ST/STM32CubeIDE_1.19.0/STM32CubeIDE/plugins/com.st.stm32cube.ide.mcu.externaltools.gnu-tools-for-stm32.14.3.rel1.win32_1.0.100.202602081740/tools/bin/../lib/gcc/arm-none-eabi/14.3.1/../../../../arm-none-eabi/lib/thumb/v7e-m+fp/hard\libc_nano.a(libc_a-mallocr.o)
                0x20004ebc                __malloc_free_list
 *(COMMON)
                0x20004ec0                        . = ALIGN (0x4)
                0x20004ec0                        _ebss = .
                0x20004ec0                        __bss_end__ = _ebss

._user_heap_stack
                0x20004ec0      0x600
                0x20004ec0                        . = ALIGN (0x8)
                [!provide]                        PROVIDE (end = .)
                0x20004ec0                        PROVIDE (_end = .)
                0x200050c0                        . = (. + _Min_Heap_Size)
 *fill*         0x20004ec0      0x200 
                0x200054c0                        . = (. + _Min_Stack_Size)
 *fill*         0x200050c0      0x400 
                0x200054c0                        . = ALIGN (0x8)

/DISCARD/
 libc.a(*)
 libm.a(*)
 libgcc.a(*)

.ARM.attributes
                0x00000000       0x30
 *(.ARM.attributes)
 .ARM.attributes
                0x00000000       0x22 C:/ST/STM32CubeIDE_1.19.0/STM32CubeIDE/plugins/com.st.stm32cube.ide.mcu.externaltools.gnu-tools-for-stm32.14.3.rel1.win32_1.0.100.202602081740/tools/bin/../lib/gcc/arm-none-eabi/14.3.1/thumb/v7e-m+fp/hard/crti.o
 .ARM.attributes
                0x00000022       0x34 C:/ST/STM32CubeIDE_1.19.0/STM32CubeIDE/plugins/com.st.stm32cube.ide.mcu.externaltools.gnu-tools-for-stm32.14.3.rel1.win32_1.0.100.202602081740/tools/bin/../lib/gcc/arm-none-eabi/14.3.1/thumb/v7e-m+fp/hard/crtbegin.o
 .ARM.attributes
                0x00000056       0x34 ./Core/Src/adc.o
 .ARM.attributes
                0x0000008a       0x34 ./Core/Src/analog.o
 .ARM.attributes
                0x000000be       0x34 ./Core/Src/bms.o
 .ARM.attributes
                0x000000f2       0x34 ./Core/Src/can.o
 .ARM.attributes
                0x00000126       0x34 ./Core/Src/dma.o
 .ARM.attributes
                0x0000015a       0x34 ./Core/Src/freertos.o
 .ARM.attributes
                0x0000018e       0x34 ./Core/Src/gpio.o
 .ARM.attributes
                0x000001c2       0x34 ./Core/Src/i2c.o
 .ARM.attributes
                0x000001f6       0x34 ./Core/Src/main.o
 .ARM.attributes
                0x0000022a       0x34 ./Core/Src/powerDistribution.o
 .ARM.attributes
                0x0000025e       0x34 ./Core/Src/stm32f4xx_hal_msp.o
 .ARM.attributes
                0x00000292       0x34 ./Core/Src/stm32f4xx_it.o
 .ARM.attributes
                0x000002c6       0x34 ./Core/Src/sysmem.o
 .ARM.attributes
                0x000002fa       0x34 ./Core/Src/system_stm32f4xx.o
 .ARM.attributes
                0x0000032e       0x34 ./Core/Src/telemetry.o
 .ARM.attributes
                0x00000362       0x34 ./Core/Src/tim.o
 .ARM.attributes
                0x00000396       0x34 ./Core/Src/usart.o
 .ARM.attributes
                0x000003ca       0x21 ./Core/Startup/startup_stm32f427vgtx.o
 .ARM.attributes
                0x000003eb       0x34 ./Drivers/STM32F4xx_HAL_Driver/Src/stm32f4xx_hal.o
 .ARM.attributes
                0x0000041f       0x34 ./Drivers/STM32F4xx_HAL_Driver/Src/stm32f4xx_hal_adc.o
 .ARM.attributes
                0x00000453       0x34 ./Drivers/STM32F4xx_HAL_Driver/Src/stm32f4xx_hal_can.o
 .ARM.attributes
                0x00000487       0x34 ./Drivers/STM32F4xx_HAL_Driver/Src/stm32f4xx_hal_cortex.o
 .ARM.attributes
                0x000004bb       0x34 ./Drivers/STM32F4xx_HAL_Driver/Src/stm32f4xx_hal_dma.o
 .ARM.attributes
                0x000004ef       0x34 ./Drivers/STM32F4xx_HAL_Driver/Src/stm32f4xx_hal_gpio.o
 .ARM.attributes
                0x00000523       0x34 ./Drivers/STM32F4xx_HAL_Driver/Src/stm32f4xx_hal_i2c.o
 .ARM.attributes
                0x00000557       0x34 ./Drivers/STM32F4xx_HAL_Driver/Src/stm32f4xx_hal_i2c_ex.o
 .ARM.attributes
                0x0000058b       0x34 ./Drivers/STM32F4xx_HAL_Driver/Src/stm32f4xx_hal_rcc.o
 .ARM.attributes
                0x000005bf       0x34 ./Drivers/STM32F4xx_HAL_Driver/Src/stm32f4xx_hal_tim.o
 .ARM.attributes
                0x000005f3       0x34 ./Drivers/STM32F4xx_HAL_Driver/Src/stm32f4xx_hal_tim_ex.o
 .ARM.attributes
                0x00000627       0x34 ./Drivers/STM32F4xx_HAL_Driver/Src/stm32f4xx_hal_uart.o
 .ARM.attributes
                0x0000065b       0x34 ./Middlewares/Third_Party/FreeRTOS/Source/CMSIS_RTOS_V2/cmsis_os2.o
 .ARM.attributes
                0x0000068f       0x34 ./Middlewares/Third_Party/FreeRTOS/Source/list.o
 .ARM.attributes
                0x000006c3       0x34 ./Middlewares/Third_Party/FreeRTOS/Source/queue.o
 .ARM.attributes
                0x000006f7       0x34 ./Middlewares/Third_Party/FreeRTOS/Source/tasks.o
 .ARM.attributes
                0x0000072b       0x34 ./Middlewares/Third_Party/FreeRTOS/Source/timers.o
 .ARM.attributes
                0x0000075f       0x34 ./Middlewares/Third_Party/FreeRTOS/Source/portable/GCC/ARM_CM4F/port.o
 .ARM.attributes
                0x00000793       0x34 ./Middlewares/Third_Party/FreeRTOS/Source/portable/MemMang/heap_4.o
 .ARM.attributes
                0x000007c7       0x34 C:/ST/STM32CubeIDE_1.19.0/STM32CubeIDE/plugins/com.st.stm32cube.ide.mcu.externaltools.gnu-tools-for-stm32.14.3.rel1.win32_1.0.100.202602081740/tools/bin/../lib/gcc/arm-none-eabi/14.3.1/../../../../arm-none-eabi/lib/thumb/v7e-m+fp/hard\libc_nano.a(libc_a-findfp.o)
 .ARM.attributes
                0x000007fb       0x34 C:/ST/STM32CubeIDE_1.19.0/STM32CubeIDE/plugins/com.st.stm32cube.ide.mcu.externaltools.gnu-tools-for-stm32.14.3.rel1.win32_1.0.100.202602081740/tools/bin/../lib/gcc/arm-none-eabi/14.3.1/../../../../arm-none-eabi/lib/thumb/v7e-m+fp/hard\libc_nano.a(libc_a-snprintf.o)
 .ARM.attributes
                0x0000082f       0x34 C:/ST/STM32CubeIDE_1.19.0/STM32CubeIDE/plugins/com.st.stm32cube.ide.mcu.externaltools.gnu-tools-for-stm32.14.3.rel1.win32_1.0.100.202602081740/tools/bin/../lib/gcc/arm-none-eabi/14.3.1/../../../../arm-none-eabi/lib/thumb/v7e-m+fp/hard\libc_nano.a(libc_a-vsnprintf.o)
 .ARM.attributes
                0x00000863       0x34 C:/ST/STM32CubeIDE_1.19.0/STM32CubeIDE/plugins/com.st.stm32cube.ide.mcu.externaltools.gnu-tools-for-stm32.14.3.rel1.win32_1.0.100.202602081740/tools/bin/../lib/gcc/arm-none-eabi/14.3.1/../../../../arm-none-eabi/lib/thumb/v7e-m+fp/hard\libc_nano.a(libc_a-memset.o)
 .ARM.attributes
                0x00000897       0x34 C:/ST/STM32CubeIDE_1.19.0/STM32CubeIDE/plugins/com.st.stm32cube.ide.mcu.externaltools.gnu-tools-for-stm32.14.3.rel1.win32_1.0.100.202602081740/tools/bin/../lib/gcc/arm-none-eabi/14.3.1/../../../../arm-none-eabi/lib/thumb/v7e-m+fp/hard\libc_nano.a(libc_a-reent.o)
 .ARM.attributes
                0x000008cb       0x34 C:/ST/STM32CubeIDE_1.19.0/STM32CubeIDE/plugins/com.st.stm32cube.ide.mcu.externaltools.gnu-tools-for-stm32.14.3.rel1.win32_1.0.100.202602081740/tools/bin/../lib/gcc/arm-none-eabi/14.3.1/../../../../arm-none-eabi/lib/thumb/v7e-m+fp/hard\libc_nano.a(libc_a-impure.o)
 .ARM.attributes
                0x000008ff       0x34 C:/ST/STM32CubeIDE_1.19.0/STM32CubeIDE/plugins/com.st.stm32cube.ide.mcu.externaltools.gnu-tools-for-stm32.14.3.rel1.win32_1.0.100.202602081740/tools/bin/../lib/gcc/arm-none-eabi/14.3.1/../../../../arm-none-eabi/lib/thumb/v7e-m+fp/hard\libc_nano.a(libc_a-errno.o)
 .ARM.attributes
                0x00000933       0x34 C:/ST/STM32CubeIDE_1.19.0/STM32CubeIDE/plugins/com.st.stm32cube.ide.mcu.externaltools.gnu-tools-for-stm32.14.3.rel1.win32_1.0.100.202602081740/tools/bin/../lib/gcc/arm-none-eabi/14.3.1/../../../../arm-none-eabi/lib/thumb/v7e-m+fp/hard\libc_nano.a(libc_a-init.o)
 .ARM.attributes
                0x00000967       0x34 C:/ST/STM32CubeIDE_1.19.0/STM32CubeIDE/plugins/com.st.stm32cube.ide.mcu.externaltools.gnu-tools-for-stm32.14.3.rel1.win32_1.0.100.202602081740/tools/bin/../lib/gcc/arm-none-eabi/14.3.1/../../../../arm-none-eabi/lib/thumb/v7e-m+fp/hard\libc_nano.a(libc_a-lock.o)
 .ARM.attributes
                0x0000099b       0x34 C:/ST/STM32CubeIDE_1.19.0/STM32CubeIDE/plugins/com.st.stm32cube.ide.mcu.externaltools.gnu-tools-for-stm32.14.3.rel1.win32_1.0.100.202602081740/tools/bin/../lib/gcc/arm-none-eabi/14.3.1/../../../../arm-none-eabi/lib/thumb/v7e-m+fp/hard\libc_nano.a(libc_a-memcpy-stub.o)
 .ARM.attributes
                0x000009cf       0x34 C:/ST/STM32CubeIDE_1.19.0/STM32CubeIDE/plugins/com.st.stm32cube.ide.mcu.externaltools.gnu-tools-for-stm32.14.3.rel1.win32_1.0.100.202602081740/tools/bin/../lib/gcc/arm-none-eabi/14.3.1/../../../../arm-none-eabi/lib/thumb/v7e-m+fp/hard\libc_nano.a(libc_a-freer.o)
 .ARM.attributes