Archive member included to satisfy reference by file (symbol)

C:/ST/STM32CubeIDE_1.10.1/STM32CubeIDE/plugins/com.st.stm32cube.ide.mcu.externaltools.gnu-tools-for-stm32.13.3.rel1.win32_1.0.0.202411081344/tools/bin/../lib/gcc/arm-none-eabi/13.3.1/../../../../arm-none-eabi/lib/thumb/v7e-m+fp/hard\libc_nano.a(libc_a-exit.o)
                              C:/ST/STM32CubeIDE_1.10.1/STM32CubeIDE/plugins/com.st.stm32cube.ide.mcu.externaltools.gnu-tools-for-stm32.13.3.rel1.win32_1.0.0.202411081344/tools/bin/../lib/gcc/arm-none-eabi/13.3.1/../../../../arm-none-eabi/lib/thumb/v7e-m+fp/hard/crt0.o (exit)
C:/ST/STM32CubeIDE_1.10.1/STM32CubeIDE/plugins/com.st.stm32cube.ide.mcu.externaltools.gnu-tools-for-stm32.13.3.rel1.win32_1.0.0.202411081344/tools/bin/../lib/gcc/arm-none-eabi/13.3.1/../../../../arm-none-eabi/lib/thumb/v7e-m+fp/hard\libc_nano.a(libc_a-findfp.o)
                              C:/ST/STM32CubeIDE_1.10.1/STM32CubeIDE/plugins/com.st.stm32cube.ide.mcu.externaltools.gnu-tools-for-stm32.13.3.rel1.win32_1.0.0.202411081344/tools/bin/../lib/gcc/arm-none-eabi/13.3.1/../../../../arm-none-eabi/lib/thumb/v7e-m+fp/hard\libc_nano.a(libc_a-exit.o) (__stdio_exit_handler)
C:/ST/STM32CubeIDE_1.10.1/STM32CubeIDE/plugins/com.st.stm32cube.ide.mcu.externaltools.gnu-tools-for-stm32.13.3.rel1.win32_1.0.0.202411081344/tools/bin/../lib/gcc/arm-none-eabi/13.3.1/../../../../arm-none-eabi/lib/thumb/v7e-m+fp/hard\libc_nano.a(libc_a-fwalk.o)
                              C:/ST/STM32CubeIDE_1.10.1/STM32CubeIDE/plugins/com.st.stm32cube.ide.mcu.externaltools.gnu-tools-for-stm32.13.3.rel1.win32_1.0.0.202411081344/tools/bin/../lib/gcc/arm-none-eabi/13.3.1/../../../../arm-none-eabi/lib/thumb/v7e-m+fp/hard\libc_nano.a(libc_a-findfp.o) (_fwalk_sglue)
C:/ST/STM32CubeIDE_1.10.1/STM32CubeIDE/plugins/com.st.stm32cube.ide.mcu.externaltools.gnu-tools-for-stm32.13.3.rel1.win32_1.0.0.202411081344/tools/bin/../lib/gcc/arm-none-eabi/13.3.1/../../../../arm-none-eabi/lib/thumb/v7e-m+fp/hard\libc_nano.a(libc_a-snprintf.o)
                              ./Core/Src/telemetry.o (snprintf)
C:/ST/STM32CubeIDE_1.10.1/STM32CubeIDE/plugins/com.st.stm32cube.ide.mcu.externaltools.gnu-tools-for-stm32.13.3.rel1.win32_1.0.0.202411081344/tools/bin/../lib/gcc/arm-none-eabi/13.3.1/../../../../arm-none-eabi/lib/thumb/v7e-m+fp/hard\libc_nano.a(libc_a-stdio.o)
                              C:/ST/STM32CubeIDE_1.10.1/STM32CubeIDE/plugins/com.st.stm32cube.ide.mcu.externaltools.gnu-tools-for-stm32.13.3.rel1.win32_1.0.0.202411081344/tools/bin/../lib/gcc/arm-none-eabi/13.3.1/../../../../arm-none-eabi/lib/thumb/v7e-m+fp/hard\libc_nano.a(libc_a-findfp.o) (__sread)
C:/ST/STM32CubeIDE_1.10.1/STM32CubeIDE/plugins/com.st.stm32cube.ide.mcu.externaltools.gnu-tools-for-stm32.13.3.rel1.win32_1.0.0.202411081344/tools/bin/../lib/gcc/arm-none-eabi/13.3.1/../../../../arm-none-eabi/lib/thumb/v7e-m+fp/hard\libc_nano.a(libc_a-memset.o)
                              C:/ST/STM32CubeIDE_1.10.1/STM32CubeIDE/plugins/com.st.stm32cube.ide.mcu.externaltools.gnu-tools-for-stm32.13.3.rel1.win32_1.0.0.202411081344/tools/bin/../lib/gcc/arm-none-eabi/13.3.1/../../../../arm-none-eabi/lib/thumb/v7e-m+fp/hard/crt0.o (memset)
C:/ST/STM32CubeIDE_1.10.1/STM32CubeIDE/plugins/com.st.stm32cube.ide.mcu.externaltools.gnu-tools-for-stm32.13.3.rel1.win32_1.0.0.202411081344/tools/bin/../lib/gcc/arm-none-eabi/13.3.1/../../../../arm-none-eabi/lib/thumb/v7e-m+fp/hard\libc_nano.a(libc_a-closer.o)
                              C:/ST/STM32CubeIDE_1.10.1/STM32CubeIDE/plugins/com.st.stm32cube.ide.mcu.externaltools.gnu-tools-for-stm32.13.3.rel1.win32_1.0.0.202411081344/tools/bin/../lib/gcc/arm-none-eabi/13.3.1/../../../../arm-none-eabi/lib/thumb/v7e-m+fp/hard\libc_nano.a(libc_a-stdio.o) (_close_r)
C:/ST/STM32CubeIDE_1.10.1/STM32CubeIDE/plugins/com.st.stm32cube.ide.mcu.externaltools.gnu-tools-for-stm32.13.3.rel1.win32_1.0.0.202411081344/tools/bin/../lib/gcc/arm-none-eabi/13.3.1/../../../../arm-none-eabi/lib/thumb/v7e-m+fp/hard\libc_nano.a(libc_a-reent.o)
                              C:/ST/STM32CubeIDE_1.10.1/STM32CubeIDE/plugins/com.st.stm32cube.ide.mcu.externaltools.gnu-tools-for-stm32.13.3.rel1.win32_1.0.0.202411081344/tools/bin/../lib/gcc/arm-none-eabi/13.3.1/../../../../arm-none-eabi/lib/thumb/v7e-m+fp/hard\libc_nano.a(libc_a-closer.o) (errno)
C:/ST/STM32CubeIDE_1.10.1/STM32CubeIDE/plugins/com.st.stm32cube.ide.mcu.externaltools.gnu-tools-for-stm32.13.3.rel1.win32_1.0.0.202411081344/tools/bin/../lib/gcc/arm-none-eabi/13.3.1/../../../../arm-none-eabi/lib/thumb/v7e-m+fp/hard\libc_nano.a(libc_a-impure.o)
                              C:/ST/STM32CubeIDE_1.10.1/STM32CubeIDE/plugins/com.st.stm32cube.ide.mcu.externaltools.gnu-tools-for-stm32.13.3.rel1.win32_1.0.0.202411081344/tools/bin/../lib/gcc/arm-none-eabi/13.3.1/../../../../arm-none-eabi/lib/thumb/v7e-m+fp/hard\libc_nano.a(libc_a-snprintf.o) (_impure_ptr)
[...]
Memory Configuration

Name             Origin             Length             Attributes
CCMRAM           0x10000000         0x00010000         xrw
RAM              0x20000000         0x00030000         xrw
FLASH            0x08000000         0x00100000         xr
*default*        0x00000000         0xffffffff

Linker script and memory map

LOAD C:/ST/STM32CubeIDE_1.10.1/STM32CubeIDE/plugins/com.st.stm32cube.ide.mcu.externaltools.gnu-tools-for-stm32.13.3.rel1.win32_1.0.0.202411081344/tools/bin/../lib/gcc/arm-none-eabi/13.3.1/thumb/v7e-m+fp/hard/crti.o
LOAD C:/ST/STM32CubeIDE_1.10.1/STM32CubeIDE/plugins/com.st.stm32cube.ide.mcu.externaltools.gnu-tools-for-stm32.13.3.rel1.win32_1.0.0.202411081344/tools/bin/../lib/gcc/arm-none-eabi/13.3.1/thumb/v7e-m+fp/hard/crtbegin.o
LOAD C:/ST/STM32CubeIDE_1.10.1/STM32CubeIDE/plugins/com.st.stm32cube.ide.mcu.externaltools.gnu-tools-for-stm32.13.3.rel1.win32_1.0.0.202411081344/tools/bin/../lib/gcc/arm-none-eabi/13.3.1/../../../../arm-none-eabi/lib/thumb/v7e-m+fp/hard/crt0.o
LOAD ./Core/Src/adc.o
LOAD ./Core/Src/analog.o
LOAD ./Core/Src/can.o
LOAD ./Core/Src/dma.o
LOAD ./Core/Src/freertos.o
LOAD ./Core/Src/gpio.o
LOAD ./Core/Src/i2c.o
LOAD ./Core/Src/main.o
LOAD ./Core/Src/powerDistribution.o
LOAD ./Core/Src/stm32f4xx_hal_msp.o
LOAD ./Core/Src/stm32f4xx_it.o
LOAD ./Core/Src/syscalls.o
LOAD ./Core/Src/sysmem.o
LOAD ./Core/Src/system_stm32f4xx.o
LOAD ./Core/Src/telemetry.o
LOAD ./Core/Src/tim.o
LOAD ./Core/Src/usart.o
LOAD ./Core/Startup/startup_stm32f427vgtx.o
LOAD ./Drivers/STM32F4xx_HAL_Driver/Src/stm32f4xx_hal.o
LOAD ./Drivers/STM32F4xx_HAL_Driver/Src/stm32f4xx_hal_adc.o
LOAD ./Drivers/STM32F4xx_HAL_Driver/Src/stm32f4xx_hal_adc_ex.o
LOAD ./Drivers/STM32F4xx_HAL_Driver/Src/stm32f4xx_hal_can.o
LOAD ./Drivers/STM32F4xx_HAL_Driver/Src/stm32f4xx_hal_cortex.o
LOAD ./Drivers/STM32F4xx_HAL_Driver/Src/stm32f4xx_hal_dma.o
LOAD ./Drivers/STM32F4xx_HAL_Driver/Src/stm32f4xx_hal_dma_ex.o
LOAD ./Drivers/STM32F4xx_HAL_Driver/Src/stm32f4xx_hal_exti.o
LOAD ./Drivers/STM32F4xx_HAL_Driver/Src/stm32f4xx_hal_flash.o
LOAD ./Drivers/STM32F4xx_HAL_Driver/Src/stm32f4xx_hal_flash_ex.o
LOAD ./Drivers/STM32F4xx_HAL_Driver/Src/stm32f4xx_hal_flash_ramfunc.o
LOAD ./Drivers/STM32F4xx_HAL_Driver/Src/stm32f4xx_hal_gpio.o
LOAD ./Drivers/STM32F4xx_HAL_Driver/Src/stm32f4xx_hal_i2c.o
LOAD ./Drivers/STM32F4xx_HAL_Driver/Src/stm32f4xx_hal_i2c_ex.o
LOAD ./Drivers/STM32F4xx_HAL_Driver/Src/stm32f4xx_hal_pwr.o
LOAD ./Drivers/STM32F4xx_HAL_Driver/Src/stm32f4xx_hal_pwr_ex.o
LOAD ./Drivers/STM32F4xx_HAL_Driver/Src/stm32f4xx_hal_rcc.o
LOAD ./Drivers/STM32F4xx_HAL_Driver/Src/stm32f4xx_hal_rcc_ex.o
LOAD ./Drivers/STM32F4xx_HAL_Driver/Src/stm32f4xx_hal_tim.o
LOAD ./Drivers/STM32F4xx_HAL_Driver/Src/stm32f4xx_hal_tim_ex.o
LOAD ./Drivers/STM32F4xx_HAL_Driver/Src/stm32f4xx_hal_uart.o
LOAD ./Drivers/STM32F4xx_HAL_Driver/Src/stm32f4xx_ll_adc.o
LOAD ./Middlewares/Third_Party/FreeRTOS/Source/CMSIS_RTOS_V2/cmsis_os2.o
LOAD ./Middlewares/Third_Party/FreeRTOS/Source/croutine.o
LOAD ./Middlewares/Third_Party/FreeRTOS/Source/event_groups.o
LOAD ./Middlewares/Third_Party/FreeRTOS/Source/list.o
LOAD ./Middlewares/Third_Party/FreeRTOS/Source/queue.o
LOAD ./Middlewares/Third_Party/FreeRTOS/Source/stream_buffer.o
LOAD ./Middlewares/Third_Party/FreeRTOS/Source/tasks.o
LOAD ./Middlewares/Third_Party/FreeRTOS/Source/timers.o
LOAD ./Middlewares/Third_Party/FreeRTOS/Source/portable/GCC/ARM_CM4F/port.o
LOAD ./Middlewares/Third_Party/FreeRTOS/Source/portable/MemMang/heap_4.o
START GROUP
LOAD C:/ST/STM32CubeIDE_1.10.1/STM32CubeIDE/plugins/com.st.stm32cube.ide.mcu.externaltools.gnu-tools-for-stm32.13.3.rel1.win32_1.0.0.202411081344/tools/bin/../lib/gcc/arm-none-eabi/13.3.1/../../../../arm-none-eabi/lib/thumb/v7e-m+fp/hard\libc_nano.a
LOAD C:/ST/STM32CubeIDE_1.10.1/STM32CubeIDE/plugins/com.st.stm32cube.ide.mcu.externaltools.gnu-tools-for-stm32.13.3.rel1.win32_1.0.0.202411081344/tools/bin/../lib/gcc/arm-none-eabi/13.3.1/../../../../arm-none-eabi/lib/thumb/v7e-m+fp/hard\libm.a
END GROUP
START GROUP
LOAD C:/ST/STM32CubeIDE_1.10.1/STM32CubeIDE/plugins/com.st.stm32cube.ide.mcu.externaltools.gnu-tools-for-stm32.13.3.rel1.win32_1.0.0.202411081344/tools/bin/../lib/gcc/arm-none-eabi/13.3.1/thumb/v7e-m+fp/hard\libgcc.a
LOAD C:/ST/STM32CubeIDE_1.10.1/STM32CubeIDE/plugins/com.st.stm32cube.ide.mcu.externaltools.gnu-tools-for-stm32.13.3.rel1.win32_1.0.0.202411081344/tools/bin/../lib/gcc/arm-none-eabi/13.3.1/../../../../arm-none-eabi/lib/thumb/v7e-m+fp/hard\libc_nano.a
END GROUP
START GROUP
LOAD C:/ST/STM32CubeIDE_1.10.1/STM32CubeIDE/plugins/com.st.stm32cube.ide.mcu.externaltools.gnu-tools-for-stm32.13.3.rel1.win32_1.0.0.202411081344/tools/bin/../lib/gcc/arm-none-eabi/13.3.1/thumb/v7e-m+fp/hard\libgcc.a
LOAD C:/ST/STM32CubeIDE_1.10.1/STM32CubeIDE/plugins/com.st.stm32cube.ide.mcu.externaltools.gnu-tools-for-stm32.13.3.rel1.win32_1.0.0.202411081344/tools/bin/../lib/gcc/arm-none-eabi/13.3.1/../../../../arm-none-eabi/lib/thumb/v7e-m+fp/hard\libc_nano.a
LOAD C:/ST/STM32CubeIDE_1.10.1/STM32CubeIDE/plugins/com.st.stm32cube.ide.mcu.externaltools.gnu-tools-for-stm32.13.3.rel1.win32_1.0.0.202411081344/tools/bin/../lib/gcc/arm-none-eabi/13.3.1/../../../../arm-none-eabi/lib/thumb/v7e-m+fp/hard\libnosys.a
END GROUP
START GROUP
LOAD C:/ST/STM32CubeIDE_1.10.1/STM32CubeIDE/plugins/com.st.stm32cube.ide.mcu.externaltools.gnu-tools-for-stm32.13.3.rel1.win32_1.0.0.202411081344/tools/bin/../lib/gcc/arm-none-eabi/13.3.1/thumb/v7e-m+fp/hard\libgcc.a
LOAD C:/ST/STM32CubeIDE_1.10.1/STM32CubeIDE/plugins/com.st.stm32cube.ide.mcu.externaltools.gnu-tools-for-stm32.13.3.rel1.win32_1.0.0.202411081344/tools/bin/../lib/gcc/arm-none-eabi/13.3.1/../../../../arm-none-eabi/lib/thumb/v7e-m+fp/hard\libc_nano.a
LOAD C:/ST/STM32CubeIDE_1.10.1/STM32CubeIDE/plugins/com.st.stm32cube.ide.mcu.externaltools.gnu-tools-for-stm32.13.3.rel1.win32_1.0.0.202411081344/tools/bin/../lib/gcc/arm-none-eabi/13.3.1/../../../../arm-none-eabi/lib/thumb/v7e-m+fp/hard\libnosys.a
END GROUP
LOAD C:/ST/STM32CubeIDE_1.10.1/STM32CubeIDE/plugins/com.st.stm32cube.ide.mcu.externaltools.gnu-tools-for-stm32.13.3.rel1.win32_1.0.0.202411081344/tools/bin/../lib/gcc/arm-none-eabi/13.3.1/thumb/v7e-m+fp/hard/crtend.o
LOAD C:/ST/STM32CubeIDE_1.10.1/STM32CubeIDE/plugins/com.st.stm32cube.ide.mcu.externaltools.gnu-tools-for-stm32.13.3.rel1.win32_1.0.0.202411081344/tools/bin/../lib/gcc/arm-none-eabi/13.3.1/thumb/v7e-m+fp/hard/crtn.o
                0x20030000                        _estack = (ORIGIN (RAM) + LENGTH (RAM))
                0x00000200                        _Min_Heap_Size = 0x200
                0x00000400                        _Min_Stack_Size = 0x400

.isr_vector     0x08000000      0x1ac
                0x08000000                        . = ALIGN (0x4)
 *(.isr_vector)
 .isr_vector    0x08000000      0x1ac ./Core/Startup/startup_stm32f427vgtx.o
                0x08000000                g_pfnVectors
                0x080001ac                        . = ALIGN (0x4)

.text           0x080001b0     0x89a4
                0x080001b0                        . = ALIGN (0x4)
 *(.text)
 .text          0x080001b0       0x40 C:/ST/STM32CubeIDE_1.10.1/STM32CubeIDE/plugins/com.st.stm32cube.ide.mcu.externaltools.gnu-tools-for-stm32.13.3.rel1.win32_1.0.0.202411081344/tools/bin/../lib/gcc/arm-none-eabi/13.3.1/thumb/v7e-m+fp/hard/crtbegin.o
 .text          0x080001f0       0x30 C:/ST/STM32CubeIDE_1.10.1/STM32CubeIDE/plugins/com.st.stm32cube.ide.mcu.externaltools.gnu-tools-for-stm32.13.3.rel1.win32_1.0.0.202411081344/tools/bin/../lib/gcc/arm-none-eabi/13.3.1/thumb/v7e-m+fp/hard\libgcc.a(_aeabi_uldivmod.o)
                0x080001f0                __aeabi_uldivmod
 .text          0x08000220      0x2f8 C:/ST/STM32CubeIDE_1.10.1/STM32CubeIDE/plugins/com.st.stm32cube.ide.mcu.externaltools.gnu-tools-for-stm32.13.3.rel1.win32_1.0.0.202411081344/tools/bin/../lib/gcc/arm-none-eabi/13.3.1/thumb/v7e-m+fp/hard\libgcc.a(_udivmoddi4.o)
                0x08000220                __udivmoddi4
 .text          0x08000518        0x4 C:/ST/STM32CubeIDE_1.10.1/STM32CubeIDE/plugins/com.st.stm32cube.ide.mcu.externaltools.gnu-tools-for-stm32.13.3.rel1.win32_1.0.0.202411081344/tools/bin/../lib/gcc/arm-none-eabi/13.3.1/thumb/v7e-m+fp/hard\libgcc.a(_dvmd_tls.o)
                0x08000518                __aeabi_idiv0
                0x08000518                __aeabi_ldiv0
 *(.text*)
 .text.MX_ADC1_Init
                0x0800051c      0x21c ./Core/Src/adc.o
                0x0800051c                MX_ADC1_Init
 .text.HAL_ADC_MspInit
                0x08000738      0x160 ./Core/Src/adc.o
                0x08000738                HAL_ADC_MspInit
 .text.ANALOG_Init
                0x08000898       0x38 ./Core/Src/analog.o
                0x08000898                ANALOG_Init
 .text.ANALOG_startScan
                0x080008d0       0x30 ./Core/Src/analog.o
                0x080008d0                ANALOG_startScan
 .text.ANALOG_process
                0x08000900       0x9c ./Core/Src/analog.o
                0x08000900                ANALOG_process
 .text.ANALOG_convertTemp
                0x0800099c       0x80 ./Core/Src/analog.o
                0x0800099c                ANALOG_convertTemp
 .text.MX_CAN2_Init
                0x08000a1c       0x68 ./Core/Src/can.o
                0x08000a1c                MX_CAN2_Init
 .text.HAL_CAN_MspInit
                0x08000a84       0xac ./Core/Src/can.o
                0x08000a84                HAL_CAN_MspInit
 .text.MX_DMA_Init
                0x08000b30       0x40 ./Core/Src/dma.o
                0x08000b30                MX_DMA_Init
 .text.MX_FREERTOS_Init
                0x08000b70       0xcc ./Core/Src/freertos.o
                0x08000b70                MX_FREERTOS_Init
 .text.StartDefaultTask
                0x08000c3c       0x54 ./Core/Src/freertos.o
                0x08000c3c                StartDefaultTask
 .text.DistributionTask
                0x08000c90       0xd8 ./Core/Src/freertos.o
                0x08000c90                DistributionTask
 .text.telemetry
                0x08000d68       0x12 ./Core/Src/freertos.o
                0x08000d68                telemetry
 .text.heaterControl
                0x08000d7a       0x10 ./Core/Src/freertos.o
                0x08000d7a                heaterControl
 .text.BMScontrol
                0x08000d8a       0x10 ./Core/Src/freertos.o
                0x08000d8a                BMScontrol
 *fill*         0x08000d9a        0x2 
 .text.commandTaskHandler
                0x08000d9c       0x6c ./Core/Src/freertos.o
                0x08000d9c                commandTaskHandler
 .text.analogTask
                0x08000e08       0x26 ./Core/Src/freertos.o
                0x08000e08                analogTask
 *fill*         0x08000e2e        0x2 
 .text.HAL_ADC_ConvCpltCallback
                0x08000e30       0x30 ./Core/Src/freertos.o
                0x08000e30                HAL_ADC_ConvCpltCallback
 .text.MX_GPIO_Init
                0x08000e60      0x268 ./Core/Src/gpio.o
                0x08000e60                MX_GPIO_Init
 .text.MX_I2C1_Init
                0x080010c8       0x80 ./Core/Src/i2c.o
                0x080010c8                MX_I2C1_Init
 .text.HAL_I2C_MspInit
                0x08001148       0x90 ./Core/Src/i2c.o
                0x08001148                HAL_I2C_MspInit
 .text.main     0x080011d8       0x64 ./Core/Src/main.o
                0x080011d8                main
 .text.SystemClock_Config
                0x0800123c       0xc0 ./Core/Src/main.o
                0x0800123c                SystemClock_Config
 .text.Error_Handler
                0x080012fc        0xc ./Core/Src/main.o
                0x080012fc                Error_Handler
 .text.DISTRIBUTION_Init
                0x08001308       0x30 ./Core/Src/powerDistribution.o
                0x08001308                DISTRIBUTION_Init
 .text.DISTRIBUTION_DisableAlleFuses
                0x08001338       0x58 ./Core/Src/powerDistribution.o
                0x08001338                DISTRIBUTION_DisableAlleFuses
 .text.DISTRIBUTION_DisableConverters
                0x08001390       0x34 ./Core/Src/powerDistribution.o
                0x08001390                DISTRIBUTION_DisableConverters
 .text.DISTRIBUTION_UpdateState
                0x080013c4       0x44 ./Core/Src/powerDistribution.o
                0x080013c4                DISTRIBUTION_UpdateState
 .text.DISTRIBUTION_ApplyeFuseCommands
                0x08001408       0xa8 ./Core/Src/powerDistribution.o
                0x08001408                DISTRIBUTION_ApplyeFuseCommands
 .text.HAL_MspInit
                0x080014b0       0x58 ./Core/Src/stm32f4xx_hal_msp.o
                0x080014b0                HAL_MspInit
 .text.NMI_Handler
                0x08001508        0x8 ./Core/Src/stm32f4xx_it.o
                0x08001508                NMI_Handler
 .text.HardFault_Handler
                0x08001510        0x8 ./Core/Src/stm32f4xx_it.o
                0x08001510                HardFault_Handler
 .text.MemManage_Handler
                0x08001518        0x8 ./Core/Src/stm32f4xx_it.o
                0x08001518                MemManage_Handler
 .text.BusFault_Handler
                0x08001520        0x8 ./Core/Src/stm32f4xx_it.o
                0x08001520                BusFault_Handler
 .text.UsageFault_Handler
                0x08001528        0x8 ./Core/Src/stm32f4xx_it.o
                0x08001528                UsageFault_Handler
 .text.DebugMon_Handler
                0x08001530        0xe ./Core/Src/stm32f4xx_it.o
                0x08001530                DebugMon_Handler
 .text.SysTick_Handler
                0x0800153e       0x1a ./Core/Src/stm32f4xx_it.o
                0x0800153e                SysTick_Handler
 .text.UART4_IRQHandler
                0x08001558       0x14 ./Core/Src/stm32f4xx_it.o
                0x08001558                UART4_IRQHandler
 .text.DMA2_Stream0_IRQHandler
                0x0800156c       0x14 ./Core/Src/stm32f4xx_it.o
                0x0800156c                DMA2_Stream0_IRQHandler
 .text.SystemInit
                0x08001580       0x24 ./Core/Src/system_stm32f4xx.o
                0x08001580                SystemInit
 .text.uartCMDHandler
                0x080015a4       0x98 ./Core/Src/telemetry.o
                0x080015a4                uartCMDHandler
 .text.HAL_UART_RxCpltCallback
                0x0800163c       0xa8 ./Core/Src/telemetry.o
                0x0800163c                HAL_UART_RxCpltCallback
 .text.MX_TIM2_Init
                0x080016e4       0xe4 ./Core/Src/tim.o
                0x080016e4                MX_TIM2_Init
 .text.HAL_TIM_Base_MspInit
                0x080017c8       0x40 ./Core/Src/tim.o
                0x080017c8                HAL_TIM_Base_MspInit
 .text.MX_UART4_Init
                0x08001808       0x54 ./Core/Src/usart.o
                0x08001808                MX_UART4_Init
 .text.MX_UART7_Init
                0x0800185c       0x54 ./Core/Src/usart.o
                0x0800185c                MX_UART7_Init
 .text.HAL_UART_MspInit
                0x080018b0      0x110 ./Core/Src/usart.o
                0x080018b0                HAL_UART_MspInit
 .text.Reset_Handler
                0x080019c0       0x50 ./Core/Startup/startup_stm32f427vgtx.o
                0x080019c0                Reset_Handler
 .text.Default_Handler
                0x08001a10        0x2 ./Core/Startup/startup_stm32f427vgtx.o
                0x08001a10                RTC_Alarm_IRQHandler
                0x08001a10                HASH_RNG_IRQHandler
                0x08001a10                EXTI2_IRQHandler
                0x08001a10                TIM8_CC_IRQHandler
                0x08001a10                UART8_IRQHandler
                0x08001a10                SPI4_IRQHandler
                0x08001a10                TIM1_CC_IRQHandler
                0x08001a10                DMA2_Stream5_IRQHandler
                0x08001a10                DMA1_Stream5_IRQHandler
                0x08001a10                PVD_IRQHandler
                0x08001a10                SDIO_IRQHandler
                0x08001a10                TAMP_STAMP_IRQHandler
                0x08001a10                CAN2_RX1_IRQHandler
                0x08001a10                EXTI3_IRQHandler
                0x08001a10                TIM8_TRG_COM_TIM14_IRQHandler
                0x08001a10                TIM1_UP_TIM10_IRQHandler
                0x08001a10                TIM8_UP_TIM13_IRQHandler
                0x08001a10                I2C3_ER_IRQHandler
                0x08001a10                EXTI0_IRQHandler
                0x08001a10                I2C2_EV_IRQHandler
                0x08001a10                DMA1_Stream2_IRQHandler
                0x08001a10                CAN1_RX0_IRQHandler
                0x08001a10                FPU_IRQHandler
                0x08001a10                OTG_HS_WKUP_IRQHandler
                0x08001a10                CAN2_SCE_IRQHandler
                0x08001a10                DMA2_Stream2_IRQHandler
                0x08001a10                SPI1_IRQHandler
                0x08001a10                TIM6_DAC_IRQHandler
                0x08001a10                TIM1_BRK_TIM9_IRQHandler
                0x08001a10                DCMI_IRQHandler
                0x08001a10                CAN2_RX0_IRQHandler
                0x08001a10                DMA2_Stream3_IRQHandler
                0x08001a10                USART6_IRQHandler
                0x08001a10                USART3_IRQHandler
                0x08001a10                CAN1_RX1_IRQHandler
                0x08001a10                UART5_IRQHandler
                0x08001a10                TIM4_IRQHandler
                0x08001a10                I2C1_EV_IRQHandler
                0x08001a10                DMA1_Stream6_IRQHandler
                0x08001a10                DMA1_Stream1_IRQHandler
                0x08001a10                TIM3_IRQHandler
                0x08001a10                RCC_IRQHandler
                0x08001a10                TIM8_BRK_TIM12_IRQHandler
                0x08001a10                Default_Handler
                0x08001a10                EXTI15_10_IRQHandler
                0x08001a10                ADC_IRQHandler
                0x08001a10                DMA1_Stream7_IRQHandler
                0x08001a10                SPI5_IRQHandler
                0x08001a10                TIM7_IRQHandler
                0x08001a10                CAN2_TX_IRQHandler
                0x08001a10                TIM5_IRQHandler
                0x08001a10                DMA2_Stream7_IRQHandler
                0x08001a10                I2C3_EV_IRQHandler
                0x08001a10                EXTI9_5_IRQHandler
                0x08001a10                RTC_WKUP_IRQHandler
                0x08001a10                ETH_WKUP_IRQHandler
                0x08001a10                SPI2_IRQHandler
                0x08001a10                OTG_HS_EP1_IN_IRQHandler
                0x08001a10                DMA1_Stream0_IRQHandler
                0x08001a10                CAN1_TX_IRQHandler
                0x08001a10                EXTI4_IRQHandler
                0x08001a10                ETH_IRQHandler
                0x08001a10                OTG_HS_EP1_OUT_IRQHandler
                0x08001a10                WWDG_IRQHandler
                0x08001a10                SPI6_IRQHandler
                0x08001a10                TIM2_IRQHandler
                0x08001a10                OTG_FS_WKUP_IRQHandler
                0x08001a10                TIM1_TRG_COM_TIM11_IRQHandler
                0x08001a10                OTG_HS_IRQHandler
                0x08001a10                DMA2D_IRQHandler
                0x08001a10                EXTI1_IRQHandler
                0x08001a10                UART7_IRQHandler
                0x08001a10                USART2_IRQHandler
                0x08001a10                I2C2_ER_IRQHandler
                0x08001a10                DMA2_Stream1_IRQHandler
                0x08001a10                CAN1_SCE_IRQHandler
                0x08001a10                FLASH_IRQHandler
                0x08001a10                DMA2_Stream4_IRQHandler
                0x08001a10                USART1_IRQHandler
                0x08001a10                OTG_FS_IRQHandler
                0x08001a10                SPI3_IRQHandler
                0x08001a10                DMA1_Stream4_IRQHandler
                0x08001a10                I2C1_ER_IRQHandler
                0x08001a10                FMC_IRQHandler
                0x08001a10                DMA2_Stream6_IRQHandler
                0x08001a10                SAI1_IRQHandler
                0x08001a10                DMA1_Stream3_IRQHandler
 *fill*         0x08001a12        0x2 
 .text.HAL_Init
                0x08001a14       0x44 ./Drivers/STM32F4xx_HAL_Driver/Src/stm32f4xx_hal.o
                0x08001a14                HAL_Init
 .text.HAL_InitTick
                0x08001a58       0x60 ./Drivers/STM32F4xx_HAL_Driver/Src/stm32f4xx_hal.o
                0x08001a58                HAL_InitTick
 .text.HAL_IncTick
                0x08001ab8       0x28 ./Drivers/STM32F4xx_HAL_Driver/Src/stm32f4xx_hal.o
                0x08001ab8                HAL_IncTick
 .text.HAL_GetTick
                0x08001ae0       0x18 ./Drivers/STM32F4xx_HAL_Driver/Src/stm32f4xx_hal.o
                0x08001ae0                HAL_GetTick
 .text.HAL_ADC_Init
                0x08001af8       0x86 ./Drivers/STM32F4xx_HAL_Driver/Src/stm32f4xx_hal_adc.o
                0x08001af8                HAL_ADC_Init
 *fill*         0x08001b7e        0x2 
 .text.HAL_ADC_Start_DMA
                0x08001b80      0x228 ./Drivers/STM32F4xx_HAL_Driver/Src/stm32f4xx_hal_adc.o
                0x08001b80                HAL_ADC_Start_DMA
 .text.HAL_ADC_ConvHalfCpltCallback
                0x08001da8       0x14 ./Drivers/STM32F4xx_HAL_Driver/Src/stm32f4xx_hal_adc.o
                0x08001da8                HAL_ADC_ConvHalfCpltCallback
 .text.HAL_ADC_ErrorCallback
                0x08001dbc       0x14 ./Drivers/STM32F4xx_HAL_Driver/Src/stm32f4xx_hal_adc.o
                0x08001dbc                HAL_ADC_ErrorCallback
 .text.HAL_ADC_ConfigChannel
                0x08001dd0      0x264 ./Drivers/STM32F4xx_HAL_Driver/Src/stm32f4xx_hal_adc.o
                0x08001dd0                HAL_ADC_ConfigChannel
 .text.ADC_Init
                0x08002034      0x1f8 ./Drivers/STM32F4xx_HAL_Driver/Src/stm32f4xx_hal_adc.o
 .text.ADC_DMAConvCplt
                0x0800222c       0xba ./Drivers/STM32F4xx_HAL_Driver/Src/stm32f4xx_hal_adc.o
 .text.ADC_DMAHalfConvCplt
                0x080022e6       0x1c ./Drivers/STM32F4xx_HAL_Driver/Src/stm32f4xx_hal_adc.o
 .text.ADC_DMAError
                0x08002302       0x2e ./Drivers/STM32F4xx_HAL_Driver/Src/stm32f4xx_hal_adc.o
 .text.HAL_CAN_Init
                0x08002330      0x1f6 ./Drivers/STM32F4xx_HAL_Driver/Src/stm32f4xx_hal_can.o
                0x08002330                HAL_CAN_Init
 *fill*         0x08002526        0x2 
 .text.__NVIC_SetPriorityGrouping
                0x08002528       0x48 ./Drivers/STM32F4xx_HAL_Driver/Src/stm32f4xx_hal_cortex.o
 .text.__NVIC_GetPriorityGrouping
                0x08002570       0x1c ./Drivers/STM32F4xx_HAL_Driver/Src/stm32f4xx_hal_cortex.o
 .text.__NVIC_EnableIRQ
                0x0800258c       0x3c ./Drivers/STM32F4xx_HAL_Driver/Src/stm32f4xx_hal_cortex.o
 .text.__NVIC_SetPriority
                0x080025c8       0x54 ./Drivers/STM32F4xx_HAL_Driver/Src/stm32f4xx_hal_cortex.o
 .text.NVIC_EncodePriority
                0x0800261c       0x66 ./Drivers/STM32F4xx_HAL_Driver/Src/stm32f4xx_hal_cortex.o
 *fill*         0x08002682        0x2 
 .text.SysTick_Config
                0x08002684       0x44 ./Drivers/STM32F4xx_HAL_Driver/Src/stm32f4xx_hal_cortex.o
 .text.HAL_NVIC_SetPriorityGrouping
                0x080026c8       0x16 ./Drivers/STM32F4xx_HAL_Driver/Src/stm32f4xx_hal_cortex.o
                0x080026c8                HAL_NVIC_SetPriorityGrouping
 .text.HAL_NVIC_SetPriority
                0x080026de       0x38 ./Drivers/STM32F4xx_HAL_Driver/Src/stm32f4xx_hal_cortex.o
                0x080026de                HAL_NVIC_SetPriority
 .text.HAL_NVIC_EnableIRQ
                0x08002716       0x1c ./Drivers/STM32F4xx_HAL_Driver/Src/stm32f4xx_hal_cortex.o
                0x08002716                HAL_NVIC_EnableIRQ
 .text.HAL_SYSTICK_Config
                0x08002732       0x18 ./Drivers/STM32F4xx_HAL_Driver/Src/stm32f4xx_hal_cortex.o
                0x08002732                HAL_SYSTICK_Config
 *fill*         0x0800274a        0x2 
 .text.HAL_DMA_Init
                0x0800274c      0x15c ./Drivers/STM32F4xx_HAL_Driver/Src/stm32f4xx_hal_dma.o
                0x0800274c                HAL_DMA_Init
 .text.HAL_DMA_Start_IT
                0x080028a8       0xb0 ./Drivers/STM32F4xx_HAL_Driver/Src/stm32f4xx_hal_dma.o
                0x080028a8                HAL_DMA_Start_IT
 .text.HAL_DMA_Abort
                0x08002958       0xe0 ./Drivers/STM32F4xx_HAL_Driver/Src/stm32f4xx_hal_dma.o
                0x08002958                HAL_DMA_Abort
 .text.HAL_DMA_Abort_IT
                0x08002a38       0x44 ./Drivers/STM32F4xx_HAL_Driver/Src/stm32f4xx_hal_dma.o
                0x08002a38                HAL_DMA_Abort_IT
 .text.HAL_DMA_IRQHandler
                0x08002a7c      0x314 ./Drivers/STM32F4xx_HAL_Driver/Src/stm32f4xx_hal_dma.o
                0x08002a7c                HAL_DMA_IRQHandler
 .text.DMA_SetConfig
                0x08002d90       0x5c ./Drivers/STM32F4xx_HAL_Driver/Src/stm32f4xx_hal_dma.o
 .text.DMA_CalcBaseAndBitshift
                0x08002dec       0x6c ./Drivers/STM32F4xx_HAL_Driver/Src/stm32f4xx_hal_dma.o
 .text.DMA_CheckFifoParam
                0x08002e58       0xf8 ./Drivers/STM32F4xx_HAL_Driver/Src/stm32f4xx_hal_dma.o
 .text.HAL_GPIO_Init
                0x08002f50      0x358 ./Drivers/STM32F4xx_HAL_Driver/Src/stm32f4xx_hal_gpio.o
                0x08002f50                HAL_GPIO_Init
 .text.HAL_GPIO_WritePin
                0x080032a8       0x32 ./Drivers/STM32F4xx_HAL_Driver/Src/stm32f4xx_hal_gpio.o
                0x080032a8                HAL_GPIO_WritePin
 *fill*         0x080032da        0x2 
 .text.HAL_I2C_Init
                0x080032dc      0x288 ./Drivers/STM32F4xx_HAL_Driver/Src/stm32f4xx_hal_i2c.o
                0x080032dc                HAL_I2C_Init
 .text.HAL_I2CEx_ConfigAnalogFilter
                0x08003564       0x78 ./Drivers/STM32F4xx_HAL_Driver/Src/stm32f4xx_hal_i2c_ex.o
                0x08003564                HAL_I2CEx_ConfigAnalogFilter
 .text.HAL_I2CEx_ConfigDigitalFilter
                0x080035dc       0x7e ./Drivers/STM32F4xx_HAL_Driver/Src/stm32f4xx_hal_i2c_ex.o
                0x080035dc                HAL_I2CEx_ConfigDigitalFilter
 *fill*         0x0800365a        0x2 
 .text.HAL_RCC_OscConfig
                0x0800365c      0x4f0 ./Drivers/STM32F4xx_HAL_Driver/Src/stm32f4xx_hal_rcc.o
                0x0800365c                HAL_RCC_OscConfig
 .text.HAL_RCC_ClockConfig
                0x08003b4c      0x1cc ./Drivers/STM32F4xx_HAL_Driver/Src/stm32f4xx_hal_rcc.o
                0x08003b4c                HAL_RCC_ClockConfig
 .text.HAL_RCC_GetSysClockFreq
                0x08003d18      0x18c ./Drivers/STM32F4xx_HAL_Driver/Src/stm32f4xx_hal_rcc.o
                0x08003d18                HAL_RCC_GetSysClockFreq
 .text.HAL_RCC_GetHCLKFreq
                0x08003ea4       0x18 ./Drivers/STM32F4xx_HAL_Driver/Src/stm32f4xx_hal_rcc.o
                0x08003ea4                HAL_RCC_GetHCLKFreq
 .text.HAL_RCC_GetPCLK1Freq
                0x08003ebc       0x28 ./Drivers/STM32F4xx_HAL_Driver/Src/stm32f4xx_hal_rcc.o
                0x08003ebc                HAL_RCC_GetPCLK1Freq
 .text.HAL_RCC_GetPCLK2Freq
                0x08003ee4       0x28 ./Drivers/STM32F4xx_HAL_Driver/Src/stm32f4xx_hal_rcc.o
                0x08003ee4                HAL_RCC_GetPCLK2Freq
 .text.HAL_TIM_Base_Init
                0x08003f0c       0x9e ./Drivers/STM32F4xx_HAL_Driver/Src/stm32f4xx_hal_tim.o
                0x08003f0c                HAL_TIM_Base_Init
 *fill*         0x08003faa        0x2 
 .text.HAL_TIM_Base_Start
                0x08003fac       0xd0 ./Drivers/STM32F4xx_HAL_Driver/Src/stm32f4xx_hal_tim.o
                0x08003fac                HAL_TIM_Base_Start
 .text.HAL_TIM_OC_Init
                0x0800407c       0x9e ./Drivers/STM32F4xx_HAL_Driver/Src/stm32f4xx_hal_tim.o
                0x0800407c                HAL_TIM_OC_Init
 .text.HAL_TIM_OC_MspInit
                0x0800411a       0x14 ./Drivers/STM32F4xx_HAL_Driver/Src/stm32f4xx_hal_tim.o
                0x0800411a                HAL_TIM_OC_MspInit
 *fill*         0x0800412e        0x2 
 .text.HAL_TIM_OC_ConfigChannel
                0x08004130       0xb8 ./Drivers/STM32F4xx_HAL_Driver/Src/stm32f4xx_hal_tim.o
                0x08004130                HAL_TIM_OC_ConfigChannel
 .text.HAL_TIM_ConfigClockSource
                0x080041e8      0x18e ./Drivers/STM32F4xx_HAL_Driver/Src/stm32f4xx_hal_tim.o
                0x080041e8                HAL_TIM_ConfigClockSource
 *fill*         0x08004376        0x2 
 .text.TIM_Base_SetConfig
                0x08004378      0x14c ./Drivers/STM32F4xx_HAL_Driver/Src/stm32f4xx_hal_tim.o
                0x08004378                TIM_Base_SetConfig
 .text.TIM_OC1_SetConfig
                0x080044c4       0xe0 ./Drivers/STM32F4xx_HAL_Driver/Src/stm32f4xx_hal_tim.o
 .text.TIM_OC2_SetConfig
                0x080045a4       0xec ./Drivers/STM32F4xx_HAL_Driver/Src/stm32f4xx_hal_tim.o
                0x080045a4                TIM_OC2_SetConfig
 .text.TIM_OC3_SetConfig
                0x08004690       0xe8 ./Drivers/STM32F4xx_HAL_Driver/Src/stm32f4xx_hal_tim.o
 .text.TIM_OC4_SetConfig
                0x08004778       0xac ./Drivers/STM32F4xx_HAL_Driver/Src/stm32f4xx_hal_tim.o
 .text.TIM_TI1_ConfigInputStage
                0x08004824       0x5e ./Drivers/STM32F4xx_HAL_Driver/Src/stm32f4xx_hal_tim.o
 .text.TIM_TI2_ConfigInputStage
                0x08004882       0x60 ./Drivers/STM32F4xx_HAL_Driver/Src/stm32f4xx_hal_tim.o
 .text.TIM_ITRx_SetConfig
                0x080048e2       0x36 ./Drivers/STM32F4xx_HAL_Driver/Src/stm32f4xx_hal_tim.o
 .text.TIM_ETR_SetConfig
                0x08004918       0x40 ./Drivers/STM32F4xx_HAL_Driver/Src/stm32f4xx_hal_tim.o
                0x08004918                TIM_ETR_SetConfig
 .text.HAL_TIMEx_MasterConfigSynchronization
                0x08004958       0xf8 ./Drivers/STM32F4xx_HAL_Driver/Src/stm32f4xx_hal_tim_ex.o
                0x08004958                HAL_TIMEx_MasterConfigSynchronization
 .text.HAL_UART_Init
                0x08004a50       0xa0 ./Drivers/STM32F4xx_HAL_Driver/Src/stm32f4xx_hal_uart.o
                0x08004a50                HAL_UART_Init
 .text.HAL_UART_Receive_IT
                0x08004af0       0x4a ./Drivers/STM32F4xx_HAL_Driver/Src/stm32f4xx_hal_uart.o
                0x08004af0                HAL_UART_Receive_IT
 *fill*         0x08004b3a        0x2 
 .text.HAL_UART_IRQHandler
                0x08004b3c      0x554 ./Drivers/STM32F4xx_HAL_Driver/Src/stm32f4xx_hal_uart.o
                0x08004b3c                HAL_UART_IRQHandler
 .text.HAL_UART_TxCpltCallback
                0x08005090       0x14 ./Drivers/STM32F4xx_HAL_Driver/Src/stm32f4xx_hal_uart.o
                0x08005090                HAL_UART_TxCpltCallback
 .text.HAL_UART_ErrorCallback
                0x080050a4       0x14 ./Drivers/STM32F4xx_HAL_Driver/Src/stm32f4xx_hal_uart.o
                0x080050a4                HAL_UART_ErrorCallback
 .text.HAL_UARTEx_RxEventCallback
                0x080050b8       0x18 ./Drivers/STM32F4xx_HAL_Driver/Src/stm32f4xx_hal_uart.o
                0x080050b8                HAL_UARTEx_RxEventCallback
 .text.UART_Start_Receive_IT
                0x080050d0       0x74 ./Drivers/STM32F4xx_HAL_Driver/Src/stm32f4xx_hal_uart.o
                0x080050d0                UART_Start_Receive_IT
 .text.UART_EndRxTransfer
                0x08005144       0xc6 ./Drivers/STM32F4xx_HAL_Driver/Src/stm32f4xx_hal_uart.o
 .text.UART_DMAAbortOnError
                0x0800520a       0x22 ./Drivers/STM32F4xx_HAL_Driver/Src/stm32f4xx_hal_uart.o
 .text.UART_Transmit_IT
                0x0800522c       0xa0 ./Drivers/STM32F4xx_HAL_Driver/Src/stm32f4xx_hal_uart.o
 .text.UART_EndTransmit_IT
                0x080052cc       0x30 ./Drivers/STM32F4xx_HAL_Driver/Src/stm32f4xx_hal_uart.o
 .text.UART_Receive_IT
                0x080052fc      0x17c ./Drivers/STM32F4xx_HAL_Driver/Src/stm32f4xx_hal_uart.o
 .text.UART_SetConfig
                0x08005478      0x4e8 ./Drivers/STM32F4xx_HAL_Driver/Src/stm32f4xx_hal_uart.o
 .text.__NVIC_SetPriority
                0x08005960       0x54 ./Middlewares/Third_Party/FreeRTOS/Source/CMSIS_RTOS_V2/cmsis_os2.o
 .text.SVC_Setup
                0x080059b4       0x12 ./Middlewares/Third_Party/FreeRTOS/Source/CMSIS_RTOS_V2/cmsis_os2.o
 *fill*         0x080059c6        0x2 
 .text.osKernelInitialize
                0x080059c8       0x48 ./Middlewares/Third_Party/FreeRTOS/Source/CMSIS_RTOS_V2/cmsis_os2.o
                0x080059c8                osKernelInitialize
 .text.osKernelStart
                0x08005a10       0x4c ./Middlewares/Third_Party/FreeRTOS/Source/CMSIS_RTOS_V2/cmsis_os2.o
                0x08005a10                osKernelStart
 .text.osThreadNew
                0x08005a5c      0x124 ./Middlewares/Third_Party/FreeRTOS/Source/CMSIS_RTOS_V2/cmsis_os2.o
                0x08005a5c                osThreadNew
 .text.osThreadFlagsSet
                0x08005b80       0x9c ./Middlewares/Third_Party/FreeRTOS/Source/CMSIS_RTOS_V2/cmsis_os2.o
                0x08005b80                osThreadFlagsSet
 .text.osThreadFlagsWait
                0x08005c1c      0x102 ./Middlewares/Third_Party/FreeRTOS/Source/CMSIS_RTOS_V2/cmsis_os2.o
                0x08005c1c                osThreadFlagsWait
 .text.osDelay  0x08005d1e       0x36 ./Middlewares/Third_Party/FreeRTOS/Source/CMSIS_RTOS_V2/cmsis_os2.o
                0x08005d1e                osDelay
 .text.vApplicationGetIdleTaskMemory
                0x08005d54       0x34 ./Middlewares/Third_Party/FreeRTOS/Source/CMSIS_RTOS_V2/cmsis_os2.o
                0x08005d54                vApplicationGetIdleTaskMemory
 .text.vApplicationGetTimerTaskMemory
                0x08005d88       0x34 ./Middlewares/Third_Party/FreeRTOS/Source/CMSIS_RTOS_V2/cmsis_os2.o
                0x08005d88                vApplicationGetTimerTaskMemory
 .text.vListInitialise
                0x08005dbc       0x40 ./Middlewares/Third_Party/FreeRTOS/Source/list.o
                0x08005dbc                vListInitialise
 .text.vListInitialiseItem
                0x08005dfc       0x1a ./Middlewares/Third_Party/FreeRTOS/Source/list.o
                0x08005dfc                vListInitialiseItem
 .text.vListInsertEnd
                0x08005e16       0x48 ./Middlewares/Third_Party/FreeRTOS/Source/list.o
                0x08005e16                vListInsertEnd
 .text.vListInsert
                0x08005e5e       0x72 ./Middlewares/Third_Party/FreeRTOS/Source/list.o
                0x08005e5e                vListInsert
 .text.uxListRemove
                0x08005ed0       0x54 ./Middlewares/Third_Party/FreeRTOS/Source/list.o
                0x08005ed0                uxListRemove
 .text.xQueueGenericReset
                0x08005f24       0xd4 ./Middlewares/Third_Party/FreeRTOS/Source/queue.o
                0x08005f24                xQueueGenericReset
 .text.xQueueGenericCreateStatic
                0x08005ff8       0xfa ./Middlewares/Third_Party/FreeRTOS/Source/queue.o
                0x08005ff8                xQueueGenericCreateStatic
 .text.xQueueGenericCreate
                0x080060f2       0x76 ./Middlewares/Third_Party/FreeRTOS/Source/queue.o
                0x080060f2                xQueueGenericCreate
 .text.prvInitialiseNewQueue
                0x08006168       0x46 ./Middlewares/Third_Party/FreeRTOS/Source/queue.o
 *fill*         0x080061ae        0x2 
 .text.xQueueGenericSend
                0x080061b0      0x204 ./Middlewares/Third_Party/FreeRTOS/Source/queue.o
                0x080061b0                xQueueGenericSend
 .text.xQueueGenericSendFromISR
                0x080063b4      0x13c ./Middlewares/Third_Party/FreeRTOS/Source/queue.o
                0x080063b4                xQueueGenericSendFromISR
 .text.xQueueReceive
                0x080064f0      0x1c4 ./Middlewares/Third_Party/FreeRTOS/Source/queue.o
                0x080064f0                xQueueReceive
 .text.prvCopyDataToQueue
                0x080066b4       0xd4 ./Middlewares/Third_Party/FreeRTOS/Source/queue.o
 .text.prvCopyDataFromQueue
                0x08006788       0x4c ./Middlewares/Third_Party/FreeRTOS/Source/queue.o
 .text.prvUnlockQueue
                0x080067d4       0xa4 ./Middlewares/Third_Party/FreeRTOS/Source/queue.o
 .text.prvIsQueueEmpty
                0x08006878       0x2c ./Middlewares/Third_Party/FreeRTOS/Source/queue.o
 .text.prvIsQueueFull
                0x080068a4       0x30 ./Middlewares/Third_Party/FreeRTOS/Source/queue.o
 .text.vQueueAddToRegistry
                0x080068d4       0x54 ./Middlewares/Third_Party/FreeRTOS/Source/queue.o
                0x080068d4                vQueueAddToRegistry
 .text.vQueueWaitForMessageRestricted
                0x08006928       0x68 ./Middlewares/Third_Party/FreeRTOS/Source/queue.o
                0x08006928                vQueueWaitForMessageRestricted
 .text.xTaskCreateStatic
                0x08006990       0xc0 ./Middlewares/Third_Party/FreeRTOS/Source/tasks.o
                0x08006990                xTaskCreateStatic
 .text.xTaskCreate
                0x08006a50       0x8a ./Middlewares/Third_Party/FreeRTOS/Source/tasks.o
                0x08006a50                xTaskCreate
 .text.prvInitialiseNewTask
                0x08006ada      0x120 ./Middlewares/Third_Party/FreeRTOS/Source/tasks.o
 *fill*         0x08006bfa        0x2 
 .text.prvAddNewTaskToReadyList
                0x08006bfc       0xe0 ./Middlewares/Third_Party/FreeRTOS/Source/tasks.o
 .text.vTaskDelay
                0x08006cdc       0x6c ./Middlewares/Third_Party/FreeRTOS/Source/tasks.o
                0x08006cdc                vTaskDelay
 .text.vTaskStartScheduler
                0x08006d48       0xd0 ./Middlewares/Third_Party/FreeRTOS/Source/tasks.o
                0x08006d48                vTaskStartScheduler
 .text.vTaskSuspendAll
                0x08006e18       0x1c ./Middlewares/Third_Party/FreeRTOS/Source/tasks.o
                0x08006e18                vTaskSuspendAll
 .text.xTaskResumeAll
                0x08006e34      0x13c ./Middlewares/Third_Party/FreeRTOS/Source/tasks.o
                0x08006e34                xTaskResumeAll
 .text.xTaskGetTickCount
                0x08006f70       0x20 ./Middlewares/Third_Party/FreeRTOS/Source/tasks.o
                0x08006f70                xTaskGetTickCount
 .text.xTaskIncrementTick
                0x08006f90      0x174 ./Middlewares/Third_Party/FreeRTOS/Source/tasks.o
                0x08006f90                xTaskIncrementTick
 .text.vTaskSwitchContext
                0x08007104       0xbc ./Middlewares/Third_Party/FreeRTOS/Source/tasks.o
                0x08007104                vTaskSwitchContext
 .text.vTaskPlaceOnEventList
                0x080071c0       0x4c ./Middlewares/Third_Party/FreeRTOS/Source/tasks.o
                0x080071c0                vTaskPlaceOnEventList
 .text.vTaskPlaceOnEventListRestricted
                0x0800720c       0x58 ./Middlewares/Third_Party/FreeRTOS/Source/tasks.o
                0x0800720c                vTaskPlaceOnEventListRestricted
 .text.xTaskRemoveFromEventList
                0x08007264       0xc8 ./Middlewares/Third_Party/FreeRTOS/Source/tasks.o
                0x08007264                xTaskRemoveFromEventList
 .text.vTaskInternalSetTimeOutState
                0x0800732c       0x2c ./Middlewares/Third_Party/FreeRTOS/Source/tasks.o
                0x0800732c                vTaskInternalSetTimeOutState
 .text.xTaskCheckForTimeOut
                0x08007358       0xc8 ./Middlewares/Third_Party/FreeRTOS/Source/tasks.o
                0x08007358                xTaskCheckForTimeOut
 .text.vTaskMissedYield
                0x08007420       0x18 ./Middlewares/Third_Party/FreeRTOS/Source/tasks.o
                0x08007420                vTaskMissedYield
 .text.prvIdleTask
                0x08007438       0x30 ./Middlewares/Third_Party/FreeRTOS/Source/tasks.o
 .text.prvInitialiseTaskLists
                0x08007468       0x80 ./Middlewares/Third_Party/FreeRTOS/Source/tasks.o
 .text.prvCheckTasksWaitingTermination
                0x080074e8       0x5c ./Middlewares/Third_Party/FreeRTOS/Source/tasks.o
 .text.prvDeleteTCB
                0x08007544       0x60 ./Middlewares/Third_Party/FreeRTOS/Source/tasks.o
 .text.prvResetNextTaskUnblockTime
                0x080075a4       0x40 ./Middlewares/Third_Party/FreeRTOS/Source/tasks.o
 .text.xTaskGetSchedulerState
                0x080075e4       0x3c ./Middlewares/Third_Party/FreeRTOS/Source/tasks.o
                0x080075e4                xTaskGetSchedulerState
 .text.xTaskPriorityDisinherit
                0x08007620       0xe0 ./Middlewares/Third_Party/FreeRTOS/Source/tasks.o
                0x08007620                xTaskPriorityDisinherit
 .text.xTaskNotifyWait
                0x08007700       0xb4 ./Middlewares/Third_Party/FreeRTOS/Source/tasks.o
                0x08007700                xTaskNotifyWait
 .text.xTaskGenericNotify
                0x080077b4      0x174 ./Middlewares/Third_Party/FreeRTOS/Source/tasks.o
                0x080077b4                xTaskGenericNotify
 .text.xTaskGenericNotifyFromISR
                0x08007928      0x1c0 ./Middlewares/Third_Party/FreeRTOS/Source/tasks.o
                0x08007928                xTaskGenericNotifyFromISR
 .text.prvAddCurrentTaskToDelayedList
                0x08007ae8       0xa8 ./Middlewares/Third_Party/FreeRTOS/Source/tasks.o
 .text.xTimerCreateTimerTask
                0x08007b90       0x94 ./Middlewares/Third_Party/FreeRTOS/Source/timers.o
                0x08007b90                xTimerCreateTimerTask
 .text.xTimerGenericCommand
                0x08007c24       0x9c ./Middlewares/Third_Party/FreeRTOS/Source/timers.o
                0x08007c24                xTimerGenericCommand
 .text.prvProcessExpiredTimer
                0x08007cc0       0x9c ./Middlewares/Third_Party/FreeRTOS/Source/timers.o
 .text.prvTimerTask
                0x08007d5c       0x26 ./Middlewares/Third_Party/FreeRTOS/Source/timers.o
 *fill*         0x08007d82        0x2 
 .text.prvProcessTimerOrBlockTask
                0x08007d84       0x9c ./Middlewares/Third_Party/FreeRTOS/Source/timers.o
 .text.prvGetNextExpireTime
                0x08007e20       0x48 ./Middlewares/Third_Party/FreeRTOS/Source/timers.o
 .text.prvSampleTimeNow
                0x08007e68       0x40 ./Middlewares/Third_Party/FreeRTOS/Source/timers.o
 .text.prvInsertTimerInActiveList
                0x08007ea8       0x84 ./Middlewares/Third_Party/FreeRTOS/Source/timers.o
 .text.prvProcessReceivedCommands
                0x08007f2c      0x1cc ./Middlewares/Third_Party/FreeRTOS/Source/timers.o
 .text.prvSwitchTimerLists
                0x080080f8       0xcc ./Middlewares/Third_Party/FreeRTOS/Source/timers.o
 .text.prvCheckForValidListAndQueue
                0x080081c4       0x80 ./Middlewares/Third_Party/FreeRTOS/Source/timers.o
 .text.pxPortInitialiseStack
                0x08008244       0x68 ./Middlewares/Third_Party/FreeRTOS/Source/portable/GCC/ARM_CM4F/port.o
                0x08008244                pxPortInitialiseStack
 .text.prvTaskExitError
                0x080082ac       0x5c ./Middlewares/Third_Party/FreeRTOS/Source/portable/GCC/ARM_CM4F/port.o
 *fill*         0x08008308        0x8 
 .text.SVC_Handler
                0x08008310       0x28 ./Middlewares/Third_Party/FreeRTOS/Source/portable/GCC/ARM_CM4F/port.o
                0x08008310                SVC_Handler
 .text.prvPortStartFirstTask
                0x08008338       0x28 ./Middlewares/Third_Party/FreeRTOS/Source/portable/GCC/ARM_CM4F/port.o
 .text.xPortStartScheduler
                0x08008360      0x148 ./Middlewares/Third_Party/FreeRTOS/Source/portable/GCC/ARM_CM4F/port.o
                0x08008360                xPortStartScheduler
 .text.vPortEnterCritical
                0x080084a8       0x64 ./Middlewares/Third_Party/FreeRTOS/Source/portable/GCC/ARM_CM4F/port.o
                0x080084a8                vPortEnterCritical
 .text.vPortExitCritical
                0x0800850c       0x54 ./Middlewares/Third_Party/FreeRTOS/Source/portable/GCC/ARM_CM4F/port.o
                0x0800850c                vPortExitCritical
 .text.PendSV_Handler
                0x08008560       0x68 ./Middlewares/Third_Party/FreeRTOS/Source/portable/GCC/ARM_CM4F/port.o
                0x08008560                PendSV_Handler
 .text.xPortSysTickHandler
                0x080085c8       0x44 ./Middlewares/Third_Party/FreeRTOS/Source/portable/GCC/ARM_CM4F/port.o
                0x080085c8                xPortSysTickHandler
 .text.vPortSetupTimerInterrupt
                0x0800860c       0x48 ./Middlewares/Third_Party/FreeRTOS/Source/portable/GCC/ARM_CM4F/port.o
                0x0800860c                vPortSetupTimerInterrupt
 .text.vPortEnableVFP
                0x08008654       0x14 ./Middlewares/Third_Party/FreeRTOS/Source/portable/GCC/ARM_CM4F/port.o
 .text.vPortValidateInterruptPriority
                0x08008668       0x84 ./Middlewares/Third_Party/FreeRTOS/Source/portable/GCC/ARM_CM4F/port.o
                0x08008668                vPortValidateInterruptPriority
 .text.pvPortMalloc
                0x080086ec      0x19c ./Middlewares/Third_Party/FreeRTOS/Source/portable/MemMang/heap_4.o
                0x080086ec                pvPortMalloc
 .text.vPortFree
                0x08008888       0xc8 ./Middlewares/Third_Party/FreeRTOS/Source/portable/MemMang/heap_4.o
                0x08008888                vPortFree
 .text.prvHeapInit
                0x08008950       0xc4 ./Middlewares/Third_Party/FreeRTOS/Source/portable/MemMang/heap_4.o
 .text.prvInsertBlockIntoFreeList
                0x08008a14       0xb4 ./Middlewares/Third_Party/FreeRTOS/Source/portable/MemMang/heap_4.o
 .text.memset   0x08008ac8       0x10 C:/ST/STM32CubeIDE_1.10.1/STM32CubeIDE/plugins/com.st.stm32cube.ide.mcu.externaltools.gnu-tools-for-stm32.13.3.rel1.win32_1.0.0.202411081344/tools/bin/../lib/gcc/arm-none-eabi/13.3.1/../../../../arm-none-eabi/lib/thumb/v7e-m+fp/hard\libc_nano.a(libc_a-memset.o)
                0x08008ac8                memset
 .text.__libc_init_array
                0x08008ad8       0x48 C:/ST/STM32CubeIDE_1.10.1/STM32CubeIDE/plugins/com.st.stm32cube.ide.mcu.externaltools.gnu-tools-for-stm32.13.3.rel1.win32_1.0.0.202411081344/tools/bin/../lib/gcc/arm-none-eabi/13.3.1/../../../../arm-none-eabi/lib/thumb/v7e-m+fp/hard\libc_nano.a(libc_a-init.o)
                0x08008ad8                __libc_init_array
 .text.memcpy   0x08008b20       0x1c C:/ST/STM32CubeIDE_1.10.1/STM32CubeIDE/plugins/com.st.stm32cube.ide.mcu.externaltools.gnu-tools-for-stm32.13.3.rel1.win32_1.0.0.202411081344/tools/bin/../lib/gcc/arm-none-eabi/13.3.1/../../../../arm-none-eabi/lib/thumb/v7e-m+fp/hard\libc_nano.a(libc_a-memcpy-stub.o)
                0x08008b20                memcpy
 *(.glue_7)
 .glue_7        0x08008b3c        0x0 linker stubs
 *(.glue_7t)
 .glue_7t       0x08008b3c        0x0 linker stubs
 *(.eh_frame)
 .eh_frame      0x08008b3c        0x0 C:/ST/STM32CubeIDE_1.10.1/STM32CubeIDE/plugins/com.st.stm32cube.ide.mcu.externaltools.gnu-tools-for-stm32.13.3.rel1.win32_1.0.0.202411081344/tools/bin/../lib/gcc/arm-none-eabi/13.3.1/thumb/v7e-m+fp/hard/crtbegin.o
 *(.init)
 .init          0x08008b3c        0x4 C:/ST/STM32CubeIDE_1.10.1/STM32CubeIDE/plugins/com.st.stm32cube.ide.mcu.externaltools.gnu-tools-for-stm32.13.3.rel1.win32_1.0.0.202411081344/tools/bin/../lib/gcc/arm-none-eabi/13.3.1/thumb/v7e-m+fp/hard/crti.o
                0x08008b3c                _init
 .init          0x08008b40        0x8 C:/ST/STM32CubeIDE_1.10.1/STM32CubeIDE/plugins/com.st.stm32cube.ide.mcu.externaltools.gnu-tools-for-stm32.13.3.rel1.win32_1.0.0.202411081344/tools/bin/../lib/gcc/arm-none-eabi/13.3.1/thumb/v7e-m+fp/hard/crtn.o
 *(.fini)
 .fini          0x08008b48        0x4 C:/ST/STM32CubeIDE_1.10.1/STM32CubeIDE/plugins/com.st.stm32cube.ide.mcu.externaltools.gnu-tools-for-stm32.13.3.rel1.win32_1.0.0.202411081344/tools/bin/../lib/gcc/arm-none-eabi/13.3.1/thumb/v7e-m+fp/hard/crti.o
                0x08008b48                _fini
 .fini          0x08008b4c        0x8 C:/ST/STM32CubeIDE_1.10.1/STM32CubeIDE/plugins/com.st.stm32cube.ide.mcu.externaltools.gnu-tools-for-stm32.13.3.rel1.win32_1.0.0.202411081344/tools/bin/../lib/gcc/arm-none-eabi/13.3.1/thumb/v7e-m+fp/hard/crtn.o
                0x08008b54                        . = ALIGN (0x4)
                0x08008b54                        _etext = .

.vfp11_veneer   0x08008b54        0x0
 .vfp11_veneer  0x08008b54        0x0 linker stubs

.v4_bx          0x08008b54        0x0
 .v4_bx         0x08008b54        0x0 linker stubs

.iplt           0x08008b54        0x0
 .iplt          0x08008b54        0x0 C:/ST/STM32CubeIDE_1.10.1/STM32CubeIDE/plugins/com.st.stm32cube.ide.mcu.externaltools.gnu-tools-for-stm32.13.3.rel1.win32_1.0.0.202411081344/tools/bin/../lib/gcc/arm-none-eabi/13.3.1/thumb/v7e-m+fp/hard/crtbegin.o

.rodata         0x08008b54      0x194
                0x08008b54                        . = ALIGN (0x4)
 *(.rodata)
 .rodata        0x08008b54       0x60 ./Core/Src/freertos.o
 .rodata        0x08008bb4        0x5 ./Middlewares/Third_Party/FreeRTOS/Source/tasks.o
 *fill*         0x08008bb9        0x3 
 .rodata        0x08008bbc        0xd ./Middlewares/Third_Party/FreeRTOS/Source/timers.o
 *(.rodata*)
 *fill*         0x08008bc9        0x3 
 .rodata.defaultTask_attributes
                0x08008bcc       0x24 ./Core/Src/freertos.o
                0x08008bcc                defaultTask_attributes
 .rodata.distrTask_attributes
                0x08008bf0       0x24 ./Core/Src/freertos.o
                0x08008bf0                distrTask_attributes
 .rodata.telemetryTask_attributes
                0x08008c14       0x24 ./Core/Src/freertos.o
                0x08008c14                telemetryTask_attributes
 .rodata.heaterControlTa_attributes
                0x08008c38       0x24 ./Core/Src/freertos.o
                0x08008c38                heaterControlTa_attributes
 .rodata.BMScontrolTask_attributes
                0x08008c5c       0x24 ./Core/Src/freertos.o
                0x08008c5c                BMScontrolTask_attributes
 .rodata.commandTask_attributes
                0x08008c80       0x24 ./Core/Src/freertos.o
                0x08008c80                commandTask_attributes
 .rodata.TASK_ANALOG_attributes
                0x08008ca4       0x24 ./Core/Src/freertos.o
                0x08008ca4                TASK_ANALOG_attributes
 .rodata.AHBPrescTable
                0x08008cc8       0x10 ./Core/Src/system_stm32f4xx.o
                0x08008cc8                AHBPrescTable
 .rodata.APBPrescTable
                0x08008cd8        0x8 ./Core/Src/system_stm32f4xx.o
                0x08008cd8                APBPrescTable
 .rodata.flagBitshiftOffset.0
                0x08008ce0        0x8 ./Drivers/STM32F4xx_HAL_Driver/Src/stm32f4xx_hal_dma.o
                0x08008ce8                        . = ALIGN (0x4)

.ARM.extab      0x08008ce8        0x0
                0x08008ce8                        . = ALIGN (0x4)
 *(.ARM.extab* .gnu.linkonce.armextab.*)
                0x08008ce8                        . = ALIGN (0x4)

.ARM            0x08008ce8        0x8
                0x08008ce8                        . = ALIGN (0x4)
                0x08008ce8                        __exidx_start = .
 *(.ARM.exidx*)
 .ARM.exidx     0x08008ce8        0x8 C:/ST/STM32CubeIDE_1.10.1/STM32CubeIDE/plugins/com.st.stm32cube.ide.mcu.externaltools.gnu-tools-for-stm32.13.3.rel1.win32_1.0.0.202411081344/tools/bin/../lib/gcc/arm-none-eabi/13.3.1/thumb/v7e-m+fp/hard\libgcc.a(_udivmoddi4.o)
                0x08008cf0                        __exidx_end = .
                0x08008cf0                        . = ALIGN (0x4)

.preinit_array  0x08008cf0        0x0
                0x08008cf0                        . = ALIGN (0x4)
                0x08008cf0                        PROVIDE (__preinit_array_start = .)
 *(.preinit_array*)
                0x08008cf0                        PROVIDE (__preinit_array_end = .)
                0x08008cf0                        . = ALIGN (0x4)

.init_array     0x08008cf0        0x4
                0x08008cf0                        . = ALIGN (0x4)
                0x08008cf0                        PROVIDE (__init_array_start = .)
 *(SORT_BY_NAME(.init_array.*))
 *(.init_array*)
 .init_array    0x08008cf0        0x4 C:/ST/STM32CubeIDE_1.10.1/STM32CubeIDE/plugins/com.st.stm32cube.ide.mcu.externaltools.gnu-tools-for-stm32.13.3.rel1.win32_1.0.0.202411081344/tools/bin/../lib/gcc/arm-none-eabi/13.3.1/thumb/v7e-m+fp/hard/crtbegin.o
                0x08008cf4                        PROVIDE (__init_array_end = .)
                0x08008cf4                        . = ALIGN (0x4)

.fini_array     0x08008cf4        0x4
                0x08008cf4                        . = ALIGN (0x4)
                [!provide]                        PROVIDE (__fini_array_start = .)
 *(SORT_BY_NAME(.fini_array.*))
 *(.fini_array*)
 .fini_array    0x08008cf4        0x4 C:/ST/STM32CubeIDE_1.10.1/STM32CubeIDE/plugins/com.st.stm32cube.ide.mcu.externaltools.gnu-tools-for-stm32.13.3.rel1.win32_1.0.0.202411081344/tools/bin/../lib/gcc/arm-none-eabi/13.3.1/thumb/v7e-m+fp/hard/crtbegin.o
                [!provide]                        PROVIDE (__fini_array_end = .)
                0x08008cf8                        . = ALIGN (0x4)
                0x08008cf8                        _sidata = LOADADDR (.data)

.rel.dyn        0x08008cf8        0x0
 .rel.iplt      0x08008cf8        0x0 C:/ST/STM32CubeIDE_1.10.1/STM32CubeIDE/plugins/com.st.stm32cube.ide.mcu.externaltools.gnu-tools-for-stm32.13.3.rel1.win32_1.0.0.202411081344/tools/bin/../lib/gcc/arm-none-eabi/13.3.1/thumb/v7e-m+fp/hard/crtbegin.o

.data           0x20000000       0x10 load address 0x08008cf8
                0x20000000                        . = ALIGN (0x4)
                0x20000000                        _sdata = .
 *(.data)
 *(.data*)
 .data.SystemCoreClock
                0x20000000        0x4 ./Core/Src/system_stm32f4xx.o
                0x20000000                SystemCoreClock
 .data.uwTickPrio
                0x20000004        0x4 ./Drivers/STM32F4xx_HAL_Driver/Src/stm32f4xx_hal.o
                0x20000004                uwTickPrio
 .data.uwTickFreq
                0x20000008        0x1 ./Drivers/STM32F4xx_HAL_Driver/Src/stm32f4xx_hal.o
                0x20000008                uwTickFreq
 *fill*         0x20000009        0x3 
 .data.uxCriticalNesting
                0x2000000c        0x4 ./Middlewares/Third_Party/FreeRTOS/Source/portable/GCC/ARM_CM4F/port.o
 *(.RamFunc)
 *(.RamFunc*)
                0x20000010                        . = ALIGN (0x4)
                0x20000010                        _edata = .
                0x08008d08                        _siccmram = LOADADDR (.ccmram)

.igot.plt       0x20000010        0x0 load address 0x08008d08
 .igot.plt      0x20000010        0x0 C:/ST/STM32CubeIDE_1.10.1/STM32CubeIDE/plugins/com.st.stm32cube.ide.mcu.externaltools.gnu-tools-for-stm32.13.3.rel1.win32_1.0.0.202411081344/tools/bin/../lib/gcc/arm-none-eabi/13.3.1/thumb/v7e-m+fp/hard/crtbegin.o

.ccmram         0x10000000        0x0 load address 0x08008d08
                0x10000000                        . = ALIGN (0x4)
                0x10000000                        _sccmram = .
 *(.ccmram)
 *(.ccmram*)
                0x10000000                        . = ALIGN (0x4)
                0x10000000                        _eccmram = .
                0x10000000                        . = ALIGN (0x4)

.bss            0x20000010     0x4c68
                0x20000010                        _sbss = .
                0x20000010                        __bss_start__ = _sbss
 *(.bss)
 .bss           0x20000010       0x1c C:/ST/STM32CubeIDE_1.10.1/STM32CubeIDE/plugins/com.st.stm32cube.ide.mcu.externaltools.gnu-tools-for-stm32.13.3.rel1.win32_1.0.0.202411081344/tools/bin/../lib/gcc/arm-none-eabi/13.3.1/thumb/v7e-m+fp/hard/crtbegin.o
 *(.bss*)
 .bss.hadc1     0x2000002c       0x48 ./Core/Src/adc.o
                0x2000002c                hadc1
 .bss.hdma_adc1
                0x20000074       0x60 ./Core/Src/adc.o
                0x20000074                hdma_adc1
 .bss.hanalog   0x200000d4       0x80 ./Core/Src/analog.o
                0x200000d4                hanalog
 .bss.hcan2     0x20000154       0x28 ./Core/Src/can.o
                0x20000154                hcan2
 .bss.defaultTaskHandle
                0x2000017c        0x4 ./Core/Src/freertos.o
                0x2000017c                defaultTaskHandle
 .bss.distrTaskHandle
                0x20000180        0x4 ./Core/Src/freertos.o
                0x20000180                distrTaskHandle
 .bss.telemetryTaskHandle
                0x20000184        0x4 ./Core/Src/freertos.o
                0x20000184                telemetryTaskHandle
 .bss.heaterControlTaHandle
                0x20000188        0x4 ./Core/Src/freertos.o
                0x20000188                heaterControlTaHandle
 .bss.BMScontrolTaskHandle
                0x2000018c        0x4 ./Core/Src/freertos.o
                0x2000018c                BMScontrolTaskHandle
 .bss.commandTaskHandle
                0x20000190        0x4 ./Core/Src/freertos.o
                0x20000190                commandTaskHandle
 .bss.TASK_ANALOGHandle
                0x20000194        0x4 ./Core/Src/freertos.o
                0x20000194                TASK_ANALOGHandle
 .bss.hi2c1     0x20000198       0x54 ./Core/Src/i2c.o
                0x20000198                hi2c1
 .bss.hdist     0x200001ec       0x14 ./Core/Src/powerDistribution.o
                0x200001ec                hdist
 .bss.distributionQueue
                0x20000200        0x4 ./Core/Src/powerDistribution.o
                0x20000200                distributionQueue
 .bss.rx_byte   0x20000204        0x1 ./Core/Src/telemetry.o
                0x20000204                rx_byte
 *fill*         0x20000205        0x3 
 .bss.rx_line   0x20000208       0x40 ./Core/Src/telemetry.o
                0x20000208                rx_line
 .bss.rx_index  0x20000248        0x2 ./Core/Src/telemetry.o
                0x20000248                rx_index
 .bss.rx_ready  0x2000024a        0x1 ./Core/Src/telemetry.o
                0x2000024a                rx_ready
 .bss.rx_msg_len
                0x2000024b        0x1 ./Core/Src/telemetry.o
                0x2000024b                rx_msg_len
 .bss.htim2     0x2000024c       0x48 ./Core/Src/tim.o
                0x2000024c                htim2
 .bss.huart4    0x20000294       0x48 ./Core/Src/usart.o
                0x20000294                huart4
 .bss.huart7    0x200002dc       0x48 ./Core/Src/usart.o
                0x200002dc                huart7
 .bss.uwTick    0x20000324        0x4 ./Drivers/STM32F4xx_HAL_Driver/Src/stm32f4xx_hal.o
                0x20000324                uwTick
 .bss.KernelState
                0x20000328        0x4 ./Middlewares/Third_Party/FreeRTOS/Source/CMSIS_RTOS_V2/cmsis_os2.o
 .bss.Idle_TCB.3
                0x2000032c       0x5c ./Middlewares/Third_Party/FreeRTOS/Source/CMSIS_RTOS_V2/cmsis_os2.o
 .bss.Idle_Stack.2
                0x20000388      0x200 ./Middlewares/Third_Party/FreeRTOS/Source/CMSIS_RTOS_V2/cmsis_os2.o
 .bss.Timer_TCB.1
                0x20000588       0x5c ./Middlewares/Third_Party/FreeRTOS/Source/CMSIS_RTOS_V2/cmsis_os2.o
 .bss.Timer_Stack.0
                0x200005e4      0x400 ./Middlewares/Third_Party/FreeRTOS/Source/CMSIS_RTOS_V2/cmsis_os2.o
 .bss.xQueueRegistry
                0x200009e4       0x40 ./Middlewares/Third_Party/FreeRTOS/Source/queue.o
                0x200009e4                xQueueRegistry
 .bss.pxCurrentTCB
                0x20000a24        0x4 ./Middlewares/Third_Party/FreeRTOS/Source/tasks.o
                0x20000a24                pxCurrentTCB
 .bss.pxReadyTasksLists
                0x20000a28      0x460 ./Middlewares/Third_Party/FreeRTOS/Source/tasks.o
 .bss.xDelayedTaskList1
                0x20000e88       0x14 ./Middlewares/Third_Party/FreeRTOS/Source/tasks.o
 .bss.xDelayedTaskList2
                0x20000e9c       0x14 ./Middlewares/Third_Party/FreeRTOS/Source/tasks.o
 .bss.pxDelayedTaskList
                0x20000eb0        0x4 ./Middlewares/Third_Party/FreeRTOS/Source/tasks.o
 .bss.pxOverflowDelayedTaskList
                0x20000eb4        0x4 ./Middlewares/Third_Party/FreeRTOS/Source/tasks.o
 .bss.xPendingReadyList
                0x20000eb8       0x14 ./Middlewares/Third_Party/FreeRTOS/Source/tasks.o
 .bss.xTasksWaitingTermination
                0x20000ecc       0x14 ./Middlewares/Third_Party/FreeRTOS/Source/tasks.o
 .bss.uxDeletedTasksWaitingCleanUp
                0x20000ee0        0x4 ./Middlewares/Third_Party/FreeRTOS/Source/tasks.o
 .bss.xSuspendedTaskList
                0x20000ee4       0x14 ./Middlewares/Third_Party/FreeRTOS/Source/tasks.o
 .bss.uxCurrentNumberOfTasks
                0x20000ef8        0x4 ./Middlewares/Third_Party/FreeRTOS/Source/tasks.o
 .bss.xTickCount
                0x20000efc        0x4 ./Middlewares/Third_Party/FreeRTOS/Source/tasks.o
 .bss.uxTopReadyPriority
                0x20000f00        0x4 ./Middlewares/Third_Party/FreeRTOS/Source/tasks.o
 .bss.xSchedulerRunning
                0x20000f04        0x4 ./Middlewares/Third_Party/FreeRTOS/Source/tasks.o
 .bss.xPendedTicks
                0x20000f08        0x4 ./Middlewares/Third_Party/FreeRTOS/Source/tasks.o
 .bss.xYieldPending
                0x20000f0c        0x4 ./Middlewares/Third_Party/FreeRTOS/Source/tasks.o
 .bss.xNumOfOverflows
                0x20000f10        0x4 ./Middlewares/Third_Party/FreeRTOS/Source/tasks.o
 .bss.uxTaskNumber
                0x20000f14        0x4 ./Middlewares/Third_Party/FreeRTOS/Source/tasks.o
 .bss.xNextTaskUnblockTime
                0x20000f18        0x4 ./Middlewares/Third_Party/FreeRTOS/Source/tasks.o
 .bss.xIdleTaskHandle
                0x20000f1c        0x4 ./Middlewares/Third_Party/FreeRTOS/Source/tasks.o
 .bss.uxSchedulerSuspended
                0x20000f20        0x4 ./Middlewares/Third_Party/FreeRTOS/Source/tasks.o
 .bss.xActiveTimerList1
                0x20000f24       0x14 ./Middlewares/Third_Party/FreeRTOS/Source/timers.o
 .bss.xActiveTimerList2
                0x20000f38       0x14 ./Middlewares/Third_Party/FreeRTOS/Source/timers.o
 .bss.pxCurrentTimerList
                0x20000f4c        0x4 ./Middlewares/Third_Party/FreeRTOS/Source/timers.o
 .bss.pxOverflowTimerList
                0x20000f50        0x4 ./Middlewares/Third_Party/FreeRTOS/Source/timers.o
 .bss.xTimerQueue
                0x20000f54        0x4 ./Middlewares/Third_Party/FreeRTOS/Source/timers.o
 .bss.xTimerTaskHandle
                0x20000f58        0x4 ./Middlewares/Third_Party/FreeRTOS/Source/timers.o
 .bss.xLastTime.2
                0x20000f5c        0x4 ./Middlewares/Third_Party/FreeRTOS/Source/timers.o
 .bss.ucStaticTimerQueueStorage.1
                0x20000f60       0xa0 ./Middlewares/Third_Party/FreeRTOS/Source/timers.o
 .bss.xStaticTimerQueue.0
                0x20001000       0x50 ./Middlewares/Third_Party/FreeRTOS/Source/timers.o
 .bss.ucMaxSysCallPriority
                0x20001050        0x1 ./Middlewares/Third_Party/FreeRTOS/Source/portable/GCC/ARM_CM4F/port.o
 *fill*         0x20001051        0x3 
 .bss.ulMaxPRIGROUPValue
                0x20001054        0x4 ./Middlewares/Third_Party/FreeRTOS/Source/portable/GCC/ARM_CM4F/port.o
 .bss.ucHeap    0x20001058     0x3c00 ./Middlewares/Third_Party/FreeRTOS/Source/portable/MemMang/heap_4.o
 .bss.xStart    0x20004c58        0x8 ./Middlewares/Third_Party/FreeRTOS/Source/portable/MemMang/heap_4.o
 .bss.pxEnd     0x20004c60        0x4 ./Middlewares/Third_Party/FreeRTOS/Source/portable/MemMang/heap_4.o
 .bss.xFreeBytesRemaining
                0x20004c64        0x4 ./Middlewares/Third_Party/FreeRTOS/Source/portable/MemMang/heap_4.o
 .bss.xMinimumEverFreeBytesRemaining
                0x20004c68        0x4 ./Middlewares/Third_Party/FreeRTOS/Source/portable/MemMang/heap_4.o
 .bss.xNumberOfSuccessfulAllocations
                0x20004c6c        0x4 ./Middlewares/Third_Party/FreeRTOS/Source/portable/MemMang/heap_4.o
 .bss.xNumberOfSuccessfulFrees
                0x20004c70        0x4 ./Middlewares/Third_Party/FreeRTOS/Source/portable/MemMang/heap_4.o
 .bss.xBlockAllocatedBit
                0x20004c74        0x4 ./Middlewares/Third_Party/FreeRTOS/Source/portable/MemMang/heap_4.o
 *(COMMON)
                0x20004c78                        . = ALIGN (0x4)
                0x20004c78                        _ebss = .
                0x20004c78                        __bss_end__ = _ebss

._user_heap_stack
                0x20004c78      0x600
                0x20004c78                        . = ALIGN (0x8)
                [!provide]                        PROVIDE (end = .)
                0x20004c78                        PROVIDE (_end = .)
                0x20004e78                        . = (. + _Min_Heap_Size)
 *fill*         0x20004c78      0x200 
                0x20005278                        . = (. + _Min_Stack_Size)
 *fill*         0x20004e78      0x400 
                0x20005278                        . = ALIGN (0x8)

/DISCARD/
 libc.a(*)
 libm.a(*)
 libgcc.a(*)

.ARM.attributes
                0x00000000       0x30
 *(.ARM.attributes)
 .ARM.attributes
                0x00000000       0x22 C:/ST/STM32CubeIDE_1.10.1/STM32CubeIDE/plugins/com.st.stm32cube.ide.mcu.externaltools.gnu-tools-for-stm32.13.3.rel1.win32_1.0.0.202411081344/tools/bin/../lib/gcc/arm-none-eabi/13.3.1/thumb/v7e-m+fp/hard/crti.o
 .ARM.attributes
                0x00000022       0x34 C:/ST/STM32CubeIDE_1.10.1/STM32CubeIDE/plugins/com.st.stm32cube.ide.mcu.externaltools.gnu-tools-for-stm32.13.3.rel1.win32_1.0.0.202411081344/tools/bin/../lib/gcc/arm-none-eabi/13.3.1/thumb/v7e-m+fp/hard/crtbegin.o
 .ARM.attributes
                0x00000056       0x34 ./Core/Src/adc.o
 .ARM.attributes
                0x0000008a       0x34 ./Core/Src/analog.o
 .ARM.attributes
                0x000000be       0x34 ./Core/Src/can.o
 .ARM.attributes
                0x000000f2       0x34 ./Core/Src/dma.o
 .ARM.attributes
                0x00000126       0x34 ./Core/Src/freertos.o
 .ARM.attributes
                0x0000015a       0x34 ./Core/Src/gpio.o
 .ARM.attributes
                0x0000018e       0x34 ./Core/Src/i2c.o
 .ARM.attributes
                0x000001c2       0x34 ./Core/Src/main.o
 .ARM.attributes
                0x000001f6       0x34 ./Core/Src/powerDistribution.o
 .ARM.attributes
                0x0000022a       0x34 ./Core/Src/stm32f4xx_hal_msp.o
 .ARM.attributes
                0x0000025e       0x34 ./Core/Src/stm32f4xx_it.o
 .ARM.attributes
                0x00000292       0x34 ./Core/Src/system_stm32f4xx.o
 .ARM.attributes
                0x000002c6       0x34 ./Core/Src/telemetry.o
 .ARM.attributes
                0x000002fa       0x34 ./Core/Src/tim.o
 .ARM.attributes
                0x0000032e       0x34 ./Core/Src/usart.o
 .ARM.attributes
                0x00000362       0x21 ./Core/Startup/startup_stm32f427vgtx.o
 .ARM.attributes
                0x00000383       0x34 ./Drivers/STM32F4xx_HAL_Driver/Src/stm32f4xx_hal.o
 .ARM.attributes
                0x000003b7       0x34 ./Drivers/STM32F4xx_HAL_Driver/Src/stm32f4xx_hal_adc.o
 .ARM.attributes
                0x000003eb       0x34 ./Drivers/STM32F4xx_HAL_Driver/Src/stm32f4xx_hal_can.o
 .ARM.attributes
                0x0000041f       0x34 ./Drivers/STM32F4xx_HAL_Driver/Src/stm32f4xx_hal_cortex.o
 .ARM.attributes
                0x00000453       0x34 ./Drivers/STM32F4xx_HAL_Driver/Src/stm32f4xx_hal_dma.o
 .ARM.attributes
                0x00000487       0x34 ./Drivers/STM32F4xx_HAL_Driver/Src/stm32f4xx_hal_gpio.o
 .ARM.attributes
                0x000004bb       0x34 ./Drivers/STM32F4xx_HAL_Driver/Src/stm32f4xx_hal_i2c.o
 .ARM.attributes
                0x000004ef       0x34 ./Drivers/STM32F4xx_HAL_Driver/Src/stm32f4xx_hal_i2c_ex.o
 .ARM.attributes
                0x00000523       0x34 ./Drivers/STM32F4xx_HAL_Driver/Src/stm32f4xx_hal_rcc.o
 .ARM.attributes
                0x00000557       0x34 ./Drivers/STM32F4xx_HAL_Driver/Src/stm32f4xx_hal_tim.o
 .ARM.attributes
                0x0000058b       0x34 ./Drivers/STM32F4xx_HAL_Driver/Src/stm32f4xx_hal_tim_ex.o
 .ARM.attributes
                0x000005bf       0x34 ./Drivers/STM32F4xx_HAL_Driver/Src/stm32f4xx_hal_uart.o
 .ARM.attributes
                0x000005f3       0x34 ./Middlewares/Third_Party/FreeRTOS/Source/CMSIS_RTOS_V2/cmsis_os2.o
 .ARM.attributes
                0x00000627       0x34 ./Middlewares/Third_Party/FreeRTOS/Source/list.o
 .ARM.attributes
                0x0000065b       0x34 ./Middlewares/Third_Party/FreeRTOS/Source/queue.o
 .ARM.attributes
                0x0000068f       0x34 ./Middlewares/Third_Party/FreeRTOS/Source/tasks.o
 .ARM.attributes
                0x000006c3       0x34 ./Middlewares/Third_Party/FreeRTOS/Source/timers.o
 .ARM.attributes
                0x000006f7       0x34 ./Middlewares/Third_Party/FreeRTOS/Source/portable/GCC/ARM_CM4F/port.o
 .ARM.attributes
                0x0000072b       0x34 ./Middlewares/Third_Party/FreeRTOS/Source/portable/MemMang/heap_4.o
 .ARM.attributes
                0x0000075f       0x34 C:/ST/STM32CubeIDE_1.10.1/STM32CubeIDE/plugins/com.st.stm32cube.ide.mcu.externaltools.gnu-tools-for-stm32.13.3.rel1.win32_1.0.0.202411081344/tools/bin/../lib/gcc/arm-none-eabi/13.3.1/../../../../arm-none-eabi/lib/thumb/v7e-m+fp/hard\libc_nano.a(libc_a-memset.o)
 .ARM.attributes
                0x00000793       0x34 C:/ST/STM32CubeIDE_1.10.1/STM32CubeIDE/plugins/com.st.stm32cube.ide.mcu.externaltools.gnu-tools-for-stm32.13.3.rel1.win32_1.0.0.202411081344/tools/bin/../lib/gcc/arm-none-eabi/13.3.1/../../../../arm-none-eabi/lib/thumb/v7e-m+fp/hard\libc_nano.a(libc_a-init.o)
 .ARM.attributes
                0x000007c7       0x34 C:/ST/STM32CubeIDE_1.10.1/STM32CubeIDE/plugins/com.st.stm32cube.ide.mcu.externaltools.gnu-tools-for-stm32.13.3.rel1.win32_1.0.0.202411081344/tools/bin/../lib/gcc/arm-none-eabi/13.3.1/../../../../arm-none-eabi/lib/thumb/v7e-m+fp/hard\libc_nano.a(libc_a-memcpy-stub.o)
 .ARM.attributes
                0x000007fb       0x22 C:/ST/STM32CubeIDE_1.10.1/STM32CubeIDE/plugins/com.st.stm32cube.ide.mcu.externaltools.gnu-tools-for-stm32.13.3.rel1.win32_1.0.0.202411081344/tools/bin/../lib/gcc/arm-none-eabi/13.3.1/thumb/v7e-m+fp/hard\libgcc.a(_aeabi_uldivmod.o)
 .ARM.attributes
                0x0000081d       0x34 C:/ST/STM32CubeIDE_1.10.1/STM32CubeIDE/plugins/com.st.stm32cube.ide.mcu.externaltools.gnu-tools-for-stm32.13.3.rel1.win32_1.0.0.202411081344/tools/bin/../lib/gcc/arm-none-eabi/13.3.1/thumb/v7e-m+fp/hard\libgcc.a(_udivmoddi4.o)
 .ARM.attributes
                0x00000851       0x22 C:/ST/STM32CubeIDE_1.10.1/STM32CubeIDE/plugins/com.st.stm32cube.ide.mcu.externaltools.gnu-tools-for-stm32.13.3.rel1.win32_1.0.0.202411081344/tools/bin/../lib/gcc/arm-none-eabi/13.3.1/thumb/v7e-m+fp/hard\libgcc.a(_dvmd_tls.o)
 .ARM.attributes
                0x00000873       0x22 C:/ST/STM32CubeIDE_1.10.1/STM32CubeIDE/plugins/com.st.stm32cube.ide.mcu.externaltools.gnu-tools-for-stm32.13.3.rel1.win32_1.0.0.202411081344/tools/bin/../lib/gcc/arm-none-eabi/13.3.1/thumb/v7e-m+fp/hard/crtn.o
OUTPUT(PDM.elf elf32-littlearm)
LOAD linker stubs
LOAD C:/ST/STM32CubeIDE_1.10.1/STM32CubeIDE/plugins/com.st.stm32cube.ide.mcu.externaltools.gnu-tools-for-stm32.13.3.rel1.win32_1.0.0.202411081344/tools/bin/../lib/gcc/arm-none-eabi/13.3.1/../../../../arm-none-eabi/lib/thumb/v7e-m+fp/hard\libc.a
LOAD C:/ST/STM32CubeIDE_1.10.1/STM32CubeIDE/plugins/com.st.stm32cube.ide.mcu.externaltools.gnu-tools-for-stm32.13.3.rel1.win32_1.0.0.202411081344/tools/bin/../lib/gcc/arm-none-eabi/13.3.1/../../../../arm-none-eabi/lib/thumb/v7e-m+fp/hard\libm.a
LOAD C:/ST/STM32CubeIDE_1.10.1/STM32CubeIDE/plugins/com.st.stm32cube.ide.mcu.externaltools.gnu-tools-for-stm32.13.3.rel1.win32_1.0.0.202411081344/tools/bin/../lib/gcc/arm-none-eabi/13.3.1/thumb/v7e-m+fp/hard\libgcc.a

.debug_info     0x00000000    0x20569
 .debug_info    0x00000000      0xa2d ./Core/Src/adc.o
 .debug_info    0x00000a2d      0xb21 ./Core/Src/analog.o
 .debug_info    0x0000154e      0x882 ./Core/Src/can.o
 .debug_info    0x00001dd0      0x4ef ./Core/Src/dma.o
 .debug_info    0x000022bf      0xdf5 ./Core/Src/freertos.o
 .debug_info    0x000030b4      0x455 ./Core/Src/gpio.o
 .debug_info    0x00003509      0x9be ./Core/Src/i2c.o
 .debug_info    0x00003ec7     0x109b ./Core/Src/main.o
 .debug_info    0x00004f62      0x3f2 ./Core/Src/powerDistribution.o
 .debug_info    0x00005354      0x4f9 ./Core/Src/stm32f4xx_hal_msp.o
 .debug_info    0x0000584d      0x66e ./Core/Src/stm32f4xx_it.o
 .debug_info    0x00005ebb      0x52e ./Core/Src/system_stm32f4xx.o
 .debug_info    0x000063e9      0xd70 ./Core/Src/telemetry.o
 .debug_info    0x00007159      0xa6e ./Core/Src/tim.o
 .debug_info    0x00007bc7      0xc27 ./Core/Src/usart.o
 .debug_info    0x000087ee       0x30 ./Core/Startup/startup_stm32f427vgtx.o
 .debug_info    0x0000881e      0x9ae ./Drivers/STM32F4xx_HAL_Driver/Src/stm32f4xx_hal.o
 .debug_info    0x000091cc      0xce3 ./Drivers/STM32F4xx_HAL_Driver/Src/stm32f4xx_hal_adc.o
 .debug_info    0x00009eaf      0xf42 ./Drivers/STM32F4xx_HAL_Driver/Src/stm32f4xx_hal_can.o
 .debug_info    0x0000adf1      0xdb6 ./Drivers/STM32F4xx_HAL_Driver/Src/stm32f4xx_hal_cortex.o
 .debug_info    0x0000bba7      0x8e7 ./Drivers/STM32F4xx_HAL_Driver/Src/stm32f4xx_hal_dma.o
 .debug_info    0x0000c48e      0x6db ./Drivers/STM32F4xx_HAL_Driver/Src/stm32f4xx_hal_gpio.o
 .debug_info    0x0000cb69     0x2421 ./Drivers/STM32F4xx_HAL_Driver/Src/stm32f4xx_hal_i2c.o
 .debug_info    0x0000ef8a      0x672 ./Drivers/STM32F4xx_HAL_Driver/Src/stm32f4xx_hal_i2c_ex.o
 .debug_info    0x0000f5fc      0x8db ./Drivers/STM32F4xx_HAL_Driver/Src/stm32f4xx_hal_rcc.o
 .debug_info    0x0000fed7     0x299d ./Drivers/STM32F4xx_HAL_Driver/Src/stm32f4xx_hal_tim.o
 .debug_info    0x00012874     0x14db ./Drivers/STM32F4xx_HAL_Driver/Src/stm32f4xx_hal_tim_ex.o
 .debug_info    0x00013d4f     0x2f4f ./Drivers/STM32F4xx_HAL_Driver/Src/stm32f4xx_hal_uart.o
 .debug_info    0x00016c9e     0x3a7c ./Middlewares/Third_Party/FreeRTOS/Source/CMSIS_RTOS_V2/cmsis_os2.o
 .debug_info    0x0001a71a      0x2af ./Middlewares/Third_Party/FreeRTOS/Source/list.o
 .debug_info    0x0001a9c9     0x1b79 ./Middlewares/Third_Party/FreeRTOS/Source/queue.o
 .debug_info    0x0001c542     0x21ec ./Middlewares/Third_Party/FreeRTOS/Source/tasks.o
 .debug_info    0x0001e72e     0x1488 ./Middlewares/Third_Party/FreeRTOS/Source/timers.o
 .debug_info    0x0001fbb6      0x4de ./Middlewares/Third_Party/FreeRTOS/Source/portable/GCC/ARM_CM4F/port.o
 .debug_info    0x00020094      0x4d5 ./Middlewares/Third_Party/FreeRTOS/Source/portable/MemMang/heap_4.o

.debug_abbrev   0x00000000     0x4d45
 .debug_abbrev  0x00000000      0x22e ./Core/Src/adc.o
 .debug_abbrev  0x0000022e      0x217 ./Core/Src/analog.o
 .debug_abbrev  0x00000445      0x200 ./Core/Src/can.o
 .debug_abbrev  0x00000645      0x10e ./Core/Src/dma.o
 .debug_abbrev  0x00000753      0x261 ./Core/Src/freertos.o
 .debug_abbrev  0x000009b4      0x152 ./Core/Src/gpio.o
 .debug_abbrev  0x00000b06      0x20a ./Core/Src/i2c.o
 .debug_abbrev  0x00000d10      0x27a ./Core/Src/main.o
 .debug_abbrev  0x00000f8a      0x1e3 ./Core/Src/powerDistribution.o
 .debug_abbrev  0x0000116d      0x119 ./Core/Src/stm32f4xx_hal_msp.o
 .debug_abbrev  0x00001286      0x18b ./Core/Src/stm32f4xx_it.o
 .debug_abbrev  0x00001411      0x11a ./Core/Src/system_stm32f4xx.o
 .debug_abbrev  0x0000152b      0x223 ./Core/Src/telemetry.o
 .debug_abbrev  0x0000174e      0x1d8 ./Core/Src/tim.o
 .debug_abbrev  0x00001926      0x21e ./Core/Src/usart.o
 .debug_abbrev  0x00001b44       0x24 ./Core/Startup/startup_stm32f427vgtx.o
 .debug_abbrev  0x00001b68      0x214 ./Drivers/STM32F4xx_HAL_Driver/Src/stm32f4xx_hal.o
 .debug_abbrev  0x00001d7c      0x252 ./Drivers/STM32F4xx_HAL_Driver/Src/stm32f4xx_hal_adc.o
 .debug_abbrev  0x00001fce      0x25a ./Drivers/STM32F4xx_HAL_Driver/Src/stm32f4xx_hal_can.o
 .debug_abbrev  0x00002228      0x31d ./Drivers/STM32F4xx_HAL_Driver/Src/stm32f4xx_hal_cortex.o
 .debug_abbrev  0x00002545      0x264 ./Drivers/STM32F4xx_HAL_Driver/Src/stm32f4xx_hal_dma.o
 .debug_abbrev  0x000027a9      0x1d4 ./Drivers/STM32F4xx_HAL_Driver/Src/stm32f4xx_hal_gpio.o
 .debug_abbrev  0x0000297d      0x2ad ./Drivers/STM32F4xx_HAL_Driver/Src/stm32f4xx_hal_i2c.o
 .debug_abbrev  0x00002c2a      0x157 ./Drivers/STM32F4xx_HAL_Driver/Src/stm32f4xx_hal_i2c_ex.o
 .debug_abbrev  0x00002d81      0x2b7 ./Drivers/STM32F4xx_HAL_Driver/Src/stm32f4xx_hal_rcc.o
 .debug_abbrev  0x00003038      0x278 ./Drivers/STM32F4xx_HAL_Driver/Src/stm32f4xx_hal_tim.o
 .debug_abbrev  0x000032b0      0x283 ./Drivers/STM32F4xx_HAL_Driver/Src/stm32f4xx_hal_tim_ex.o
 .debug_abbrev  0x00003533      0x30e ./Drivers/STM32F4xx_HAL_Driver/Src/stm32f4xx_hal_uart.o
 .debug_abbrev  0x00003841      0x508 ./Middlewares/Third_Party/FreeRTOS/Source/CMSIS_RTOS_V2/cmsis_os2.o
 .debug_abbrev  0x00003d49       0xf5 ./Middlewares/Third_Party/FreeRTOS/Source/list.o
 .debug_abbrev  0x00003e3e      0x3b6 ./Middlewares/Third_Party/FreeRTOS/Source/queue.o
 .debug_abbrev  0x000041f4      0x386 ./Middlewares/Third_Party/FreeRTOS/Source/tasks.o
 .debug_abbrev  0x0000457a      0x352 ./Middlewares/Third_Party/FreeRTOS/Source/timers.o
 .debug_abbrev  0x000048cc      0x25c ./Middlewares/Third_Party/FreeRTOS/Source/portable/GCC/ARM_CM4F/port.o
 .debug_abbrev  0x00004b28      0x21d ./Middlewares/Third_Party/FreeRTOS/Source/portable/MemMang/heap_4.o

.debug_aranges  0x00000000     0x1b30
 .debug_aranges
                0x00000000       0x30 ./Core/Src/adc.o
 .debug_aranges
                0x00000030       0x38 ./Core/Src/analog.o
 .debug_aranges
                0x00000068       0x30 ./Core/Src/can.o
 .debug_aranges
                0x00000098       0x20 ./Core/Src/dma.o
 .debug_aranges
                0x000000b8       0x60 ./Core/Src/freertos.o
 .debug_aranges
                0x00000118       0x20 ./Core/Src/gpio.o
 .debug_aranges
                0x00000138       0x30 ./Core/Src/i2c.o
 .debug_aranges
                0x00000168       0x30 ./Core/Src/main.o
 .debug_aranges
                0x00000198       0x40 ./Core/Src/powerDistribution.o
 .debug_aranges
                0x000001d8       0x20 ./Core/Src/stm32f4xx_hal_msp.o
 .debug_aranges
                0x000001f8       0x60 ./Core/Src/stm32f4xx_it.o
 .debug_aranges
                0x00000258       0x28 ./Core/Src/system_stm32f4xx.o
 .debug_aranges
                0x00000280       0x40 ./Core/Src/telemetry.o
 .debug_aranges
                0x000002c0       0x30 ./Core/Src/tim.o
 .debug_aranges
                0x000002f0       0x38 ./Core/Src/usart.o
 .debug_aranges
                0x00000328       0x28 ./Core/Startup/startup_stm32f427vgtx.o
 .debug_aranges
                0x00000350      0x100 ./Drivers/STM32F4xx_HAL_Driver/Src/stm32f4xx_hal.o
 .debug_aranges
                0x00000450       0xe8 ./Drivers/STM32F4xx_HAL_Driver/Src/stm32f4xx_hal_adc.o
 .debug_aranges
                0x00000538      0x138 ./Drivers/STM32F4xx_HAL_Driver/Src/stm32f4xx_hal_can.o
 .debug_aranges
                0x00000670      0x130 ./Drivers/STM32F4xx_HAL_Driver/Src/stm32f4xx_hal_cortex.o
 .debug_aranges
                0x000007a0       0x90 ./Drivers/STM32F4xx_HAL_Driver/Src/stm32f4xx_hal_dma.o
 .debug_aranges
                0x00000830       0x58 ./Drivers/STM32F4xx_HAL_Driver/Src/stm32f4xx_hal_gpio.o
 .debug_aranges
                0x00000888      0x2a8 ./Drivers/STM32F4xx_HAL_Driver/Src/stm32f4xx_hal_i2c.o
 .debug_aranges
                0x00000b30       0x28 ./Drivers/STM32F4xx_HAL_Driver/Src/stm32f4xx_hal_i2c_ex.o
 .debug_aranges
                0x00000b58       0x88 ./Drivers/STM32F4xx_HAL_Driver/Src/stm32f4xx_hal_rcc.o
 .debug_aranges
                0x00000be0      0x3d0 ./Drivers/STM32F4xx_HAL_Driver/Src/stm32f4xx_hal_tim.o
 .debug_aranges
                0x00000fb0      0x168 ./Drivers/STM32F4xx_HAL_Driver/Src/stm32f4xx_hal_tim_ex.o
 .debug_aranges
                0x00001118      0x208 ./Drivers/STM32F4xx_HAL_Driver/Src/stm32f4xx_hal_uart.o
 .debug_aranges
                0x00001320      0x2a8 ./Middlewares/Third_Party/FreeRTOS/Source/CMSIS_RTOS_V2/cmsis_os2.o
 .debug_aranges
                0x000015c8       0x40 ./Middlewares/Third_Party/FreeRTOS/Source/list.o
 .debug_aranges
                0x00001608      0x158 ./Middlewares/Third_Party/FreeRTOS/Source/queue.o
 .debug_aranges
                0x00001760      0x208 ./Middlewares/Third_Party/FreeRTOS/Source/tasks.o
 .debug_aranges
                0x00001968       0xf0 ./Middlewares/Third_Party/FreeRTOS/Source/timers.o
 .debug_aranges
                0x00001a58       0x80 ./Middlewares/Third_Party/FreeRTOS/Source/portable/GCC/ARM_CM4F/port.o
 .debug_aranges
                0x00001ad8       0x58 ./Middlewares/Third_Party/FreeRTOS/Source/portable/MemMang/heap_4.o

.debug_rnglists
                0x00000000     0x1517
 .debug_rnglists
                0x00000000       0x21 ./Core/Src/adc.o
 .debug_rnglists
                0x00000021       0x27 ./Core/Src/analog.o
 .debug_rnglists
                0x00000048       0x20 ./Core/Src/can.o
 .debug_rnglists
                0x00000068       0x13 ./Core/Src/dma.o
 .debug_rnglists
                0x0000007b       0x45 ./Core/Src/freertos.o
 .debug_rnglists
                0x000000c0       0x14 ./Core/Src/gpio.o
 .debug_rnglists
                0x000000d4       0x21 ./Core/Src/i2c.o
 .debug_rnglists
                0x000000f5       0x20 ./Core/Src/main.o
 .debug_rnglists
                0x00000115       0x2c ./Core/Src/powerDistribution.o
 .debug_rnglists
                0x00000141       0x13 ./Core/Src/stm32f4xx_hal_msp.o
 .debug_rnglists
                0x00000154       0x43 ./Core/Src/stm32f4xx_it.o
 .debug_rnglists
                0x00000197       0x1a ./Core/Src/system_stm32f4xx.o
 .debug_rnglists
                0x000001b1       0x2d ./Core/Src/telemetry.o
 .debug_rnglists
                0x000001de       0x20 ./Core/Src/tim.o
 .debug_rnglists
                0x000001fe       0x26 ./Core/Src/usart.o
 .debug_rnglists
                0x00000224       0x19 ./Core/Startup/startup_stm32f427vgtx.o
 .debug_rnglists
                0x0000023d       0xbb ./Drivers/STM32F4xx_HAL_Driver/Src/stm32f4xx_hal.o
 .debug_rnglists
                0x000002f8       0xb5 ./Drivers/STM32F4xx_HAL_Driver/Src/stm32f4xx_hal_adc.o
 .debug_rnglists
                0x000003ad       0xee ./Drivers/STM32F4xx_HAL_Driver/Src/stm32f4xx_hal_can.o
 .debug_rnglists
                0x0000049b       0xe0 ./Drivers/STM32F4xx_HAL_Driver/Src/stm32f4xx_hal_cortex.o
 .debug_rnglists
                0x0000057b       0x70 ./Drivers/STM32F4xx_HAL_Driver/Src/stm32f4xx_hal_dma.o
 .debug_rnglists
                0x000005eb       0x3f ./Drivers/STM32F4xx_HAL_Driver/Src/stm32f4xx_hal_gpio.o
 .debug_rnglists
                0x0000062a      0x23c ./Drivers/STM32F4xx_HAL_Driver/Src/stm32f4xx_hal_i2c.o
 .debug_rnglists
                0x00000866       0x19 ./Drivers/STM32F4xx_HAL_Driver/Src/stm32f4xx_hal_i2c_ex.o
 .debug_rnglists
                0x0000087f       0x66 ./Drivers/STM32F4xx_HAL_Driver/Src/stm32f4xx_hal_rcc.o
 .debug_rnglists
                0x000008e5      0x31a ./Drivers/STM32F4xx_HAL_Driver/Src/stm32f4xx_hal_tim.o
 .debug_rnglists
                0x00000bff      0x125 ./Drivers/STM32F4xx_HAL_Driver/Src/stm32f4xx_hal_tim_ex.o
 .debug_rnglists
                0x00000d24      0x1bc ./Drivers/STM32F4xx_HAL_Driver/Src/stm32f4xx_hal_uart.o
 .debug_rnglists
                0x00000ee0      0x20c ./Middlewares/Third_Party/FreeRTOS/Source/CMSIS_RTOS_V2/cmsis_os2.o
 .debug_rnglists
                0x000010ec       0x2b ./Middlewares/Third_Party/FreeRTOS/Source/list.o
 .debug_rnglists
                0x00001117      0x109 ./Middlewares/Third_Party/FreeRTOS/Source/queue.o
 .debug_rnglists
                0x00001220      0x1a0 ./Middlewares/Third_Party/FreeRTOS/Source/tasks.o
 .debug_rnglists
                0x000013c0       0xb8 ./Middlewares/Third_Party/FreeRTOS/Source/timers.o
 .debug_rnglists
                0x00001478       0x5d ./Middlewares/Third_Party/FreeRTOS/Source/portable/GCC/ARM_CM4F/port.o
 .debug_rnglists
                0x000014d5       0x42 ./Middlewares/Third_Party/FreeRTOS/Source/portable/MemMang/heap_4.o

.debug_macro    0x00000000    0x29af6
 .debug_macro   0x00000000      0x232 ./Core/Src/adc.o
 .debug_macro   0x00000232      0xad8 ./Core/Src/adc.o
 .debug_macro   0x00000d0a      0x2ad ./Core/Src/adc.o
 .debug_macro   0x00000fb7       0x2e ./Core/Src/adc.o
 .debug_macro   0x00000fe5       0x28 ./Core/Src/adc.o
 .debug_macro   0x0000100d       0x22 ./Core/Src/adc.o
 .debug_macro   0x0000102f       0x8e ./Core/Src/adc.o
 .debug_macro   0x000010bd       0x51 ./Core/Src/adc.o
 .debug_macro   0x0000110e      0x103 ./Core/Src/adc.o
 .debug_macro   0x00001211       0x6a ./Core/Src/adc.o
 .debug_macro   0x0000127b      0x1df ./Core/Src/adc.o
 .debug_macro   0x0000145a       0x1c ./Core/Src/adc.o
 .debug_macro   0x00001476       0x22 ./Core/Src/adc.o
 .debug_macro   0x00001498       0xfb ./Core/Src/adc.o
 .debug_macro   0x00001593     0x1011 ./Core/Src/adc.o
 .debug_macro   0x000025a4      0x11f ./Core/Src/adc.o
 .debug_macro   0x000026c3    0x178cc ./Core/Src/adc.o
 .debug_macro   0x00019f8f       0x6d ./Core/Src/adc.o
 .debug_macro   0x00019ffc     0x370a ./Core/Src/adc.o
 .debug_macro   0x0001d706      0x190 ./Core/Src/adc.o
 .debug_macro   0x0001d896       0x5c ./Core/Src/adc.o
 .debug_macro   0x0001d8f2      0xc82 ./Core/Src/adc.o
 .debug_macro   0x0001e574      0x9e9 ./Core/Src/adc.o
 .debug_macro   0x0001ef5d      0x115 ./Core/Src/adc.o
 .debug_macro   0x0001f072      0x16f ./Core/Src/adc.o
 .debug_macro   0x0001f1e1       0xa5 ./Core/Src/adc.o
 .debug_macro   0x0001f286      0x182 ./Core/Src/adc.o
 .debug_macro   0x0001f408      0x287 ./Core/Src/adc.o
 .debug_macro   0x0001f68f       0x5f ./Core/Src/adc.o
 .debug_macro   0x0001f6ee      0x236 ./Core/Src/adc.o
 .debug_macro   0x0001f924      0xb5b ./Core/Src/adc.o
 .debug_macro   0x0002047f      0x38b ./Core/Src/adc.o
 .debug_macro   0x0002080a      0x184 ./Core/Src/adc.o
 .debug_macro   0x0002098e       0xf9 ./Core/Src/adc.o
 .debug_macro   0x00020a87      0x40f ./Core/Src/adc.o
 .debug_macro   0x00020e96      0x132 ./Core/Src/adc.o
 .debug_macro   0x00020fc8      0x41d ./Core/Src/adc.o
 .debug_macro   0x000213e5       0x2e ./Core/Src/adc.o
 .debug_macro   0x00021413      0x1b5 ./Core/Src/adc.o
 .debug_macro   0x000215c8       0x22 ./Core/Src/adc.o
 .debug_macro   0x000215ea       0xd6 ./Core/Src/adc.o
 .debug_macro   0x000216c0      0x127 ./Core/Src/adc.o
 .debug_macro   0x000217e7       0xe2 ./Core/Src/adc.o
 .debug_macro   0x000218c9       0x89 ./Core/Src/adc.o
 .debug_macro   0x00021952      0x8ed ./Core/Src/adc.o
 .debug_macro   0x0002223f       0x4d ./Core/Src/adc.o
 .debug_macro   0x0002228c      0x2aa ./Core/Src/adc.o
 .debug_macro   0x00022536      0x134 ./Core/Src/adc.o
 .debug_macro   0x0002266a      0x27c ./Core/Src/adc.o
 .debug_macro   0x000228e6      0x2b8 ./Core/Src/analog.o
 .debug_macro   0x00022b9e       0x1c ./Core/Src/analog.o
 .debug_macro   0x00022bba      0x169 ./Core/Src/analog.o
 .debug_macro   0x00022d23      0x15a ./Core/Src/analog.o
 .debug_macro   0x00022e7d       0xc9 ./Core/Src/analog.o
 .debug_macro   0x00022f46       0x1c ./Core/Src/analog.o
 .debug_macro   0x00022f62       0x26 ./Core/Src/analog.o
 .debug_macro   0x00022f88      0x4c5 ./Core/Src/analog.o
 .debug_macro   0x0002344d       0x74 ./Core/Src/analog.o
 .debug_macro   0x000234c1      0x232 ./Core/Src/can.o
 .debug_macro   0x000236f3      0x232 ./Core/Src/dma.o
 .debug_macro   0x00023925      0x44f ./Core/Src/freertos.o
 .debug_macro   0x00023d74      0x169 ./Core/Src/freertos.o
 .debug_macro   0x00023edd      0x4c5 ./Core/Src/freertos.o
 .debug_macro   0x000243a2       0xb5 ./Core/Src/freertos.o
 .debug_macro   0x00024457       0xaa ./Core/Src/freertos.o
 .debug_macro   0x00024501       0x6c ./Core/Src/freertos.o
 .debug_macro   0x0002456d       0xdd ./Core/Src/freertos.o
 .debug_macro   0x0002464a       0x87 ./Core/Src/freertos.o
 .debug_macro   0x000246d1       0x22 ./Core/Src/freertos.o
 .debug_macro   0x000246f3       0x61 ./Core/Src/freertos.o
 .debug_macro   0x00024754       0x2a ./Core/Src/freertos.o
 .debug_macro   0x0002477e       0x43 ./Core/Src/freertos.o
 .debug_macro   0x000247c1       0x34 ./Core/Src/freertos.o
 .debug_macro   0x000247f5       0x16 ./Core/Src/freertos.o
 .debug_macro   0x0002480b       0x3c ./Core/Src/freertos.o
 .debug_macro   0x00024847      0x370 ./Core/Src/freertos.o
 .debug_macro   0x00024bb7       0x10 ./Core/Src/freertos.o
 .debug_macro   0x00024bc7       0x16 ./Core/Src/freertos.o
 .debug_macro   0x00024bdd       0x4a ./Core/Src/freertos.o
 .debug_macro   0x00024c27       0x34 ./Core/Src/freertos.o
 .debug_macro   0x00024c5b       0x10 ./Core/Src/freertos.o
 .debug_macro   0x00024c6b       0x58 ./Core/Src/freertos.o
 .debug_macro   0x00024cc3       0x8e ./Core/Src/freertos.o
 .debug_macro   0x00024d51       0x1c ./Core/Src/freertos.o
 .debug_macro   0x00024d6d      0x185 ./Core/Src/freertos.o
 .debug_macro   0x00024ef2       0x16 ./Core/Src/freertos.o
 .debug_macro   0x00024f08       0x16 ./Core/Src/freertos.o
 .debug_macro   0x00024f1e      0x146 ./Core/Src/freertos.o
 .debug_macro   0x00025064       0x16 ./Core/Src/freertos.o
 .debug_macro   0x0002507a       0x20 ./Core/Src/freertos.o
 .debug_macro   0x0002509a       0x16 ./Core/Src/freertos.o
 .debug_macro   0x000250b0       0x58 ./Core/Src/freertos.o
 .debug_macro   0x00025108      0x232 ./Core/Src/gpio.o
 .debug_macro   0x0002533a      0x232 ./Core/Src/i2c.o
 .debug_macro   0x0002556c      0x46f ./Core/Src/main.o
 .debug_macro   0x000259db       0x66 ./Core/Src/main.o
 .debug_macro   0x00025a41      0x40f ./Core/Src/powerDistribution.o
 .debug_macro   0x00025e50      0x228 ./Core/Src/stm32f4xx_hal_msp.o
 .debug_macro   0x00026078      0x29a ./Core/Src/stm32f4xx_it.o
 .debug_macro   0x00026312      0x219 ./Core/Src/system_stm32f4xx.o
 .debug_macro   0x0002652b      0x413 ./Core/Src/telemetry.o
 .debug_macro   0x0002693e      0x232 ./Core/Src/tim.o
 .debug_macro   0x00026b70      0x232 ./Core/Src/usart.o
 .debug_macro   0x00026da2      0x279 ./Drivers/STM32F4xx_HAL_Driver/Src/stm32f4xx_hal.o
 .debug_macro   0x0002701b      0x21a ./Drivers/STM32F4xx_HAL_Driver/Src/stm32f4xx_hal_adc.o
 .debug_macro   0x00027235      0x228 ./Drivers/STM32F4xx_HAL_Driver/Src/stm32f4xx_hal_can.o
 .debug_macro   0x0002745d      0x219 ./Drivers/STM32F4xx_HAL_Driver/Src/stm32f4xx_hal_cortex.o
 .debug_macro   0x00027676      0x21f ./Drivers/STM32F4xx_HAL_Driver/Src/stm32f4xx_hal_dma.o
 .debug_macro   0x00027895      0x21f ./Drivers/STM32F4xx_HAL_Driver/Src/stm32f4xx_hal_gpio.o
 .debug_macro   0x00027ab4      0x267 ./Drivers/STM32F4xx_HAL_Driver/Src/stm32f4xx_hal_i2c.o
 .debug_macro   0x00027d1b      0x219 ./Drivers/STM32F4xx_HAL_Driver/Src/stm32f4xx_hal_i2c_ex.o
 .debug_macro   0x00027f34      0x23d ./Drivers/STM32F4xx_HAL_Driver/Src/stm32f4xx_hal_rcc.o
 .debug_macro   0x00028171      0x21a ./Drivers/STM32F4xx_HAL_Driver/Src/stm32f4xx_hal_tim.o
 .debug_macro   0x0002838b      0x219 ./Drivers/STM32F4xx_HAL_Driver/Src/stm32f4xx_hal_tim_ex.o
 .debug_macro   0x000285a4      0x21a ./Drivers/STM32F4xx_HAL_Driver/Src/stm32f4xx_hal_uart.o
 .debug_macro   0x000287be      0x410 ./Middlewares/Third_Party/FreeRTOS/Source/CMSIS_RTOS_V2/cmsis_os2.o
 .debug_macro   0x00028bce       0x10 ./Middlewares/Third_Party/FreeRTOS/Source/CMSIS_RTOS_V2/cmsis_os2.o
 .debug_macro   0x00028bde       0x10 ./Middlewares/Third_Party/FreeRTOS/Source/CMSIS_RTOS_V2/cmsis_os2.o
 .debug_macro   0x00028bee       0xf5 ./Middlewares/Third_Party/FreeRTOS/Source/CMSIS_RTOS_V2/cmsis_os2.o
 .debug_macro   0x00028ce3       0x91 ./Middlewares/Third_Party/FreeRTOS/Source/CMSIS_RTOS_V2/cmsis_os2.o
 .debug_macro   0x00028d74       0x8d ./Middlewares/Third_Party/FreeRTOS/Source/CMSIS_RTOS_V2/cmsis_os2.o
 .debug_macro   0x00028e01       0x9a ./Middlewares/Third_Party/FreeRTOS/Source/CMSIS_RTOS_V2/cmsis_os2.o
 .debug_macro   0x00028e9b       0x22 ./Middlewares/Third_Party/FreeRTOS/Source/CMSIS_RTOS_V2/cmsis_os2.o
 .debug_macro   0x00028ebd       0x56 ./Middlewares/Third_Party/FreeRTOS/Source/CMSIS_RTOS_V2/cmsis_os2.o
 .debug_macro   0x00028f13      0x187 ./Middlewares/Third_Party/FreeRTOS/Source/list.o
 .debug_macro   0x0002909a      0x216 ./Middlewares/Third_Party/FreeRTOS/Source/queue.o
 .debug_macro   0x000292b0      0x27f ./Middlewares/Third_Party/FreeRTOS/Source/tasks.o
 .debug_macro   0x0002952f       0x10 ./Middlewares/Third_Party/FreeRTOS/Source/tasks.o
 .debug_macro   0x0002953f      0x1dc ./Middlewares/Third_Party/FreeRTOS/Source/timers.o
 .debug_macro   0x0002971b       0x97 ./Middlewares/Third_Party/FreeRTOS/Source/timers.o
 .debug_macro   0x000297b2      0x196 ./Middlewares/Third_Party/FreeRTOS/Source/portable/GCC/ARM_CM4F/port.o
 .debug_macro   0x00029948      0x1ae ./Middlewares/Third_Party/FreeRTOS/Source/portable/MemMang/heap_4.o

.debug_line     0x00000000    0x23507
 .debug_line    0x00000000      0x9a1 ./Core/Src/adc.o
 .debug_line    0x000009a1      0x9d0 ./Core/Src/analog.o
 .debug_line    0x00001371      0x849 ./Core/Src/can.o
 .debug_line    0x00001bba      0x7d1 ./Core/Src/dma.o
 .debug_line    0x0000238b      0xcaa ./Core/Src/freertos.o
 .debug_line    0x00003035      0x877 ./Core/Src/gpio.o
 .debug_line    0x000038ac      0x85e ./Core/Src/i2c.o
 .debug_line    0x0000410a      0xbb9 ./Core/Src/main.o
 .debug_line    0x00004cc3      0xb96 ./Core/Src/powerDistribution.o
 .debug_line    0x00005859      0x7d6 ./Core/Src/stm32f4xx_hal_msp.o
 .debug_line    0x0000602f      0x99e ./Core/Src/stm32f4xx_it.o
 .debug_line    0x000069cd      0x84b ./Core/Src/system_stm32f4xx.o
 .debug_line    0x00007218      0xbbc ./Core/Src/telemetry.o
 .debug_line    0x00007dd4      0x873 ./Core/Src/tim.o
 .debug_line    0x00008647      0x8b4 ./Core/Src/usart.o
 .debug_line    0x00008efb       0x7a ./Core/Startup/startup_stm32f427vgtx.o
 .debug_line    0x00008f75      0xafd ./Drivers/STM32F4xx_HAL_Driver/Src/stm32f4xx_hal.o